Command line invocation:
    /Applications/Xcode.app/Contents/Developer/usr/bin/xcodebuild build -project KM.xcodeproj -scheme KM -destination platform=macOS CODE_SIGNING_ALLOWED=NO CODE_SIGNING_REQUIRED=NO CODE_SIGN_IDENTITY=

Build settings from command line:
    CODE_SIGN_IDENTITY = 
    CODE_SIGNING_ALLOWED = NO
    CODE_SIGNING_REQUIRED = NO

Resolve Package Graph


Resolved source packages:
  swift-snapshot-testing: https://github.com/pointfreeco/swift-snapshot-testing @ 1.19.2
  swift-syntax: https://github.com/swiftlang/swift-syntax @ 603.0.1
  GRDB: https://github.com/groue/GRDB.swift.git @ 6.29.3
  swift-custom-dump: https://github.com/pointfreeco/swift-custom-dump @ 1.5.0
  xctest-dynamic-overlay: https://github.com/pointfreeco/xctest-dynamic-overlay @ 1.9.0

note: Using codesigning identity override: 
ComputePackagePrebuildTargetDependencyGraph

Prepare packages

CreateBuildRequest

SendProjectDescription

CreateBuildOperation

ComputeTargetDependencyGraph
note: Building targets in dependency order
note: Target dependency graph (5 targets)
    Target 'KM' in project 'KM'
        ➜ Explicit dependency on target 'GRDB' in project 'GRDB'
    Target 'GRDB' in project 'GRDB'
        ➜ Explicit dependency on target 'GRDB' in project 'GRDB'
        ➜ Explicit dependency on target 'GRDB_GRDB' in project 'GRDB'
    Target 'GRDB' in project 'GRDB'
        ➜ Explicit dependency on target 'GRDB_GRDB' in project 'GRDB'
        ➜ Explicit dependency on target 'CSQLite' in project 'GRDB'
    Target 'CSQLite' in project 'GRDB' (no dependencies)
    Target 'GRDB_GRDB' in project 'GRDB' (no dependencies)

GatherProvisioningInputs

CreateBuildDescription

ExecuteExternalTool /Applications/Xcode.app/Contents/Developer/Toolchains/XcodeDefault.xctoolchain/usr/bin/clang -v -E -dM -isysroot /Applications/Xcode.app/Contents/Developer/Platforms/iPhoneOS.platform/Developer/SDKs/iPhoneOS26.4.sdk -x c -c /dev/null

ExecuteExternalTool /Applications/Xcode.app/Contents/Developer/usr/bin/ibtool --version --output-format xml1

ExecuteExternalTool /Applications/Xcode.app/Contents/Developer/usr/bin/actool --print-asset-tag-combinations --output-format xml1 /Users/constantine/Documents/work/code/projects/km/Sources/Assets.xcassets

ExecuteExternalTool /Applications/Xcode.app/Contents/Developer/Toolchains/XcodeDefault.xctoolchain/usr/bin/swiftc --version

ExecuteExternalTool /Applications/Xcode.app/Contents/Developer/Toolchains/XcodeDefault.xctoolchain/usr/bin/ld -version_details

ReadFileContents /Applications/Xcode.app/Contents/Developer/Toolchains/XcodeDefault.xctoolchain/usr/share/docc/features.json

ExecuteExternalTool /Applications/Xcode.app/Contents/Developer/usr/bin/xcstringstool compile --dry-run --output-directory /Users/constantine/Library/Developer/Xcode/DerivedData/KM-dumqlooxnczgiebhdhmwylfdzlpq/Build/Intermediates.noindex/KM.build/Debug-iphoneos/KM.build /Users/constantine/Documents/work/code/projects/km/Sources/Localization/AITasks.xcstrings

ExecuteExternalTool /Applications/Xcode.app/Contents/Developer/usr/bin/actool --version --output-format xml1

ExecuteExternalTool /Applications/Xcode.app/Contents/Developer/usr/bin/xcstringstool compile --dry-run --output-directory /Users/constantine/Library/Developer/Xcode/DerivedData/KM-dumqlooxnczgiebhdhmwylfdzlpq/Build/Intermediates.noindex/KM.build/Debug-iphoneos/KM.build /Users/constantine/Documents/work/code/projects/km/Sources/Localization/Accessibility.xcstrings

ExecuteExternalTool /Applications/Xcode.app/Contents/Developer/usr/bin/xcstringstool compile --dry-run --output-directory /Users/constantine/Library/Developer/Xcode/DerivedData/KM-dumqlooxnczgiebhdhmwylfdzlpq/Build/Intermediates.noindex/KM.build/Debug-iphoneos/KM.build /Users/constantine/Documents/work/code/projects/km/Sources/Localization/Actions.xcstrings

ExecuteExternalTool /Applications/Xcode.app/Contents/Developer/usr/bin/xcstringstool compile --dry-run --output-directory /Users/constantine/Library/Developer/Xcode/DerivedData/KM-dumqlooxnczgiebhdhmwylfdzlpq/Build/Intermediates.noindex/KM.build/Debug-iphoneos/KM.build /Users/constantine/Documents/work/code/projects/km/Sources/Localization/Backup.xcstrings

ExecuteExternalTool /Applications/Xcode.app/Contents/Developer/usr/bin/xcstringstool compile --dry-run --output-directory /Users/constantine/Library/Developer/Xcode/DerivedData/KM-dumqlooxnczgiebhdhmwylfdzlpq/Build/Intermediates.noindex/KM.build/Debug-iphoneos/KM.build /Users/constantine/Documents/work/code/projects/km/Sources/Localization/Chat.xcstrings

ExecuteExternalTool /Applications/Xcode.app/Contents/Developer/usr/bin/xcstringstool compile --dry-run --output-directory /Users/constantine/Library/Developer/Xcode/DerivedData/KM-dumqlooxnczgiebhdhmwylfdzlpq/Build/Intermediates.noindex/KM.build/Debug-iphoneos/KM.build /Users/constantine/Documents/work/code/projects/km/Sources/Localization/Coachmark.xcstrings

ExecuteExternalTool /Applications/Xcode.app/Contents/Developer/usr/bin/xcstringstool compile --dry-run --output-directory /Users/constantine/Library/Developer/Xcode/DerivedData/KM-dumqlooxnczgiebhdhmwylfdzlpq/Build/Intermediates.noindex/KM.build/Debug-iphoneos/KM.build /Users/constantine/Documents/work/code/projects/km/Sources/Localization/Collaboration.xcstrings

ExecuteExternalTool /Applications/Xcode.app/Contents/Developer/usr/bin/xcstringstool compile --dry-run --output-directory /Users/constantine/Library/Developer/Xcode/DerivedData/KM-dumqlooxnczgiebhdhmwylfdzlpq/Build/Intermediates.noindex/KM.build/Debug-iphoneos/KM.build /Users/constantine/Documents/work/code/projects/km/Sources/Localization/Common.xcstrings

ExecuteExternalTool /Applications/Xcode.app/Contents/Developer/usr/bin/xcstringstool compile --dry-run --output-directory /Users/constantine/Library/Developer/Xcode/DerivedData/KM-dumqlooxnczgiebhdhmwylfdzlpq/Build/Intermediates.noindex/KM.build/Debug-iphoneos/KM.build /Users/constantine/Documents/work/code/projects/km/Sources/Localization/Components.xcstrings

ExecuteExternalTool /Applications/Xcode.app/Contents/Developer/usr/bin/xcstringstool compile --dry-run --output-directory /Users/constantine/Library/Developer/Xcode/DerivedData/KM-dumqlooxnczgiebhdhmwylfdzlpq/Build/Intermediates.noindex/KM.build/Debug-iphoneos/KM.build /Users/constantine/Documents/work/code/projects/km/Sources/Localization/CoreModels.xcstrings

ExecuteExternalTool /Applications/Xcode.app/Contents/Developer/usr/bin/xcstringstool compile --dry-run --output-directory /Users/constantine/Library/Developer/Xcode/DerivedData/KM-dumqlooxnczgiebhdhmwylfdzlpq/Build/Intermediates.noindex/KM.build/Debug-iphoneos/KM.build /Users/constantine/Documents/work/code/projects/km/Sources/Localization/Creation.xcstrings

ExecuteExternalTool /Applications/Xcode.app/Contents/Developer/usr/bin/xcstringstool compile --dry-run --output-directory /Users/constantine/Library/Developer/Xcode/DerivedData/KM-dumqlooxnczgiebhdhmwylfdzlpq/Build/Intermediates.noindex/KM.build/Debug-iphoneos/KM.build /Users/constantine/Documents/work/code/projects/km/Sources/Localization/Dashboard.xcstrings

ExecuteExternalTool /Applications/Xcode.app/Contents/Developer/usr/bin/xcstringstool compile --dry-run --output-directory /Users/constantine/Library/Developer/Xcode/DerivedData/KM-dumqlooxnczgiebhdhmwylfdzlpq/Build/Intermediates.noindex/KM.build/Debug-iphoneos/KM.build /Users/constantine/Documents/work/code/projects/km/Sources/Localization/Editor.xcstrings

ExecuteExternalTool /Applications/Xcode.app/Contents/Developer/usr/bin/xcstringstool compile --dry-run --output-directory /Users/constantine/Library/Developer/Xcode/DerivedData/KM-dumqlooxnczgiebhdhmwylfdzlpq/Build/Intermediates.noindex/KM.build/Debug-iphoneos/KM.build /Users/constantine/Documents/work/code/projects/km/Sources/Localization/Graph.xcstrings

ExecuteExternalTool /Applications/Xcode.app/Contents/Developer/usr/bin/xcstringstool compile --dry-run --output-directory /Users/constantine/Library/Developer/Xcode/DerivedData/KM-dumqlooxnczgiebhdhmwylfdzlpq/Build/Intermediates.noindex/KM.build/Debug-iphoneos/KM.build /Users/constantine/Documents/work/code/projects/km/Sources/Localization/ICloud.xcstrings

ExecuteExternalTool /Applications/Xcode.app/Contents/Developer/usr/bin/xcstringstool compile --dry-run --output-directory /Users/constantine/Library/Developer/Xcode/DerivedData/KM-dumqlooxnczgiebhdhmwylfdzlpq/Build/Intermediates.noindex/KM.build/Debug-iphoneos/KM.build /Users/constantine/Documents/work/code/projects/km/Sources/Localization/InfoPlist.xcstrings

ExecuteExternalTool /Applications/Xcode.app/Contents/Developer/usr/bin/xcstringstool compile --dry-run --output-directory /Users/constantine/Library/Developer/Xcode/DerivedData/KM-dumqlooxnczgiebhdhmwylfdzlpq/Build/Intermediates.noindex/KM.build/Debug-iphoneos/KM.build /Users/constantine/Documents/work/code/projects/km/Sources/Localization/Ingest.xcstrings

ExecuteExternalTool /Applications/Xcode.app/Contents/Developer/usr/bin/xcstringstool compile --dry-run --output-directory /Users/constantine/Library/Developer/Xcode/DerivedData/KM-dumqlooxnczgiebhdhmwylfdzlpq/Build/Intermediates.noindex/KM.build/Debug-iphoneos/KM.build /Users/constantine/Documents/work/code/projects/km/Sources/Localization/Lint.xcstrings

ExecuteExternalTool /Applications/Xcode.app/Contents/Developer/usr/bin/xcstringstool compile --dry-run --output-directory /Users/constantine/Library/Developer/Xcode/DerivedData/KM-dumqlooxnczgiebhdhmwylfdzlpq/Build/Intermediates.noindex/KM.build/Debug-iphoneos/KM.build /Users/constantine/Documents/work/code/projects/km/Sources/Localization/Localizable.xcstrings

ExecuteExternalTool /Applications/Xcode.app/Contents/Developer/usr/bin/xcstringstool compile --dry-run --output-directory /Users/constantine/Library/Developer/Xcode/DerivedData/KM-dumqlooxnczgiebhdhmwylfdzlpq/Build/Intermediates.noindex/KM.build/Debug-iphoneos/KM.build /Users/constantine/Documents/work/code/projects/km/Sources/Localization/Schema.xcstrings

ExecuteExternalTool /Applications/Xcode.app/Contents/Developer/usr/bin/xcstringstool compile --dry-run --output-directory /Users/constantine/Library/Developer/Xcode/DerivedData/KM-dumqlooxnczgiebhdhmwylfdzlpq/Build/Intermediates.noindex/KM.build/Debug-iphoneos/KM.build /Users/constantine/Documents/work/code/projects/km/Sources/Localization/Settings.xcstrings

ExecuteExternalTool /Applications/Xcode.app/Contents/Developer/usr/bin/xcstringstool compile --dry-run --output-directory /Users/constantine/Library/Developer/Xcode/DerivedData/KM-dumqlooxnczgiebhdhmwylfdzlpq/Build/Intermediates.noindex/KM.build/Debug-iphoneos/KM.build /Users/constantine/Documents/work/code/projects/km/Sources/Localization/Transfer.xcstrings

ExecuteExternalTool /Applications/Xcode.app/Contents/Developer/usr/bin/xcstringstool compile --dry-run --output-directory /Users/constantine/Library/Developer/Xcode/DerivedData/KM-dumqlooxnczgiebhdhmwylfdzlpq/Build/Intermediates.noindex/KM.build/Debug-iphoneos/KM.build /Users/constantine/Documents/work/code/projects/km/Sources/Localization/Watch.xcstrings

ExecuteExternalTool /Applications/Xcode.app/Contents/Developer/usr/bin/xcstringstool compile --dry-run --output-directory /Users/constantine/Library/Developer/Xcode/DerivedData/KM-dumqlooxnczgiebhdhmwylfdzlpq/Build/Intermediates.noindex/KM.build/Debug-iphoneos/KM.build /Users/constantine/Documents/work/code/projects/km/Sources/Localization/Widget.xcstrings

Build description signature: 635b3af9a430edb474cffe42db8eb232
Build description path: /Users/constantine/Library/Developer/Xcode/DerivedData/KM-dumqlooxnczgiebhdhmwylfdzlpq/Build/Intermediates.noindex/XCBuildData/635b3af9a430edb474cffe42db8eb232.xcbuilddata
ClangStatCache /Applications/Xcode.app/Contents/Developer/Toolchains/XcodeDefault.xctoolchain/usr/bin/clang-stat-cache /Applications/Xcode.app/Contents/Developer/Platforms/iPhoneOS.platform/Developer/SDKs/iPhoneOS26.4.sdk /Users/constantine/Library/Developer/Xcode/DerivedData/SDKStatCaches.noindex/iphoneos26.4-23E252-68a138bb55de9ba35ce6c8c40d12849e.sdkstatcache
    cd /Users/constantine/Documents/work/code/projects/km/KM.xcodeproj
    /Applications/Xcode.app/Contents/Developer/Toolchains/XcodeDefault.xctoolchain/usr/bin/clang-stat-cache /Applications/Xcode.app/Contents/Developer/Platforms/iPhoneOS.platform/Developer/SDKs/iPhoneOS26.4.sdk -o /Users/constantine/Library/Developer/Xcode/DerivedData/SDKStatCaches.noindex/iphoneos26.4-23E252-68a138bb55de9ba35ce6c8c40d12849e.sdkstatcache

CreateBuildDirectory /Users/constantine/Library/Developer/Xcode/DerivedData/KM-dumqlooxnczgiebhdhmwylfdzlpq/Build/Intermediates.noindex/EagerLinkingTBDs/Debug-iphoneos
    cd /Users/constantine/Documents/work/code/projects/km/KM.xcodeproj
    builtin-create-build-directory /Users/constantine/Library/Developer/Xcode/DerivedData/KM-dumqlooxnczgiebhdhmwylfdzlpq/Build/Intermediates.noindex/EagerLinkingTBDs/Debug-iphoneos

WriteAuxiliaryFile /Users/constantine/Library/Developer/Xcode/DerivedData/KM-dumqlooxnczgiebhdhmwylfdzlpq/Build/Intermediates.noindex/KM.build/Debug-iphoneos/KM-05e6cc8c0e79676be58e6679ba008eb7-VFS-iphoneos/all-product-headers.yaml
    cd /Users/constantine/Documents/work/code/projects/km/KM.xcodeproj
    write-file /Users/constantine/Library/Developer/Xcode/DerivedData/KM-dumqlooxnczgiebhdhmwylfdzlpq/Build/Intermediates.noindex/KM.build/Debug-iphoneos/KM-05e6cc8c0e79676be58e6679ba008eb7-VFS-iphoneos/all-product-headers.yaml

CreateBuildDirectory /Users/constantine/Library/Developer/Xcode/DerivedData/KM-dumqlooxnczgiebhdhmwylfdzlpq/Build/Products/Debug-iphoneos
    cd /Users/constantine/Documents/work/code/projects/km/KM.xcodeproj
    builtin-create-build-directory /Users/constantine/Library/Developer/Xcode/DerivedData/KM-dumqlooxnczgiebhdhmwylfdzlpq/Build/Products/Debug-iphoneos

CreateBuildDirectory /Users/constantine/Library/Developer/Xcode/DerivedData/KM-dumqlooxnczgiebhdhmwylfdzlpq/Build/Products/Debug-iphoneos/PackageFrameworks
    cd /Users/constantine/Documents/work/code/projects/km/KM.xcodeproj
    builtin-create-build-directory /Users/constantine/Library/Developer/Xcode/DerivedData/KM-dumqlooxnczgiebhdhmwylfdzlpq/Build/Products/Debug-iphoneos/PackageFrameworks

WriteAuxiliaryFile /Users/constantine/Library/Developer/Xcode/DerivedData/KM-dumqlooxnczgiebhdhmwylfdzlpq/Build/Intermediates.noindex/KM.build/Debug-iphoneos/KM.build/KM.hmap (in target 'KM' from project 'KM')
    cd /Users/constantine/Documents/work/code/projects/km
    write-file /Users/constantine/Library/Developer/Xcode/DerivedData/KM-dumqlooxnczgiebhdhmwylfdzlpq/Build/Intermediates.noindex/KM.build/Debug-iphoneos/KM.build/KM.hmap

WriteAuxiliaryFile /Users/constantine/Library/Developer/Xcode/DerivedData/KM-dumqlooxnczgiebhdhmwylfdzlpq/Build/Intermediates.noindex/KM.build/Debug-iphoneos/KM.build/KM.DependencyMetadataFileList (in target 'KM' from project 'KM')
    cd /Users/constantine/Documents/work/code/projects/km
    write-file /Users/constantine/Library/Developer/Xcode/DerivedData/KM-dumqlooxnczgiebhdhmwylfdzlpq/Build/Intermediates.noindex/KM.build/Debug-iphoneos/KM.build/KM.DependencyMetadataFileList

WriteAuxiliaryFile /Users/constantine/Library/Developer/Xcode/DerivedData/KM-dumqlooxnczgiebhdhmwylfdzlpq/Build/Intermediates.noindex/KM.build/Debug-iphoneos/KM.build/KM.DependencyStaticMetadataFileList (in target 'KM' from project 'KM')
    cd /Users/constantine/Documents/work/code/projects/km
    write-file /Users/constantine/Library/Developer/Xcode/DerivedData/KM-dumqlooxnczgiebhdhmwylfdzlpq/Build/Intermediates.noindex/KM.build/Debug-iphoneos/KM.build/KM.DependencyStaticMetadataFileList

WriteAuxiliaryFile /Users/constantine/Library/Developer/Xcode/DerivedData/KM-dumqlooxnczgiebhdhmwylfdzlpq/Build/Intermediates.noindex/KM.build/Debug-iphoneos/KM.build/KM-project-headers.hmap (in target 'KM' from project 'KM')
    cd /Users/constantine/Documents/work/code/projects/km
    write-file /Users/constantine/Library/Developer/Xcode/DerivedData/KM-dumqlooxnczgiebhdhmwylfdzlpq/Build/Intermediates.noindex/KM.build/Debug-iphoneos/KM.build/KM-project-headers.hmap

WriteAuxiliaryFile /Users/constantine/Library/Developer/Xcode/DerivedData/KM-dumqlooxnczgiebhdhmwylfdzlpq/Build/Intermediates.noindex/KM.build/Debug-iphoneos/KM.build/KM-generated-files.hmap (in target 'KM' from project 'KM')
    cd /Users/constantine/Documents/work/code/projects/km
    write-file /Users/constantine/Library/Developer/Xcode/DerivedData/KM-dumqlooxnczgiebhdhmwylfdzlpq/Build/Intermediates.noindex/KM.build/Debug-iphoneos/KM.build/KM-generated-files.hmap

WriteAuxiliaryFile /Users/constantine/Library/Developer/Xcode/DerivedData/KM-dumqlooxnczgiebhdhmwylfdzlpq/Build/Intermediates.noindex/KM.build/Debug-iphoneos/KM.build/KM-own-target-headers.hmap (in target 'KM' from project 'KM')
    cd /Users/constantine/Documents/work/code/projects/km
    write-file /Users/constantine/Library/Developer/Xcode/DerivedData/KM-dumqlooxnczgiebhdhmwylfdzlpq/Build/Intermediates.noindex/KM.build/Debug-iphoneos/KM.build/KM-own-target-headers.hmap

WriteAuxiliaryFile /Users/constantine/Library/Developer/Xcode/DerivedData/KM-dumqlooxnczgiebhdhmwylfdzlpq/Build/Intermediates.noindex/KM.build/Debug-iphoneos/KM.build/Objects-normal/arm64/KM.SwiftFileList (in target 'KM' from project 'KM')
    cd /Users/constantine/Documents/work/code/projects/km
    write-file /Users/constantine/Library/Developer/Xcode/DerivedData/KM-dumqlooxnczgiebhdhmwylfdzlpq/Build/Intermediates.noindex/KM.build/Debug-iphoneos/KM.build/Objects-normal/arm64/KM.SwiftFileList

WriteAuxiliaryFile /Users/constantine/Library/Developer/Xcode/DerivedData/KM-dumqlooxnczgiebhdhmwylfdzlpq/Build/Intermediates.noindex/KM.build/Debug-iphoneos/KM.build/Objects-normal/arm64/KM-OutputFileMap.json (in target 'KM' from project 'KM')
    cd /Users/constantine/Documents/work/code/projects/km
    write-file /Users/constantine/Library/Developer/Xcode/DerivedData/KM-dumqlooxnczgiebhdhmwylfdzlpq/Build/Intermediates.noindex/KM.build/Debug-iphoneos/KM.build/Objects-normal/arm64/KM-OutputFileMap.json

WriteAuxiliaryFile /Users/constantine/Library/Developer/Xcode/DerivedData/KM-dumqlooxnczgiebhdhmwylfdzlpq/Build/Intermediates.noindex/KM.build/Debug-iphoneos/KM.build/KM-all-target-headers.hmap (in target 'KM' from project 'KM')
    cd /Users/constantine/Documents/work/code/projects/km
    write-file /Users/constantine/Library/Developer/Xcode/DerivedData/KM-dumqlooxnczgiebhdhmwylfdzlpq/Build/Intermediates.noindex/KM.build/Debug-iphoneos/KM.build/KM-all-target-headers.hmap

WriteAuxiliaryFile /Users/constantine/Library/Developer/Xcode/DerivedData/KM-dumqlooxnczgiebhdhmwylfdzlpq/Build/Intermediates.noindex/KM.build/Debug-iphoneos/KM.build/KM-all-non-framework-target-headers.hmap (in target 'KM' from project 'KM')
    cd /Users/constantine/Documents/work/code/projects/km
    write-file /Users/constantine/Library/Developer/Xcode/DerivedData/KM-dumqlooxnczgiebhdhmwylfdzlpq/Build/Intermediates.noindex/KM.build/Debug-iphoneos/KM.build/KM-all-non-framework-target-headers.hmap

WriteAuxiliaryFile /Users/constantine/Library/Developer/Xcode/DerivedData/KM-dumqlooxnczgiebhdhmwylfdzlpq/Build/Intermediates.noindex/KM.build/Debug-iphoneos/KM.build/KM-DebugDylibPath-normal-arm64.txt (in target 'KM' from project 'KM')
    cd /Users/constantine/Documents/work/code/projects/km
    write-file /Users/constantine/Library/Developer/Xcode/DerivedData/KM-dumqlooxnczgiebhdhmwylfdzlpq/Build/Intermediates.noindex/KM.build/Debug-iphoneos/KM.build/KM-DebugDylibPath-normal-arm64.txt

WriteAuxiliaryFile /Users/constantine/Library/Developer/Xcode/DerivedData/KM-dumqlooxnczgiebhdhmwylfdzlpq/Build/Intermediates.noindex/KM.build/Debug-iphoneos/KM.build/Objects-normal/arm64/KM_const_extract_protocols.json (in target 'KM' from project 'KM')
    cd /Users/constantine/Documents/work/code/projects/km
    write-file /Users/constantine/Library/Developer/Xcode/DerivedData/KM-dumqlooxnczgiebhdhmwylfdzlpq/Build/Intermediates.noindex/KM.build/Debug-iphoneos/KM.build/Objects-normal/arm64/KM_const_extract_protocols.json

WriteAuxiliaryFile /Users/constantine/Library/Developer/Xcode/DerivedData/KM-dumqlooxnczgiebhdhmwylfdzlpq/Build/Intermediates.noindex/KM.build/Debug-iphoneos/KM.build/Objects-normal/arm64/KM.SwiftConstValuesFileList (in target 'KM' from project 'KM')
    cd /Users/constantine/Documents/work/code/projects/km
    write-file /Users/constantine/Library/Developer/Xcode/DerivedData/KM-dumqlooxnczgiebhdhmwylfdzlpq/Build/Intermediates.noindex/KM.build/Debug-iphoneos/KM.build/Objects-normal/arm64/KM.SwiftConstValuesFileList

WriteAuxiliaryFile /Users/constantine/Library/Developer/Xcode/DerivedData/KM-dumqlooxnczgiebhdhmwylfdzlpq/Build/Intermediates.noindex/KM.build/Debug-iphoneos/KM.build/KM-DebugDylibInstallName-normal-arm64.txt (in target 'KM' from project 'KM')
    cd /Users/constantine/Documents/work/code/projects/km
    write-file /Users/constantine/Library/Developer/Xcode/DerivedData/KM-dumqlooxnczgiebhdhmwylfdzlpq/Build/Intermediates.noindex/KM.build/Debug-iphoneos/KM.build/KM-DebugDylibInstallName-normal-arm64.txt

WriteAuxiliaryFile /Users/constantine/Library/Developer/Xcode/DerivedData/KM-dumqlooxnczgiebhdhmwylfdzlpq/Build/Intermediates.noindex/KM.build/Debug-iphoneos/KM.build/Objects-normal/arm64/KM.LinkFileList (in target 'KM' from project 'KM')
    cd /Users/constantine/Documents/work/code/projects/km
    write-file /Users/constantine/Library/Developer/Xcode/DerivedData/KM-dumqlooxnczgiebhdhmwylfdzlpq/Build/Intermediates.noindex/KM.build/Debug-iphoneos/KM.build/Objects-normal/arm64/KM.LinkFileList

WriteAuxiliaryFile /Users/constantine/Library/Developer/Xcode/DerivedData/KM-dumqlooxnczgiebhdhmwylfdzlpq/Build/Intermediates.noindex/GRDB.build/Debug-iphoneos/GRDB_GRDB.build/empty-GRDB_GRDB.plist (in target 'GRDB_GRDB' from project 'GRDB')
    cd /Users/constantine/Library/Developer/Xcode/DerivedData/KM-dumqlooxnczgiebhdhmwylfdzlpq/SourcePackages/checkouts/GRDB.swift
    write-file /Users/constantine/Library/Developer/Xcode/DerivedData/KM-dumqlooxnczgiebhdhmwylfdzlpq/Build/Intermediates.noindex/GRDB.build/Debug-iphoneos/GRDB_GRDB.build/empty-GRDB_GRDB.plist

WriteAuxiliaryFile /Users/constantine/Library/Developer/Xcode/DerivedData/KM-dumqlooxnczgiebhdhmwylfdzlpq/Build/Intermediates.noindex/GRDB.build/Debug-iphoneos/GRDB_GRDB.build/GRDB_GRDB.DependencyStaticMetadataFileList (in target 'GRDB_GRDB' from project 'GRDB')
    cd /Users/constantine/Library/Developer/Xcode/DerivedData/KM-dumqlooxnczgiebhdhmwylfdzlpq/SourcePackages/checkouts/GRDB.swift
    write-file /Users/constantine/Library/Developer/Xcode/DerivedData/KM-dumqlooxnczgiebhdhmwylfdzlpq/Build/Intermediates.noindex/GRDB.build/Debug-iphoneos/GRDB_GRDB.build/GRDB_GRDB.DependencyStaticMetadataFileList

WriteAuxiliaryFile /Users/constantine/Library/Developer/Xcode/DerivedData/KM-dumqlooxnczgiebhdhmwylfdzlpq/Build/Intermediates.noindex/GRDB.build/Debug-iphoneos/GRDB_GRDB.build/GRDB_GRDB.DependencyMetadataFileList (in target 'GRDB_GRDB' from project 'GRDB')
    cd /Users/constantine/Library/Developer/Xcode/DerivedData/KM-dumqlooxnczgiebhdhmwylfdzlpq/SourcePackages/checkouts/GRDB.swift
    write-file /Users/constantine/Library/Developer/Xcode/DerivedData/KM-dumqlooxnczgiebhdhmwylfdzlpq/Build/Intermediates.noindex/GRDB.build/Debug-iphoneos/GRDB_GRDB.build/GRDB_GRDB.DependencyMetadataFileList

WriteAuxiliaryFile /Users/constantine/Library/Developer/Xcode/DerivedData/KM-dumqlooxnczgiebhdhmwylfdzlpq/Build/Intermediates.noindex/GRDB.build/Debug-iphoneos/GRDB.build/GRDB.modulemap (in target 'GRDB' from project 'GRDB')
    cd /Users/constantine/Library/Developer/Xcode/DerivedData/KM-dumqlooxnczgiebhdhmwylfdzlpq/SourcePackages/checkouts/GRDB.swift
    write-file /Users/constantine/Library/Developer/Xcode/DerivedData/KM-dumqlooxnczgiebhdhmwylfdzlpq/Build/Intermediates.noindex/GRDB.build/Debug-iphoneos/GRDB.build/GRDB.modulemap

WriteAuxiliaryFile /Users/constantine/Library/Developer/Xcode/DerivedData/KM-dumqlooxnczgiebhdhmwylfdzlpq/Build/Intermediates.noindex/GRDB.build/Debug-iphoneos/GRDB.build/Objects-normal/arm64/GRDB.SwiftFileList (in target 'GRDB' from project 'GRDB')
    cd /Users/constantine/Library/Developer/Xcode/DerivedData/KM-dumqlooxnczgiebhdhmwylfdzlpq/SourcePackages/checkouts/GRDB.swift
    write-file /Users/constantine/Library/Developer/Xcode/DerivedData/KM-dumqlooxnczgiebhdhmwylfdzlpq/Build/Intermediates.noindex/GRDB.build/Debug-iphoneos/GRDB.build/Objects-normal/arm64/GRDB.SwiftFileList

WriteAuxiliaryFile /Users/constantine/Library/Developer/Xcode/DerivedData/KM-dumqlooxnczgiebhdhmwylfdzlpq/Build/Intermediates.noindex/GRDB.build/Debug-iphoneos/GRDB.build/Objects-normal/arm64/GRDB.LinkFileList (in target 'GRDB' from project 'GRDB')
    cd /Users/constantine/Library/Developer/Xcode/DerivedData/KM-dumqlooxnczgiebhdhmwylfdzlpq/SourcePackages/checkouts/GRDB.swift
    write-file /Users/constantine/Library/Developer/Xcode/DerivedData/KM-dumqlooxnczgiebhdhmwylfdzlpq/Build/Intermediates.noindex/GRDB.build/Debug-iphoneos/GRDB.build/Objects-normal/arm64/GRDB.LinkFileList

WriteAuxiliaryFile /Users/constantine/Library/Developer/Xcode/DerivedData/KM-dumqlooxnczgiebhdhmwylfdzlpq/Build/Intermediates.noindex/GRDB.build/Debug-iphoneos/GRDB.build/Objects-normal/arm64/GRDB_const_extract_protocols.json (in target 'GRDB' from project 'GRDB')
    cd /Users/constantine/Library/Developer/Xcode/DerivedData/KM-dumqlooxnczgiebhdhmwylfdzlpq/SourcePackages/checkouts/GRDB.swift
    write-file /Users/constantine/Library/Developer/Xcode/DerivedData/KM-dumqlooxnczgiebhdhmwylfdzlpq/Build/Intermediates.noindex/GRDB.build/Debug-iphoneos/GRDB.build/Objects-normal/arm64/GRDB_const_extract_protocols.json

WriteAuxiliaryFile /Users/constantine/Library/Developer/Xcode/DerivedData/KM-dumqlooxnczgiebhdhmwylfdzlpq/Build/Intermediates.noindex/GRDB.build/Debug-iphoneos/GRDB.build/Objects-normal/arm64/GRDB.SwiftConstValuesFileList (in target 'GRDB' from project 'GRDB')
    cd /Users/constantine/Library/Developer/Xcode/DerivedData/KM-dumqlooxnczgiebhdhmwylfdzlpq/SourcePackages/checkouts/GRDB.swift
    write-file /Users/constantine/Library/Developer/Xcode/DerivedData/KM-dumqlooxnczgiebhdhmwylfdzlpq/Build/Intermediates.noindex/GRDB.build/Debug-iphoneos/GRDB.build/Objects-normal/arm64/GRDB.SwiftConstValuesFileList

WriteAuxiliaryFile /Users/constantine/Library/Developer/Xcode/DerivedData/KM-dumqlooxnczgiebhdhmwylfdzlpq/Build/Intermediates.noindex/GRDB.build/Debug-iphoneos/GRDB.build/Objects-normal/arm64/GRDB-OutputFileMap.json (in target 'GRDB' from project 'GRDB')
    cd /Users/constantine/Library/Developer/Xcode/DerivedData/KM-dumqlooxnczgiebhdhmwylfdzlpq/SourcePackages/checkouts/GRDB.swift
    write-file /Users/constantine/Library/Developer/Xcode/DerivedData/KM-dumqlooxnczgiebhdhmwylfdzlpq/Build/Intermediates.noindex/GRDB.build/Debug-iphoneos/GRDB.build/Objects-normal/arm64/GRDB-OutputFileMap.json

WriteAuxiliaryFile /Users/constantine/Library/Developer/Xcode/DerivedData/KM-dumqlooxnczgiebhdhmwylfdzlpq/Build/Intermediates.noindex/GRDB.build/Debug-iphoneos/GRDB.build/GRDB.DependencyStaticMetadataFileList (in target 'GRDB' from project 'GRDB')
    cd /Users/constantine/Library/Developer/Xcode/DerivedData/KM-dumqlooxnczgiebhdhmwylfdzlpq/SourcePackages/checkouts/GRDB.swift
    write-file /Users/constantine/Library/Developer/Xcode/DerivedData/KM-dumqlooxnczgiebhdhmwylfdzlpq/Build/Intermediates.noindex/GRDB.build/Debug-iphoneos/GRDB.build/GRDB.DependencyStaticMetadataFileList

WriteAuxiliaryFile /Users/constantine/Library/Developer/Xcode/DerivedData/KM-dumqlooxnczgiebhdhmwylfdzlpq/Build/Intermediates.noindex/GRDB.build/Debug-iphoneos/GRDB.build/GRDB.DependencyMetadataFileList (in target 'GRDB' from project 'GRDB')
    cd /Users/constantine/Library/Developer/Xcode/DerivedData/KM-dumqlooxnczgiebhdhmwylfdzlpq/SourcePackages/checkouts/GRDB.swift
    write-file /Users/constantine/Library/Developer/Xcode/DerivedData/KM-dumqlooxnczgiebhdhmwylfdzlpq/Build/Intermediates.noindex/GRDB.build/Debug-iphoneos/GRDB.build/GRDB.DependencyMetadataFileList

MkDir /Users/constantine/Library/Developer/Xcode/DerivedData/KM-dumqlooxnczgiebhdhmwylfdzlpq/Build/Products/Debug-iphoneos/KM.app (in target 'KM' from project 'KM')
    cd /Users/constantine/Documents/work/code/projects/km
    /bin/mkdir -p /Users/constantine/Library/Developer/Xcode/DerivedData/KM-dumqlooxnczgiebhdhmwylfdzlpq/Build/Products/Debug-iphoneos/KM.app

MkDir /Users/constantine/Library/Developer/Xcode/DerivedData/KM-dumqlooxnczgiebhdhmwylfdzlpq/Build/Products/Debug-iphoneos/GRDB_GRDB.bundle (in target 'GRDB_GRDB' from project 'GRDB')
    cd /Users/constantine/Library/Developer/Xcode/DerivedData/KM-dumqlooxnczgiebhdhmwylfdzlpq/SourcePackages/checkouts/GRDB.swift
    /bin/mkdir -p /Users/constantine/Library/Developer/Xcode/DerivedData/KM-dumqlooxnczgiebhdhmwylfdzlpq/Build/Products/Debug-iphoneos/GRDB_GRDB.bundle

WriteAuxiliaryFile /Users/constantine/Library/Developer/Xcode/DerivedData/KM-dumqlooxnczgiebhdhmwylfdzlpq/Build/Intermediates.noindex/GRDB.build/Debug-iphoneos/GRDB.build/DerivedSources/resource_bundle_accessor.swift (in target 'GRDB' from project 'GRDB')
    cd /Users/constantine/Library/Developer/Xcode/DerivedData/KM-dumqlooxnczgiebhdhmwylfdzlpq/SourcePackages/checkouts/GRDB.swift
    write-file /Users/constantine/Library/Developer/Xcode/DerivedData/KM-dumqlooxnczgiebhdhmwylfdzlpq/Build/Intermediates.noindex/GRDB.build/Debug-iphoneos/GRDB.build/DerivedSources/resource_bundle_accessor.swift

Copy /Users/constantine/Library/Developer/Xcode/DerivedData/KM-dumqlooxnczgiebhdhmwylfdzlpq/Build/Intermediates.noindex/GeneratedModuleMaps-iphoneos/GRDB.modulemap /Users/constantine/Library/Developer/Xcode/DerivedData/KM-dumqlooxnczgiebhdhmwylfdzlpq/Build/Intermediates.noindex/GRDB.build/Debug-iphoneos/GRDB.build/GRDB.modulemap (in target 'GRDB' from project 'GRDB')
    cd /Users/constantine/Library/Developer/Xcode/DerivedData/KM-dumqlooxnczgiebhdhmwylfdzlpq/SourcePackages/checkouts/GRDB.swift
    builtin-copy -exclude .DS_Store -exclude CVS -exclude .svn -exclude .git -exclude .hg -resolve-src-symlinks /Users/constantine/Library/Developer/Xcode/DerivedData/KM-dumqlooxnczgiebhdhmwylfdzlpq/Build/Intermediates.noindex/GRDB.build/Debug-iphoneos/GRDB.build/GRDB.modulemap /Users/constantine/Library/Developer/Xcode/DerivedData/KM-dumqlooxnczgiebhdhmwylfdzlpq/Build/Intermediates.noindex/GeneratedModuleMaps-iphoneos

ProcessInfoPlistFile /Users/constantine/Library/Developer/Xcode/DerivedData/KM-dumqlooxnczgiebhdhmwylfdzlpq/Build/Products/Debug-iphoneos/GRDB_GRDB.bundle/Info.plist /Users/constantine/Library/Developer/Xcode/DerivedData/KM-dumqlooxnczgiebhdhmwylfdzlpq/Build/Intermediates.noindex/GRDB.build/Debug-iphoneos/GRDB_GRDB.build/empty-GRDB_GRDB.plist (in target 'GRDB_GRDB' from project 'GRDB')
    cd /Users/constantine/Library/Developer/Xcode/DerivedData/KM-dumqlooxnczgiebhdhmwylfdzlpq/SourcePackages/checkouts/GRDB.swift
    builtin-infoPlistUtility /Users/constantine/Library/Developer/Xcode/DerivedData/KM-dumqlooxnczgiebhdhmwylfdzlpq/Build/Intermediates.noindex/GRDB.build/Debug-iphoneos/GRDB_GRDB.build/empty-GRDB_GRDB.plist -producttype com.apple.product-type.bundle -expandbuildsettings -format binary -platform iphoneos -requiredArchitecture arm64 -o /Users/constantine/Library/Developer/Xcode/DerivedData/KM-dumqlooxnczgiebhdhmwylfdzlpq/Build/Products/Debug-iphoneos/GRDB_GRDB.bundle/Info.plist

CpResource /Users/constantine/Library/Developer/Xcode/DerivedData/KM-dumqlooxnczgiebhdhmwylfdzlpq/Build/Products/Debug-iphoneos/GRDB_GRDB.bundle/PrivacyInfo.xcprivacy /Users/constantine/Library/Developer/Xcode/DerivedData/KM-dumqlooxnczgiebhdhmwylfdzlpq/SourcePackages/checkouts/GRDB.swift/GRDB/PrivacyInfo.xcprivacy (in target 'GRDB_GRDB' from project 'GRDB')
    cd /Users/constantine/Library/Developer/Xcode/DerivedData/KM-dumqlooxnczgiebhdhmwylfdzlpq/SourcePackages/checkouts/GRDB.swift
    builtin-copy -exclude .DS_Store -exclude CVS -exclude .svn -exclude .git -exclude .hg -resolve-src-symlinks /Users/constantine/Library/Developer/Xcode/DerivedData/KM-dumqlooxnczgiebhdhmwylfdzlpq/SourcePackages/checkouts/GRDB.swift/GRDB/PrivacyInfo.xcprivacy /Users/constantine/Library/Developer/Xcode/DerivedData/KM-dumqlooxnczgiebhdhmwylfdzlpq/Build/Products/Debug-iphoneos/GRDB_GRDB.bundle

RegisterExecutionPolicyException /Users/constantine/Library/Developer/Xcode/DerivedData/KM-dumqlooxnczgiebhdhmwylfdzlpq/Build/Products/Debug-iphoneos/GRDB_GRDB.bundle (in target 'GRDB_GRDB' from project 'GRDB')
    cd /Users/constantine/Library/Developer/Xcode/DerivedData/KM-dumqlooxnczgiebhdhmwylfdzlpq/SourcePackages/checkouts/GRDB.swift
    builtin-RegisterExecutionPolicyException /Users/constantine/Library/Developer/Xcode/DerivedData/KM-dumqlooxnczgiebhdhmwylfdzlpq/Build/Products/Debug-iphoneos/GRDB_GRDB.bundle

Touch /Users/constantine/Library/Developer/Xcode/DerivedData/KM-dumqlooxnczgiebhdhmwylfdzlpq/Build/Products/Debug-iphoneos/GRDB_GRDB.bundle (in target 'GRDB_GRDB' from project 'GRDB')
    cd /Users/constantine/Library/Developer/Xcode/DerivedData/KM-dumqlooxnczgiebhdhmwylfdzlpq/SourcePackages/checkouts/GRDB.swift
    /usr/bin/touch -c /Users/constantine/Library/Developer/Xcode/DerivedData/KM-dumqlooxnczgiebhdhmwylfdzlpq/Build/Products/Debug-iphoneos/GRDB_GRDB.bundle

SwiftDriver GRDB normal arm64 com.apple.xcode.tools.swift.compiler (in target 'GRDB' from project 'GRDB')
    cd /Users/constantine/Documents/work/code/projects/km/KM.xcodeproj
    builtin-SwiftDriver -- /Applications/Xcode.app/Contents/Developer/Toolchains/XcodeDefault.xctoolchain/usr/bin/swiftc -module-name GRDB -Onone @/Users/constantine/Library/Developer/Xcode/DerivedData/KM-dumqlooxnczgiebhdhmwylfdzlpq/Build/Intermediates.noindex/GRDB.build/Debug-iphoneos/GRDB.build/Objects-normal/arm64/GRDB.SwiftFileList -DSWIFT_PACKAGE -DDEBUG -DSWIFT_MODULE_RESOURCE_BUNDLE_AVAILABLE -DSQLITE_ENABLE_FTS5 -Xcc -fmodule-map-file\=/Users/constantine/Library/Developer/Xcode/DerivedData/KM-dumqlooxnczgiebhdhmwylfdzlpq/SourcePackages/checkouts/GRDB.swift/Sources/CSQLite/module.modulemap -DXcode -plugin-path /Applications/Xcode.app/Contents/Developer/Toolchains/XcodeDefault.xctoolchain/usr/lib/swift/host/plugins/testing -enable-experimental-feature DebugDescriptionMacro -sdk /Applications/Xcode.app/Contents/Developer/Platforms/iPhoneOS.platform/Developer/SDKs/iPhoneOS26.4.sdk -target arm64-apple-ios12.0 -g -module-cache-path /Users/constantine/Library/Developer/Xcode/DerivedData/ModuleCache.noindex -Xfrontend -serialize-debugging-options -enable-testing -suppress-warnings -index-store-path /Users/constantine/Library/Developer/Xcode/DerivedData/KM-dumqlooxnczgiebhdhmwylfdzlpq/Index.noindex/DataStore -Xcc -D_LIBCPP_HARDENING_MODE\=_LIBCPP_HARDENING_MODE_DEBUG -swift-version 5 -I /Users/constantine/Library/Developer/Xcode/DerivedData/KM-dumqlooxnczgiebhdhmwylfdzlpq/Build/Products/Debug-iphoneos -Isystem /Applications/Xcode.app/Contents/Developer/Platforms/iPhoneOS.platform/Developer/usr/lib -F /Users/constantine/Library/Developer/Xcode/DerivedData/KM-dumqlooxnczgiebhdhmwylfdzlpq/Build/Products/Debug-iphoneos -F /Applications/Xcode.app/Contents/Developer/Platforms/iPhoneOS.platform/Developer/Library/Frameworks -F /Applications/Xcode.app/Contents/Developer/Platforms/iPhoneOS.platform/Developer/SDKs/iPhoneOS26.4.sdk/Developer/Library/Frameworks -emit-localized-strings -emit-localized-strings-path /Users/constantine/Library/Developer/Xcode/DerivedData/KM-dumqlooxnczgiebhdhmwylfdzlpq/Build/Intermediates.noindex/GRDB.build/Debug-iphoneos/GRDB.build/Objects-normal/arm64 -c -j18 -enable-batch-mode -incremental -Xcc -ivfsstatcache -Xcc /Users/constantine/Library/Developer/Xcode/DerivedData/SDKStatCaches.noindex/iphoneos26.4-23E252-68a138bb55de9ba35ce6c8c40d12849e.sdkstatcache -output-file-map /Users/constantine/Library/Developer/Xcode/DerivedData/KM-dumqlooxnczgiebhdhmwylfdzlpq/Build/Intermediates.noindex/GRDB.build/Debug-iphoneos/GRDB.build/Objects-normal/arm64/GRDB-OutputFileMap.json -use-frontend-parseable-output -save-temps -no-color-diagnostics -explicit-module-build -module-cache-path /Users/constantine/Library/Developer/Xcode/DerivedData/KM-dumqlooxnczgiebhdhmwylfdzlpq/Build/Intermediates.noindex/SwiftExplicitPrecompiledModules -clang-scanner-module-cache-path /Users/constantine/Library/Developer/Xcode/DerivedData/ModuleCache.noindex -sdk-module-cache-path /Users/constantine/Library/Developer/Xcode/DerivedData/ModuleCache.noindex -serialize-diagnostics -emit-dependencies -emit-module -emit-module-path /Users/constantine/Library/Developer/Xcode/DerivedData/KM-dumqlooxnczgiebhdhmwylfdzlpq/Build/Intermediates.noindex/GRDB.build/Debug-iphoneos/GRDB.build/Objects-normal/arm64/GRDB.swiftmodule -validate-clang-modules-once -clang-build-session-file /Users/constantine/Library/Developer/Xcode/DerivedData/ModuleCache.noindex/Session.modulevalidation -Xcc -I/Users/constantine/Library/Developer/Xcode/DerivedData/KM-dumqlooxnczgiebhdhmwylfdzlpq/Build/Intermediates.noindex/GRDB.build/Debug-iphoneos/GRDB.build/swift-overrides.hmap -emit-const-values -Xfrontend -const-gather-protocols-file -Xfrontend /Users/constantine/Library/Developer/Xcode/DerivedData/KM-dumqlooxnczgiebhdhmwylfdzlpq/Build/Intermediates.noindex/GRDB.build/Debug-iphoneos/GRDB.build/Objects-normal/arm64/GRDB_const_extract_protocols.json -Xcc -I/Users/constantine/Library/Developer/Xcode/DerivedData/KM-dumqlooxnczgiebhdhmwylfdzlpq/Build/Products/Debug-iphoneos/include -Xcc -I/Users/constantine/Library/Developer/Xcode/DerivedData/KM-dumqlooxnczgiebhdhmwylfdzlpq/Build/Intermediates.noindex/GRDB.build/Debug-iphoneos/GRDB.build/DerivedSources-normal/arm64 -Xcc -I/Users/constantine/Library/Developer/Xcode/DerivedData/KM-dumqlooxnczgiebhdhmwylfdzlpq/Build/Intermediates.noindex/GRDB.build/Debug-iphoneos/GRDB.build/DerivedSources/arm64 -Xcc -I/Users/constantine/Library/Developer/Xcode/DerivedData/KM-dumqlooxnczgiebhdhmwylfdzlpq/Build/Intermediates.noindex/GRDB.build/Debug-iphoneos/GRDB.build/DerivedSources -Xcc -DSWIFT_PACKAGE -Xcc -DDEBUG\=1 -emit-objc-header -emit-objc-header-path /Users/constantine/Library/Developer/Xcode/DerivedData/KM-dumqlooxnczgiebhdhmwylfdzlpq/Build/Intermediates.noindex/GRDB.build/Debug-iphoneos/GRDB.build/Objects-normal/arm64/GRDB-Swift.h -working-directory /Users/constantine/Documents/work/code/projects/km/KM.xcodeproj -experimental-emit-module-separately -disable-cmo

SwiftExplicitDependencyGeneratePcm arm64 /Users/constantine/Library/Developer/Xcode/DerivedData/KM-dumqlooxnczgiebhdhmwylfdzlpq/Build/Intermediates.noindex/SwiftExplicitPrecompiledModules/CSQLite-CKIV17NZG12WR8K9OSDMCPTNP.pcm

SwiftEmitModule normal arm64 Emitting\ module\ for\ GRDB (in target 'GRDB' from project 'GRDB')

EmitSwiftModule normal arm64 (in target 'GRDB' from project 'GRDB')
    cd /Users/constantine/Documents/work/code/projects/km/KM.xcodeproj
    

SwiftCompile normal arm64 Compiling\ ValueWriteOnlyObserver.swift,\ Fetch.swift,\ Map.swift,\ RemoveDuplicates.swift,\ Trace.swift,\ ValueReducer.swift,\ SharedValueObservation.swift,\ ValueObservation.swift,\ ValueObservationScheduler.swift /Users/constantine/Library/Developer/Xcode/DerivedData/KM-dumqlooxnczgiebhdhmwylfdzlpq/SourcePackages/checkouts/GRDB.swift/GRDB/ValueObservation/Observers/ValueWriteOnlyObserver.swift /Users/constantine/Library/Developer/Xcode/DerivedData/KM-dumqlooxnczgiebhdhmwylfdzlpq/SourcePackages/checkouts/GRDB.swift/GRDB/ValueObservation/Reducers/Fetch.swift /Users/constantine/Library/Developer/Xcode/DerivedData/KM-dumqlooxnczgiebhdhmwylfdzlpq/SourcePackages/checkouts/GRDB.swift/GRDB/ValueObservation/Reducers/Map.swift /Users/constantine/Library/Developer/Xcode/DerivedData/KM-dumqlooxnczgiebhdhmwylfdzlpq/SourcePackages/checkouts/GRDB.swift/GRDB/ValueObservation/Reducers/RemoveDuplicates.swift /Users/constantine/Library/Developer/Xcode/DerivedData/KM-dumqlooxnczgiebhdhmwylfdzlpq/SourcePackages/checkouts/GRDB.swift/GRDB/ValueObservation/Reducers/Trace.swift /Users/constantine/Library/Developer/Xcode/DerivedData/KM-dumqlooxnczgiebhdhmwylfdzlpq/SourcePackages/checkouts/GRDB.swift/GRDB/ValueObservation/Reducers/ValueReducer.swift /Users/constantine/Library/Developer/Xcode/DerivedData/KM-dumqlooxnczgiebhdhmwylfdzlpq/SourcePackages/checkouts/GRDB.swift/GRDB/ValueObservation/SharedValueObservation.swift /Users/constantine/Library/Developer/Xcode/DerivedData/KM-dumqlooxnczgiebhdhmwylfdzlpq/SourcePackages/checkouts/GRDB.swift/GRDB/ValueObservation/ValueObservation.swift /Users/constantine/Library/Developer/Xcode/DerivedData/KM-dumqlooxnczgiebhdhmwylfdzlpq/SourcePackages/checkouts/GRDB.swift/GRDB/ValueObservation/ValueObservationScheduler.swift (in target 'GRDB' from project 'GRDB')

SwiftCompile normal arm64 /Users/constantine/Library/Developer/Xcode/DerivedData/KM-dumqlooxnczgiebhdhmwylfdzlpq/SourcePackages/checkouts/GRDB.swift/GRDB/ValueObservation/Observers/ValueWriteOnlyObserver.swift (in target 'GRDB' from project 'GRDB')
    cd /Users/constantine/Documents/work/code/projects/km/KM.xcodeproj
    

SwiftCompile normal arm64 /Users/constantine/Library/Developer/Xcode/DerivedData/KM-dumqlooxnczgiebhdhmwylfdzlpq/SourcePackages/checkouts/GRDB.swift/GRDB/ValueObservation/Reducers/Fetch.swift (in target 'GRDB' from project 'GRDB')
    cd /Users/constantine/Documents/work/code/projects/km/KM.xcodeproj
    

SwiftCompile normal arm64 /Users/constantine/Library/Developer/Xcode/DerivedData/KM-dumqlooxnczgiebhdhmwylfdzlpq/SourcePackages/checkouts/GRDB.swift/GRDB/ValueObservation/Reducers/Map.swift (in target 'GRDB' from project 'GRDB')
    cd /Users/constantine/Documents/work/code/projects/km/KM.xcodeproj
    

SwiftCompile normal arm64 /Users/constantine/Library/Developer/Xcode/DerivedData/KM-dumqlooxnczgiebhdhmwylfdzlpq/SourcePackages/checkouts/GRDB.swift/GRDB/ValueObservation/Reducers/RemoveDuplicates.swift (in target 'GRDB' from project 'GRDB')
    cd /Users/constantine/Documents/work/code/projects/km/KM.xcodeproj
    

SwiftCompile normal arm64 /Users/constantine/Library/Developer/Xcode/DerivedData/KM-dumqlooxnczgiebhdhmwylfdzlpq/SourcePackages/checkouts/GRDB.swift/GRDB/ValueObservation/Reducers/Trace.swift (in target 'GRDB' from project 'GRDB')
    cd /Users/constantine/Documents/work/code/projects/km/KM.xcodeproj
    

SwiftCompile normal arm64 /Users/constantine/Library/Developer/Xcode/DerivedData/KM-dumqlooxnczgiebhdhmwylfdzlpq/SourcePackages/checkouts/GRDB.swift/GRDB/ValueObservation/Reducers/ValueReducer.swift (in target 'GRDB' from project 'GRDB')
    cd /Users/constantine/Documents/work/code/projects/km/KM.xcodeproj
    

SwiftCompile normal arm64 /Users/constantine/Library/Developer/Xcode/DerivedData/KM-dumqlooxnczgiebhdhmwylfdzlpq/SourcePackages/checkouts/GRDB.swift/GRDB/ValueObservation/SharedValueObservation.swift (in target 'GRDB' from project 'GRDB')
    cd /Users/constantine/Documents/work/code/projects/km/KM.xcodeproj
    

SwiftCompile normal arm64 /Users/constantine/Library/Developer/Xcode/DerivedData/KM-dumqlooxnczgiebhdhmwylfdzlpq/SourcePackages/checkouts/GRDB.swift/GRDB/ValueObservation/ValueObservation.swift (in target 'GRDB' from project 'GRDB')
    cd /Users/constantine/Documents/work/code/projects/km/KM.xcodeproj
    

SwiftCompile normal arm64 /Users/constantine/Library/Developer/Xcode/DerivedData/KM-dumqlooxnczgiebhdhmwylfdzlpq/SourcePackages/checkouts/GRDB.swift/GRDB/ValueObservation/ValueObservationScheduler.swift (in target 'GRDB' from project 'GRDB')
    cd /Users/constantine/Documents/work/code/projects/km/KM.xcodeproj
    

SwiftCompile normal arm64 Compiling\ PersistableRecord+Save.swift,\ PersistableRecord+Upsert.swift,\ PersistableRecord.swift,\ Record.swift,\ TableRecord.swift,\ CaseInsensitiveIdentifier.swift,\ Inflections+English.swift,\ Inflections.swift,\ LockedBox.swift /Users/constantine/Library/Developer/Xcode/DerivedData/KM-dumqlooxnczgiebhdhmwylfdzlpq/SourcePackages/checkouts/GRDB.swift/GRDB/Record/PersistableRecord+Save.swift /Users/constantine/Library/Developer/Xcode/DerivedData/KM-dumqlooxnczgiebhdhmwylfdzlpq/SourcePackages/checkouts/GRDB.swift/GRDB/Record/PersistableRecord+Upsert.swift /Users/constantine/Library/Developer/Xcode/DerivedData/KM-dumqlooxnczgiebhdhmwylfdzlpq/SourcePackages/checkouts/GRDB.swift/GRDB/Record/PersistableRecord.swift /Users/constantine/Library/Developer/Xcode/DerivedData/KM-dumqlooxnczgiebhdhmwylfdzlpq/SourcePackages/checkouts/GRDB.swift/GRDB/Record/Record.swift /Users/constantine/Library/Developer/Xcode/DerivedData/KM-dumqlooxnczgiebhdhmwylfdzlpq/SourcePackages/checkouts/GRDB.swift/GRDB/Record/TableRecord.swift /Users/constantine/Library/Developer/Xcode/DerivedData/KM-dumqlooxnczgiebhdhmwylfdzlpq/SourcePackages/checkouts/GRDB.swift/GRDB/Utils/CaseInsensitiveIdentifier.swift /Users/constantine/Library/Developer/Xcode/DerivedData/KM-dumqlooxnczgiebhdhmwylfdzlpq/SourcePackages/checkouts/GRDB.swift/GRDB/Utils/Inflections+English.swift /Users/constantine/Library/Developer/Xcode/DerivedData/KM-dumqlooxnczgiebhdhmwylfdzlpq/SourcePackages/checkouts/GRDB.swift/GRDB/Utils/Inflections.swift /Users/constantine/Library/Developer/Xcode/DerivedData/KM-dumqlooxnczgiebhdhmwylfdzlpq/SourcePackages/checkouts/GRDB.swift/GRDB/Utils/LockedBox.swift (in target 'GRDB' from project 'GRDB')

SwiftCompile normal arm64 /Users/constantine/Library/Developer/Xcode/DerivedData/KM-dumqlooxnczgiebhdhmwylfdzlpq/SourcePackages/checkouts/GRDB.swift/GRDB/Record/PersistableRecord+Save.swift (in target 'GRDB' from project 'GRDB')
    cd /Users/constantine/Documents/work/code/projects/km/KM.xcodeproj
    

SwiftCompile normal arm64 /Users/constantine/Library/Developer/Xcode/DerivedData/KM-dumqlooxnczgiebhdhmwylfdzlpq/SourcePackages/checkouts/GRDB.swift/GRDB/Record/PersistableRecord+Upsert.swift (in target 'GRDB' from project 'GRDB')
    cd /Users/constantine/Documents/work/code/projects/km/KM.xcodeproj
    

SwiftCompile normal arm64 /Users/constantine/Library/Developer/Xcode/DerivedData/KM-dumqlooxnczgiebhdhmwylfdzlpq/SourcePackages/checkouts/GRDB.swift/GRDB/Record/PersistableRecord.swift (in target 'GRDB' from project 'GRDB')
    cd /Users/constantine/Documents/work/code/projects/km/KM.xcodeproj
    

SwiftCompile normal arm64 /Users/constantine/Library/Developer/Xcode/DerivedData/KM-dumqlooxnczgiebhdhmwylfdzlpq/SourcePackages/checkouts/GRDB.swift/GRDB/Record/Record.swift (in target 'GRDB' from project 'GRDB')
    cd /Users/constantine/Documents/work/code/projects/km/KM.xcodeproj
    

SwiftCompile normal arm64 /Users/constantine/Library/Developer/Xcode/DerivedData/KM-dumqlooxnczgiebhdhmwylfdzlpq/SourcePackages/checkouts/GRDB.swift/GRDB/Record/TableRecord.swift (in target 'GRDB' from project 'GRDB')
    cd /Users/constantine/Documents/work/code/projects/km/KM.xcodeproj
    

SwiftCompile normal arm64 /Users/constantine/Library/Developer/Xcode/DerivedData/KM-dumqlooxnczgiebhdhmwylfdzlpq/SourcePackages/checkouts/GRDB.swift/GRDB/Utils/CaseInsensitiveIdentifier.swift (in target 'GRDB' from project 'GRDB')
    cd /Users/constantine/Documents/work/code/projects/km/KM.xcodeproj
    

SwiftCompile normal arm64 /Users/constantine/Library/Developer/Xcode/DerivedData/KM-dumqlooxnczgiebhdhmwylfdzlpq/SourcePackages/checkouts/GRDB.swift/GRDB/Utils/Inflections+English.swift (in target 'GRDB' from project 'GRDB')
    cd /Users/constantine/Documents/work/code/projects/km/KM.xcodeproj
    

SwiftCompile normal arm64 /Users/constantine/Library/Developer/Xcode/DerivedData/KM-dumqlooxnczgiebhdhmwylfdzlpq/SourcePackages/checkouts/GRDB.swift/GRDB/Utils/Inflections.swift (in target 'GRDB' from project 'GRDB')
    cd /Users/constantine/Documents/work/code/projects/km/KM.xcodeproj
    

SwiftCompile normal arm64 /Users/constantine/Library/Developer/Xcode/DerivedData/KM-dumqlooxnczgiebhdhmwylfdzlpq/SourcePackages/checkouts/GRDB.swift/GRDB/Utils/LockedBox.swift (in target 'GRDB' from project 'GRDB')
    cd /Users/constantine/Documents/work/code/projects/km/KM.xcodeproj
    

SwiftCompile normal arm64 Compiling\ OnDemandFuture.swift,\ OrderedDictionary.swift,\ Pool.swift,\ ReadWriteBox.swift,\ ReceiveValuesOn.swift,\ Refinable.swift,\ Utils.swift,\ DatabaseCancellable.swift,\ ValueConcurrentObserver.swift /Users/constantine/Library/Developer/Xcode/DerivedData/KM-dumqlooxnczgiebhdhmwylfdzlpq/SourcePackages/checkouts/GRDB.swift/GRDB/Utils/OnDemandFuture.swift /Users/constantine/Library/Developer/Xcode/DerivedData/KM-dumqlooxnczgiebhdhmwylfdzlpq/SourcePackages/checkouts/GRDB.swift/GRDB/Utils/OrderedDictionary.swift /Users/constantine/Library/Developer/Xcode/DerivedData/KM-dumqlooxnczgiebhdhmwylfdzlpq/SourcePackages/checkouts/GRDB.swift/GRDB/Utils/Pool.swift /Users/constantine/Library/Developer/Xcode/DerivedData/KM-dumqlooxnczgiebhdhmwylfdzlpq/SourcePackages/checkouts/GRDB.swift/GRDB/Utils/ReadWriteBox.swift /Users/constantine/Library/Developer/Xcode/DerivedData/KM-dumqlooxnczgiebhdhmwylfdzlpq/SourcePackages/checkouts/GRDB.swift/GRDB/Utils/ReceiveValuesOn.swift /Users/constantine/Library/Developer/Xcode/DerivedData/KM-dumqlooxnczgiebhdhmwylfdzlpq/SourcePackages/checkouts/GRDB.swift/GRDB/Utils/Refinable.swift /Users/constantine/Library/Developer/Xcode/DerivedData/KM-dumqlooxnczgiebhdhmwylfdzlpq/SourcePackages/checkouts/GRDB.swift/GRDB/Utils/Utils.swift /Users/constantine/Library/Developer/Xcode/DerivedData/KM-dumqlooxnczgiebhdhmwylfdzlpq/SourcePackages/checkouts/GRDB.swift/GRDB/ValueObservation/DatabaseCancellable.swift /Users/constantine/Library/Developer/Xcode/DerivedData/KM-dumqlooxnczgiebhdhmwylfdzlpq/SourcePackages/checkouts/GRDB.swift/GRDB/ValueObservation/Observers/ValueConcurrentObserver.swift (in target 'GRDB' from project 'GRDB')

SwiftCompile normal arm64 /Users/constantine/Library/Developer/Xcode/DerivedData/KM-dumqlooxnczgiebhdhmwylfdzlpq/SourcePackages/checkouts/GRDB.swift/GRDB/Utils/OnDemandFuture.swift (in target 'GRDB' from project 'GRDB')
    cd /Users/constantine/Documents/work/code/projects/km/KM.xcodeproj
    

SwiftCompile normal arm64 /Users/constantine/Library/Developer/Xcode/DerivedData/KM-dumqlooxnczgiebhdhmwylfdzlpq/SourcePackages/checkouts/GRDB.swift/GRDB/Utils/OrderedDictionary.swift (in target 'GRDB' from project 'GRDB')
    cd /Users/constantine/Documents/work/code/projects/km/KM.xcodeproj
    

SwiftCompile normal arm64 /Users/constantine/Library/Developer/Xcode/DerivedData/KM-dumqlooxnczgiebhdhmwylfdzlpq/SourcePackages/checkouts/GRDB.swift/GRDB/Utils/Pool.swift (in target 'GRDB' from project 'GRDB')
    cd /Users/constantine/Documents/work/code/projects/km/KM.xcodeproj
    

SwiftCompile normal arm64 /Users/constantine/Library/Developer/Xcode/DerivedData/KM-dumqlooxnczgiebhdhmwylfdzlpq/SourcePackages/checkouts/GRDB.swift/GRDB/Utils/ReadWriteBox.swift (in target 'GRDB' from project 'GRDB')
    cd /Users/constantine/Documents/work/code/projects/km/KM.xcodeproj
    

SwiftCompile normal arm64 /Users/constantine/Library/Developer/Xcode/DerivedData/KM-dumqlooxnczgiebhdhmwylfdzlpq/SourcePackages/checkouts/GRDB.swift/GRDB/Utils/ReceiveValuesOn.swift (in target 'GRDB' from project 'GRDB')
    cd /Users/constantine/Documents/work/code/projects/km/KM.xcodeproj
    

SwiftCompile normal arm64 /Users/constantine/Library/Developer/Xcode/DerivedData/KM-dumqlooxnczgiebhdhmwylfdzlpq/SourcePackages/checkouts/GRDB.swift/GRDB/Utils/Refinable.swift (in target 'GRDB' from project 'GRDB')
    cd /Users/constantine/Documents/work/code/projects/km/KM.xcodeproj
    

SwiftCompile normal arm64 /Users/constantine/Library/Developer/Xcode/DerivedData/KM-dumqlooxnczgiebhdhmwylfdzlpq/SourcePackages/checkouts/GRDB.swift/GRDB/Utils/Utils.swift (in target 'GRDB' from project 'GRDB')
    cd /Users/constantine/Documents/work/code/projects/km/KM.xcodeproj
    

SwiftCompile normal arm64 /Users/constantine/Library/Developer/Xcode/DerivedData/KM-dumqlooxnczgiebhdhmwylfdzlpq/SourcePackages/checkouts/GRDB.swift/GRDB/ValueObservation/DatabaseCancellable.swift (in target 'GRDB' from project 'GRDB')
    cd /Users/constantine/Documents/work/code/projects/km/KM.xcodeproj
    

SwiftCompile normal arm64 /Users/constantine/Library/Developer/Xcode/DerivedData/KM-dumqlooxnczgiebhdhmwylfdzlpq/SourcePackages/checkouts/GRDB.swift/GRDB/ValueObservation/Observers/ValueConcurrentObserver.swift (in target 'GRDB' from project 'GRDB')
    cd /Users/constantine/Documents/work/code/projects/km/KM.xcodeproj
    

SwiftCompile normal arm64 Compiling\ SQLIndexGenerator.swift,\ SQLQueryGenerator.swift,\ SQLTableAlterationGenerator.swift,\ SQLTableGenerator.swift,\ SQLInterpolation+QueryInterface.swift,\ ColumnDefinition.swift,\ Database+SchemaDefinition.swift,\ ForeignKeyDefinition.swift,\ IndexDefinition.swift /Users/constantine/Library/Developer/Xcode/DerivedData/KM-dumqlooxnczgiebhdhmwylfdzlpq/SourcePackages/checkouts/GRDB.swift/GRDB/QueryInterface/SQLGeneration/SQLIndexGenerator.swift /Users/constantine/Library/Developer/Xcode/DerivedData/KM-dumqlooxnczgiebhdhmwylfdzlpq/SourcePackages/checkouts/GRDB.swift/GRDB/QueryInterface/SQLGeneration/SQLQueryGenerator.swift /Users/constantine/Library/Developer/Xcode/DerivedData/KM-dumqlooxnczgiebhdhmwylfdzlpq/SourcePackages/checkouts/GRDB.swift/GRDB/QueryInterface/SQLGeneration/SQLTableAlterationGenerator.swift /Users/constantine/Library/Developer/Xcode/DerivedData/KM-dumqlooxnczgiebhdhmwylfdzlpq/SourcePackages/checkouts/GRDB.swift/GRDB/QueryInterface/SQLGeneration/SQLTableGenerator.swift /Users/constantine/Library/Developer/Xcode/DerivedData/KM-dumqlooxnczgiebhdhmwylfdzlpq/SourcePackages/checkouts/GRDB.swift/GRDB/QueryInterface/SQLInterpolation+QueryInterface.swift /Users/constantine/Library/Developer/Xcode/DerivedData/KM-dumqlooxnczgiebhdhmwylfdzlpq/SourcePackages/checkouts/GRDB.swift/GRDB/QueryInterface/Schema/ColumnDefinition.swift /Users/constantine/Library/Developer/Xcode/DerivedData/KM-dumqlooxnczgiebhdhmwylfdzlpq/SourcePackages/checkouts/GRDB.swift/GRDB/QueryInterface/Schema/Database+SchemaDefinition.swift /Users/constantine/Library/Developer/Xcode/DerivedData/KM-dumqlooxnczgiebhdhmwylfdzlpq/SourcePackages/checkouts/GRDB.swift/GRDB/QueryInterface/Schema/ForeignKeyDefinition.swift /Users/constantine/Library/Developer/Xcode/DerivedData/KM-dumqlooxnczgiebhdhmwylfdzlpq/SourcePackages/checkouts/GRDB.swift/GRDB/QueryInterface/Schema/IndexDefinition.swift (in target 'GRDB' from project 'GRDB')

SwiftCompile normal arm64 /Users/constantine/Library/Developer/Xcode/DerivedData/KM-dumqlooxnczgiebhdhmwylfdzlpq/SourcePackages/checkouts/GRDB.swift/GRDB/QueryInterface/SQLGeneration/SQLIndexGenerator.swift (in target 'GRDB' from project 'GRDB')
    cd /Users/constantine/Documents/work/code/projects/km/KM.xcodeproj
    

SwiftCompile normal arm64 /Users/constantine/Library/Developer/Xcode/DerivedData/KM-dumqlooxnczgiebhdhmwylfdzlpq/SourcePackages/checkouts/GRDB.swift/GRDB/QueryInterface/SQLGeneration/SQLQueryGenerator.swift (in target 'GRDB' from project 'GRDB')
    cd /Users/constantine/Documents/work/code/projects/km/KM.xcodeproj
    

SwiftCompile normal arm64 /Users/constantine/Library/Developer/Xcode/DerivedData/KM-dumqlooxnczgiebhdhmwylfdzlpq/SourcePackages/checkouts/GRDB.swift/GRDB/QueryInterface/SQLGeneration/SQLTableAlterationGenerator.swift (in target 'GRDB' from project 'GRDB')
    cd /Users/constantine/Documents/work/code/projects/km/KM.xcodeproj
    

SwiftCompile normal arm64 /Users/constantine/Library/Developer/Xcode/DerivedData/KM-dumqlooxnczgiebhdhmwylfdzlpq/SourcePackages/checkouts/GRDB.swift/GRDB/QueryInterface/SQLGeneration/SQLTableGenerator.swift (in target 'GRDB' from project 'GRDB')
    cd /Users/constantine/Documents/work/code/projects/km/KM.xcodeproj
    

SwiftCompile normal arm64 /Users/constantine/Library/Developer/Xcode/DerivedData/KM-dumqlooxnczgiebhdhmwylfdzlpq/SourcePackages/checkouts/GRDB.swift/GRDB/QueryInterface/SQLInterpolation+QueryInterface.swift (in target 'GRDB' from project 'GRDB')
    cd /Users/constantine/Documents/work/code/projects/km/KM.xcodeproj
    

SwiftCompile normal arm64 /Users/constantine/Library/Developer/Xcode/DerivedData/KM-dumqlooxnczgiebhdhmwylfdzlpq/SourcePackages/checkouts/GRDB.swift/GRDB/QueryInterface/Schema/ColumnDefinition.swift (in target 'GRDB' from project 'GRDB')
    cd /Users/constantine/Documents/work/code/projects/km/KM.xcodeproj
    

SwiftCompile normal arm64 /Users/constantine/Library/Developer/Xcode/DerivedData/KM-dumqlooxnczgiebhdhmwylfdzlpq/SourcePackages/checkouts/GRDB.swift/GRDB/QueryInterface/Schema/Database+SchemaDefinition.swift (in target 'GRDB' from project 'GRDB')
    cd /Users/constantine/Documents/work/code/projects/km/KM.xcodeproj
    

SwiftCompile normal arm64 /Users/constantine/Library/Developer/Xcode/DerivedData/KM-dumqlooxnczgiebhdhmwylfdzlpq/SourcePackages/checkouts/GRDB.swift/GRDB/QueryInterface/Schema/ForeignKeyDefinition.swift (in target 'GRDB' from project 'GRDB')
    cd /Users/constantine/Documents/work/code/projects/km/KM.xcodeproj
    

SwiftCompile normal arm64 /Users/constantine/Library/Developer/Xcode/DerivedData/KM-dumqlooxnczgiebhdhmwylfdzlpq/SourcePackages/checkouts/GRDB.swift/GRDB/QueryInterface/Schema/IndexDefinition.swift (in target 'GRDB' from project 'GRDB')
    cd /Users/constantine/Documents/work/code/projects/km/KM.xcodeproj
    

SwiftCompile normal arm64 Compiling\ TableAlteration.swift,\ TableDefinition.swift,\ VirtualTableModule.swift,\ TableRecord+Association.swift,\ TableRecord+QueryInterfaceRequest.swift,\ EncodableRecord+Encodable.swift,\ EncodableRecord.swift,\ FetchableRecord+Decodable.swift,\ FetchableRecord+TableRecord.swift /Users/constantine/Library/Developer/Xcode/DerivedData/KM-dumqlooxnczgiebhdhmwylfdzlpq/SourcePackages/checkouts/GRDB.swift/GRDB/QueryInterface/Schema/TableAlteration.swift /Users/constantine/Library/Developer/Xcode/DerivedData/KM-dumqlooxnczgiebhdhmwylfdzlpq/SourcePackages/checkouts/GRDB.swift/GRDB/QueryInterface/Schema/TableDefinition.swift /Users/constantine/Library/Developer/Xcode/DerivedData/KM-dumqlooxnczgiebhdhmwylfdzlpq/SourcePackages/checkouts/GRDB.swift/GRDB/QueryInterface/Schema/VirtualTableModule.swift /Users/constantine/Library/Developer/Xcode/DerivedData/KM-dumqlooxnczgiebhdhmwylfdzlpq/SourcePackages/checkouts/GRDB.swift/GRDB/QueryInterface/TableRecord+Association.swift /Users/constantine/Library/Developer/Xcode/DerivedData/KM-dumqlooxnczgiebhdhmwylfdzlpq/SourcePackages/checkouts/GRDB.swift/GRDB/QueryInterface/TableRecord+QueryInterfaceRequest.swift /Users/constantine/Library/Developer/Xcode/DerivedData/KM-dumqlooxnczgiebhdhmwylfdzlpq/SourcePackages/checkouts/GRDB.swift/GRDB/Record/EncodableRecord+Encodable.swift /Users/constantine/Library/Developer/Xcode/DerivedData/KM-dumqlooxnczgiebhdhmwylfdzlpq/SourcePackages/checkouts/GRDB.swift/GRDB/Record/EncodableRecord.swift /Users/constantine/Library/Developer/Xcode/DerivedData/KM-dumqlooxnczgiebhdhmwylfdzlpq/SourcePackages/checkouts/GRDB.swift/GRDB/Record/FetchableRecord+Decodable.swift /Users/constantine/Library/Developer/Xcode/DerivedData/KM-dumqlooxnczgiebhdhmwylfdzlpq/SourcePackages/checkouts/GRDB.swift/GRDB/Record/FetchableRecord+TableRecord.swift (in target 'GRDB' from project 'GRDB')

SwiftCompile normal arm64 /Users/constantine/Library/Developer/Xcode/DerivedData/KM-dumqlooxnczgiebhdhmwylfdzlpq/SourcePackages/checkouts/GRDB.swift/GRDB/QueryInterface/Schema/TableAlteration.swift (in target 'GRDB' from project 'GRDB')
    cd /Users/constantine/Documents/work/code/projects/km/KM.xcodeproj
    

SwiftCompile normal arm64 /Users/constantine/Library/Developer/Xcode/DerivedData/KM-dumqlooxnczgiebhdhmwylfdzlpq/SourcePackages/checkouts/GRDB.swift/GRDB/QueryInterface/Schema/TableDefinition.swift (in target 'GRDB' from project 'GRDB')
    cd /Users/constantine/Documents/work/code/projects/km/KM.xcodeproj
    

SwiftCompile normal arm64 /Users/constantine/Library/Developer/Xcode/DerivedData/KM-dumqlooxnczgiebhdhmwylfdzlpq/SourcePackages/checkouts/GRDB.swift/GRDB/QueryInterface/Schema/VirtualTableModule.swift (in target 'GRDB' from project 'GRDB')
    cd /Users/constantine/Documents/work/code/projects/km/KM.xcodeproj
    

SwiftCompile normal arm64 /Users/constantine/Library/Developer/Xcode/DerivedData/KM-dumqlooxnczgiebhdhmwylfdzlpq/SourcePackages/checkouts/GRDB.swift/GRDB/QueryInterface/TableRecord+Association.swift (in target 'GRDB' from project 'GRDB')
    cd /Users/constantine/Documents/work/code/projects/km/KM.xcodeproj
    

SwiftCompile normal arm64 /Users/constantine/Library/Developer/Xcode/DerivedData/KM-dumqlooxnczgiebhdhmwylfdzlpq/SourcePackages/checkouts/GRDB.swift/GRDB/QueryInterface/TableRecord+QueryInterfaceRequest.swift (in target 'GRDB' from project 'GRDB')
    cd /Users/constantine/Documents/work/code/projects/km/KM.xcodeproj
    

SwiftCompile normal arm64 /Users/constantine/Library/Developer/Xcode/DerivedData/KM-dumqlooxnczgiebhdhmwylfdzlpq/SourcePackages/checkouts/GRDB.swift/GRDB/Record/EncodableRecord+Encodable.swift (in target 'GRDB' from project 'GRDB')
    cd /Users/constantine/Documents/work/code/projects/km/KM.xcodeproj
    

SwiftCompile normal arm64 /Users/constantine/Library/Developer/Xcode/DerivedData/KM-dumqlooxnczgiebhdhmwylfdzlpq/SourcePackages/checkouts/GRDB.swift/GRDB/Record/EncodableRecord.swift (in target 'GRDB' from project 'GRDB')
    cd /Users/constantine/Documents/work/code/projects/km/KM.xcodeproj
    

SwiftCompile normal arm64 /Users/constantine/Library/Developer/Xcode/DerivedData/KM-dumqlooxnczgiebhdhmwylfdzlpq/SourcePackages/checkouts/GRDB.swift/GRDB/Record/FetchableRecord+Decodable.swift (in target 'GRDB' from project 'GRDB')
    cd /Users/constantine/Documents/work/code/projects/km/KM.xcodeproj
    

SwiftCompile normal arm64 /Users/constantine/Library/Developer/Xcode/DerivedData/KM-dumqlooxnczgiebhdhmwylfdzlpq/SourcePackages/checkouts/GRDB.swift/GRDB/Record/FetchableRecord+TableRecord.swift (in target 'GRDB' from project 'GRDB')
    cd /Users/constantine/Documents/work/code/projects/km/KM.xcodeproj
    

SwiftCompile normal arm64 Compiling\ FetchableRecord.swift,\ MutablePersistableRecord+DAO.swift,\ MutablePersistableRecord+Delete.swift,\ MutablePersistableRecord+Insert.swift,\ MutablePersistableRecord+Save.swift,\ MutablePersistableRecord+Update.swift,\ MutablePersistableRecord+Upsert.swift,\ MutablePersistableRecord.swift,\ PersistableRecord+Insert.swift /Users/constantine/Library/Developer/Xcode/DerivedData/KM-dumqlooxnczgiebhdhmwylfdzlpq/SourcePackages/checkouts/GRDB.swift/GRDB/Record/FetchableRecord.swift /Users/constantine/Library/Developer/Xcode/DerivedData/KM-dumqlooxnczgiebhdhmwylfdzlpq/SourcePackages/checkouts/GRDB.swift/GRDB/Record/MutablePersistableRecord+DAO.swift /Users/constantine/Library/Developer/Xcode/DerivedData/KM-dumqlooxnczgiebhdhmwylfdzlpq/SourcePackages/checkouts/GRDB.swift/GRDB/Record/MutablePersistableRecord+Delete.swift /Users/constantine/Library/Developer/Xcode/DerivedData/KM-dumqlooxnczgiebhdhmwylfdzlpq/SourcePackages/checkouts/GRDB.swift/GRDB/Record/MutablePersistableRecord+Insert.swift /Users/constantine/Library/Developer/Xcode/DerivedData/KM-dumqlooxnczgiebhdhmwylfdzlpq/SourcePackages/checkouts/GRDB.swift/GRDB/Record/MutablePersistableRecord+Save.swift /Users/constantine/Library/Developer/Xcode/DerivedData/KM-dumqlooxnczgiebhdhmwylfdzlpq/SourcePackages/checkouts/GRDB.swift/GRDB/Record/MutablePersistableRecord+Update.swift /Users/constantine/Library/Developer/Xcode/DerivedData/KM-dumqlooxnczgiebhdhmwylfdzlpq/SourcePackages/checkouts/GRDB.swift/GRDB/Record/MutablePersistableRecord+Upsert.swift /Users/constantine/Library/Developer/Xcode/DerivedData/KM-dumqlooxnczgiebhdhmwylfdzlpq/SourcePackages/checkouts/GRDB.swift/GRDB/Record/MutablePersistableRecord.swift /Users/constantine/Library/Developer/Xcode/DerivedData/KM-dumqlooxnczgiebhdhmwylfdzlpq/SourcePackages/checkouts/GRDB.swift/GRDB/Record/PersistableRecord+Insert.swift (in target 'GRDB' from project 'GRDB')

SwiftCompile normal arm64 /Users/constantine/Library/Developer/Xcode/DerivedData/KM-dumqlooxnczgiebhdhmwylfdzlpq/SourcePackages/checkouts/GRDB.swift/GRDB/Record/FetchableRecord.swift (in target 'GRDB' from project 'GRDB')
    cd /Users/constantine/Documents/work/code/projects/km/KM.xcodeproj
    

SwiftCompile normal arm64 /Users/constantine/Library/Developer/Xcode/DerivedData/KM-dumqlooxnczgiebhdhmwylfdzlpq/SourcePackages/checkouts/GRDB.swift/GRDB/Record/MutablePersistableRecord+DAO.swift (in target 'GRDB' from project 'GRDB')
    cd /Users/constantine/Documents/work/code/projects/km/KM.xcodeproj
    

SwiftCompile normal arm64 /Users/constantine/Library/Developer/Xcode/DerivedData/KM-dumqlooxnczgiebhdhmwylfdzlpq/SourcePackages/checkouts/GRDB.swift/GRDB/Record/MutablePersistableRecord+Delete.swift (in target 'GRDB' from project 'GRDB')
    cd /Users/constantine/Documents/work/code/projects/km/KM.xcodeproj
    

SwiftCompile normal arm64 /Users/constantine/Library/Developer/Xcode/DerivedData/KM-dumqlooxnczgiebhdhmwylfdzlpq/SourcePackages/checkouts/GRDB.swift/GRDB/Record/MutablePersistableRecord+Insert.swift (in target 'GRDB' from project 'GRDB')
    cd /Users/constantine/Documents/work/code/projects/km/KM.xcodeproj
    

SwiftCompile normal arm64 /Users/constantine/Library/Developer/Xcode/DerivedData/KM-dumqlooxnczgiebhdhmwylfdzlpq/SourcePackages/checkouts/GRDB.swift/GRDB/Record/MutablePersistableRecord+Save.swift (in target 'GRDB' from project 'GRDB')
    cd /Users/constantine/Documents/work/code/projects/km/KM.xcodeproj
    

SwiftCompile normal arm64 /Users/constantine/Library/Developer/Xcode/DerivedData/KM-dumqlooxnczgiebhdhmwylfdzlpq/SourcePackages/checkouts/GRDB.swift/GRDB/Record/MutablePersistableRecord+Update.swift (in target 'GRDB' from project 'GRDB')
    cd /Users/constantine/Documents/work/code/projects/km/KM.xcodeproj
    

SwiftCompile normal arm64 /Users/constantine/Library/Developer/Xcode/DerivedData/KM-dumqlooxnczgiebhdhmwylfdzlpq/SourcePackages/checkouts/GRDB.swift/GRDB/Record/MutablePersistableRecord+Upsert.swift (in target 'GRDB' from project 'GRDB')
    cd /Users/constantine/Documents/work/code/projects/km/KM.xcodeproj
    

SwiftCompile normal arm64 /Users/constantine/Library/Developer/Xcode/DerivedData/KM-dumqlooxnczgiebhdhmwylfdzlpq/SourcePackages/checkouts/GRDB.swift/GRDB/Record/MutablePersistableRecord.swift (in target 'GRDB' from project 'GRDB')
    cd /Users/constantine/Documents/work/code/projects/km/KM.xcodeproj
    

SwiftCompile normal arm64 /Users/constantine/Library/Developer/Xcode/DerivedData/KM-dumqlooxnczgiebhdhmwylfdzlpq/SourcePackages/checkouts/GRDB.swift/GRDB/Record/PersistableRecord+Insert.swift (in target 'GRDB' from project 'GRDB')
    cd /Users/constantine/Documents/work/code/projects/km/KM.xcodeproj
    

SwiftCompile normal arm64 Compiling\ ForeignKey.swift,\ Association.swift,\ AssociationAggregate.swift,\ BelongsToAssociation.swift,\ HasManyAssociation.swift,\ HasManyThroughAssociation.swift,\ HasOneAssociation.swift,\ HasOneThroughAssociation.swift,\ JoinAssociation.swift /Users/constantine/Library/Developer/Xcode/DerivedData/KM-dumqlooxnczgiebhdhmwylfdzlpq/SourcePackages/checkouts/GRDB.swift/GRDB/QueryInterface/ForeignKey.swift /Users/constantine/Library/Developer/Xcode/DerivedData/KM-dumqlooxnczgiebhdhmwylfdzlpq/SourcePackages/checkouts/GRDB.swift/GRDB/QueryInterface/Request/Association/Association.swift /Users/constantine/Library/Developer/Xcode/DerivedData/KM-dumqlooxnczgiebhdhmwylfdzlpq/SourcePackages/checkouts/GRDB.swift/GRDB/QueryInterface/Request/Association/AssociationAggregate.swift /Users/constantine/Library/Developer/Xcode/DerivedData/KM-dumqlooxnczgiebhdhmwylfdzlpq/SourcePackages/checkouts/GRDB.swift/GRDB/QueryInterface/Request/Association/BelongsToAssociation.swift /Users/constantine/Library/Developer/Xcode/DerivedData/KM-dumqlooxnczgiebhdhmwylfdzlpq/SourcePackages/checkouts/GRDB.swift/GRDB/QueryInterface/Request/Association/HasManyAssociation.swift /Users/constantine/Library/Developer/Xcode/DerivedData/KM-dumqlooxnczgiebhdhmwylfdzlpq/SourcePackages/checkouts/GRDB.swift/GRDB/QueryInterface/Request/Association/HasManyThroughAssociation.swift /Users/constantine/Library/Developer/Xcode/DerivedData/KM-dumqlooxnczgiebhdhmwylfdzlpq/SourcePackages/checkouts/GRDB.swift/GRDB/QueryInterface/Request/Association/HasOneAssociation.swift /Users/constantine/Library/Developer/Xcode/DerivedData/KM-dumqlooxnczgiebhdhmwylfdzlpq/SourcePackages/checkouts/GRDB.swift/GRDB/QueryInterface/Request/Association/HasOneThroughAssociation.swift /Users/constantine/Library/Developer/Xcode/DerivedData/KM-dumqlooxnczgiebhdhmwylfdzlpq/SourcePackages/checkouts/GRDB.swift/GRDB/QueryInterface/Request/Association/JoinAssociation.swift (in target 'GRDB' from project 'GRDB')

SwiftCompile normal arm64 /Users/constantine/Library/Developer/Xcode/DerivedData/KM-dumqlooxnczgiebhdhmwylfdzlpq/SourcePackages/checkouts/GRDB.swift/GRDB/QueryInterface/ForeignKey.swift (in target 'GRDB' from project 'GRDB')
    cd /Users/constantine/Documents/work/code/projects/km/KM.xcodeproj
    

SwiftCompile normal arm64 /Users/constantine/Library/Developer/Xcode/DerivedData/KM-dumqlooxnczgiebhdhmwylfdzlpq/SourcePackages/checkouts/GRDB.swift/GRDB/QueryInterface/Request/Association/Association.swift (in target 'GRDB' from project 'GRDB')
    cd /Users/constantine/Documents/work/code/projects/km/KM.xcodeproj
    

SwiftCompile normal arm64 /Users/constantine/Library/Developer/Xcode/DerivedData/KM-dumqlooxnczgiebhdhmwylfdzlpq/SourcePackages/checkouts/GRDB.swift/GRDB/QueryInterface/Request/Association/AssociationAggregate.swift (in target 'GRDB' from project 'GRDB')
    cd /Users/constantine/Documents/work/code/projects/km/KM.xcodeproj
    

SwiftCompile normal arm64 /Users/constantine/Library/Developer/Xcode/DerivedData/KM-dumqlooxnczgiebhdhmwylfdzlpq/SourcePackages/checkouts/GRDB.swift/GRDB/QueryInterface/Request/Association/BelongsToAssociation.swift (in target 'GRDB' from project 'GRDB')
    cd /Users/constantine/Documents/work/code/projects/km/KM.xcodeproj
    

SwiftCompile normal arm64 /Users/constantine/Library/Developer/Xcode/DerivedData/KM-dumqlooxnczgiebhdhmwylfdzlpq/SourcePackages/checkouts/GRDB.swift/GRDB/QueryInterface/Request/Association/HasManyAssociation.swift (in target 'GRDB' from project 'GRDB')
    cd /Users/constantine/Documents/work/code/projects/km/KM.xcodeproj
    

SwiftCompile normal arm64 /Users/constantine/Library/Developer/Xcode/DerivedData/KM-dumqlooxnczgiebhdhmwylfdzlpq/SourcePackages/checkouts/GRDB.swift/GRDB/QueryInterface/Request/Association/HasManyThroughAssociation.swift (in target 'GRDB' from project 'GRDB')
    cd /Users/constantine/Documents/work/code/projects/km/KM.xcodeproj
    

SwiftCompile normal arm64 /Users/constantine/Library/Developer/Xcode/DerivedData/KM-dumqlooxnczgiebhdhmwylfdzlpq/SourcePackages/checkouts/GRDB.swift/GRDB/QueryInterface/Request/Association/HasOneAssociation.swift (in target 'GRDB' from project 'GRDB')
    cd /Users/constantine/Documents/work/code/projects/km/KM.xcodeproj
    

SwiftCompile normal arm64 /Users/constantine/Library/Developer/Xcode/DerivedData/KM-dumqlooxnczgiebhdhmwylfdzlpq/SourcePackages/checkouts/GRDB.swift/GRDB/QueryInterface/Request/Association/HasOneThroughAssociation.swift (in target 'GRDB' from project 'GRDB')
    cd /Users/constantine/Documents/work/code/projects/km/KM.xcodeproj
    

SwiftCompile normal arm64 /Users/constantine/Library/Developer/Xcode/DerivedData/KM-dumqlooxnczgiebhdhmwylfdzlpq/SourcePackages/checkouts/GRDB.swift/GRDB/QueryInterface/Request/Association/JoinAssociation.swift (in target 'GRDB' from project 'GRDB')
    cd /Users/constantine/Documents/work/code/projects/km/KM.xcodeproj
    

SwiftCompile normal arm64 Compiling\ FTS3.swift,\ FTS3Pattern.swift,\ FTS3TokenizerDescriptor.swift,\ FTS4.swift,\ FTS5.swift,\ FTS5CustomTokenizer.swift,\ FTS5Pattern.swift,\ FTS5Tokenizer.swift,\ FTS5TokenizerDescriptor.swift /Users/constantine/Library/Developer/Xcode/DerivedData/KM-dumqlooxnczgiebhdhmwylfdzlpq/SourcePackages/checkouts/GRDB.swift/GRDB/FTS/FTS3.swift /Users/constantine/Library/Developer/Xcode/DerivedData/KM-dumqlooxnczgiebhdhmwylfdzlpq/SourcePackages/checkouts/GRDB.swift/GRDB/FTS/FTS3Pattern.swift /Users/constantine/Library/Developer/Xcode/DerivedData/KM-dumqlooxnczgiebhdhmwylfdzlpq/SourcePackages/checkouts/GRDB.swift/GRDB/FTS/FTS3TokenizerDescriptor.swift /Users/constantine/Library/Developer/Xcode/DerivedData/KM-dumqlooxnczgiebhdhmwylfdzlpq/SourcePackages/checkouts/GRDB.swift/GRDB/FTS/FTS4.swift /Users/constantine/Library/Developer/Xcode/DerivedData/KM-dumqlooxnczgiebhdhmwylfdzlpq/SourcePackages/checkouts/GRDB.swift/GRDB/FTS/FTS5.swift /Users/constantine/Library/Developer/Xcode/DerivedData/KM-dumqlooxnczgiebhdhmwylfdzlpq/SourcePackages/checkouts/GRDB.swift/GRDB/FTS/FTS5CustomTokenizer.swift /Users/constantine/Library/Developer/Xcode/DerivedData/KM-dumqlooxnczgiebhdhmwylfdzlpq/SourcePackages/checkouts/GRDB.swift/GRDB/FTS/FTS5Pattern.swift /Users/constantine/Library/Developer/Xcode/DerivedData/KM-dumqlooxnczgiebhdhmwylfdzlpq/SourcePackages/checkouts/GRDB.swift/GRDB/FTS/FTS5Tokenizer.swift /Users/constantine/Library/Developer/Xcode/DerivedData/KM-dumqlooxnczgiebhdhmwylfdzlpq/SourcePackages/checkouts/GRDB.swift/GRDB/FTS/FTS5TokenizerDescriptor.swift (in target 'GRDB' from project 'GRDB')

SwiftCompile normal arm64 /Users/constantine/Library/Developer/Xcode/DerivedData/KM-dumqlooxnczgiebhdhmwylfdzlpq/SourcePackages/checkouts/GRDB.swift/GRDB/FTS/FTS3.swift (in target 'GRDB' from project 'GRDB')
    cd /Users/constantine/Documents/work/code/projects/km/KM.xcodeproj
    

SwiftCompile normal arm64 /Users/constantine/Library/Developer/Xcode/DerivedData/KM-dumqlooxnczgiebhdhmwylfdzlpq/SourcePackages/checkouts/GRDB.swift/GRDB/FTS/FTS3Pattern.swift (in target 'GRDB' from project 'GRDB')
    cd /Users/constantine/Documents/work/code/projects/km/KM.xcodeproj
    

SwiftCompile normal arm64 /Users/constantine/Library/Developer/Xcode/DerivedData/KM-dumqlooxnczgiebhdhmwylfdzlpq/SourcePackages/checkouts/GRDB.swift/GRDB/FTS/FTS3TokenizerDescriptor.swift (in target 'GRDB' from project 'GRDB')
    cd /Users/constantine/Documents/work/code/projects/km/KM.xcodeproj
    

SwiftCompile normal arm64 /Users/constantine/Library/Developer/Xcode/DerivedData/KM-dumqlooxnczgiebhdhmwylfdzlpq/SourcePackages/checkouts/GRDB.swift/GRDB/FTS/FTS4.swift (in target 'GRDB' from project 'GRDB')
    cd /Users/constantine/Documents/work/code/projects/km/KM.xcodeproj
    

SwiftCompile normal arm64 /Users/constantine/Library/Developer/Xcode/DerivedData/KM-dumqlooxnczgiebhdhmwylfdzlpq/SourcePackages/checkouts/GRDB.swift/GRDB/FTS/FTS5.swift (in target 'GRDB' from project 'GRDB')
    cd /Users/constantine/Documents/work/code/projects/km/KM.xcodeproj
    

SwiftCompile normal arm64 /Users/constantine/Library/Developer/Xcode/DerivedData/KM-dumqlooxnczgiebhdhmwylfdzlpq/SourcePackages/checkouts/GRDB.swift/GRDB/FTS/FTS5CustomTokenizer.swift (in target 'GRDB' from project 'GRDB')
    cd /Users/constantine/Documents/work/code/projects/km/KM.xcodeproj
    

SwiftCompile normal arm64 /Users/constantine/Library/Developer/Xcode/DerivedData/KM-dumqlooxnczgiebhdhmwylfdzlpq/SourcePackages/checkouts/GRDB.swift/GRDB/FTS/FTS5Pattern.swift (in target 'GRDB' from project 'GRDB')
    cd /Users/constantine/Documents/work/code/projects/km/KM.xcodeproj
    

SwiftCompile normal arm64 /Users/constantine/Library/Developer/Xcode/DerivedData/KM-dumqlooxnczgiebhdhmwylfdzlpq/SourcePackages/checkouts/GRDB.swift/GRDB/FTS/FTS5Tokenizer.swift (in target 'GRDB' from project 'GRDB')
    cd /Users/constantine/Documents/work/code/projects/km/KM.xcodeproj
    

SwiftCompile normal arm64 /Users/constantine/Library/Developer/Xcode/DerivedData/KM-dumqlooxnczgiebhdhmwylfdzlpq/SourcePackages/checkouts/GRDB.swift/GRDB/FTS/FTS5TokenizerDescriptor.swift (in target 'GRDB' from project 'GRDB')
    cd /Users/constantine/Documents/work/code/projects/km/KM.xcodeproj
    

SwiftCompile normal arm64 Compiling\ CommonTableExpression.swift,\ QueryInterfaceRequest.swift,\ RequestProtocols.swift,\ Column.swift,\ DatabasePromise.swift,\ SQLAssociation.swift,\ SQLCollection.swift,\ SQLExpression.swift,\ SQLForeignKeyRequest.swift /Users/constantine/Library/Developer/Xcode/DerivedData/KM-dumqlooxnczgiebhdhmwylfdzlpq/SourcePackages/checkouts/GRDB.swift/GRDB/QueryInterface/Request/CommonTableExpression.swift /Users/constantine/Library/Developer/Xcode/DerivedData/KM-dumqlooxnczgiebhdhmwylfdzlpq/SourcePackages/checkouts/GRDB.swift/GRDB/QueryInterface/Request/QueryInterfaceRequest.swift /Users/constantine/Library/Developer/Xcode/DerivedData/KM-dumqlooxnczgiebhdhmwylfdzlpq/SourcePackages/checkouts/GRDB.swift/GRDB/QueryInterface/Request/RequestProtocols.swift /Users/constantine/Library/Developer/Xcode/DerivedData/KM-dumqlooxnczgiebhdhmwylfdzlpq/SourcePackages/checkouts/GRDB.swift/GRDB/QueryInterface/SQL/Column.swift /Users/constantine/Library/Developer/Xcode/DerivedData/KM-dumqlooxnczgiebhdhmwylfdzlpq/SourcePackages/checkouts/GRDB.swift/GRDB/QueryInterface/SQL/DatabasePromise.swift /Users/constantine/Library/Developer/Xcode/DerivedData/KM-dumqlooxnczgiebhdhmwylfdzlpq/SourcePackages/checkouts/GRDB.swift/GRDB/QueryInterface/SQL/SQLAssociation.swift /Users/constantine/Library/Developer/Xcode/DerivedData/KM-dumqlooxnczgiebhdhmwylfdzlpq/SourcePackages/checkouts/GRDB.swift/GRDB/QueryInterface/SQL/SQLCollection.swift /Users/constantine/Library/Developer/Xcode/DerivedData/KM-dumqlooxnczgiebhdhmwylfdzlpq/SourcePackages/checkouts/GRDB.swift/GRDB/QueryInterface/SQL/SQLExpression.swift /Users/constantine/Library/Developer/Xcode/DerivedData/KM-dumqlooxnczgiebhdhmwylfdzlpq/SourcePackages/checkouts/GRDB.swift/GRDB/QueryInterface/SQL/SQLForeignKeyRequest.swift (in target 'GRDB' from project 'GRDB')

SwiftCompile normal arm64 /Users/constantine/Library/Developer/Xcode/DerivedData/KM-dumqlooxnczgiebhdhmwylfdzlpq/SourcePackages/checkouts/GRDB.swift/GRDB/QueryInterface/Request/CommonTableExpression.swift (in target 'GRDB' from project 'GRDB')
    cd /Users/constantine/Documents/work/code/projects/km/KM.xcodeproj
    

SwiftCompile normal arm64 /Users/constantine/Library/Developer/Xcode/DerivedData/KM-dumqlooxnczgiebhdhmwylfdzlpq/SourcePackages/checkouts/GRDB.swift/GRDB/QueryInterface/Request/QueryInterfaceRequest.swift (in target 'GRDB' from project 'GRDB')
    cd /Users/constantine/Documents/work/code/projects/km/KM.xcodeproj
    

SwiftCompile normal arm64 /Users/constantine/Library/Developer/Xcode/DerivedData/KM-dumqlooxnczgiebhdhmwylfdzlpq/SourcePackages/checkouts/GRDB.swift/GRDB/QueryInterface/Request/RequestProtocols.swift (in target 'GRDB' from project 'GRDB')
    cd /Users/constantine/Documents/work/code/projects/km/KM.xcodeproj
    

SwiftCompile normal arm64 /Users/constantine/Library/Developer/Xcode/DerivedData/KM-dumqlooxnczgiebhdhmwylfdzlpq/SourcePackages/checkouts/GRDB.swift/GRDB/QueryInterface/SQL/Column.swift (in target 'GRDB' from project 'GRDB')
    cd /Users/constantine/Documents/work/code/projects/km/KM.xcodeproj
    

SwiftCompile normal arm64 /Users/constantine/Library/Developer/Xcode/DerivedData/KM-dumqlooxnczgiebhdhmwylfdzlpq/SourcePackages/checkouts/GRDB.swift/GRDB/QueryInterface/SQL/DatabasePromise.swift (in target 'GRDB' from project 'GRDB')
    cd /Users/constantine/Documents/work/code/projects/km/KM.xcodeproj
    

SwiftCompile normal arm64 /Users/constantine/Library/Developer/Xcode/DerivedData/KM-dumqlooxnczgiebhdhmwylfdzlpq/SourcePackages/checkouts/GRDB.swift/GRDB/QueryInterface/SQL/SQLAssociation.swift (in target 'GRDB' from project 'GRDB')
    cd /Users/constantine/Documents/work/code/projects/km/KM.xcodeproj
    

SwiftCompile normal arm64 /Users/constantine/Library/Developer/Xcode/DerivedData/KM-dumqlooxnczgiebhdhmwylfdzlpq/SourcePackages/checkouts/GRDB.swift/GRDB/QueryInterface/SQL/SQLCollection.swift (in target 'GRDB' from project 'GRDB')
    cd /Users/constantine/Documents/work/code/projects/km/KM.xcodeproj
    

SwiftCompile normal arm64 /Users/constantine/Library/Developer/Xcode/DerivedData/KM-dumqlooxnczgiebhdhmwylfdzlpq/SourcePackages/checkouts/GRDB.swift/GRDB/QueryInterface/SQL/SQLExpression.swift (in target 'GRDB' from project 'GRDB')
    cd /Users/constantine/Documents/work/code/projects/km/KM.xcodeproj
    

SwiftCompile normal arm64 /Users/constantine/Library/Developer/Xcode/DerivedData/KM-dumqlooxnczgiebhdhmwylfdzlpq/SourcePackages/checkouts/GRDB.swift/GRDB/QueryInterface/SQL/SQLForeignKeyRequest.swift (in target 'GRDB' from project 'GRDB')
    cd /Users/constantine/Documents/work/code/projects/km/KM.xcodeproj
    

SwiftCompile normal arm64 Compiling\ SQLFunctions.swift,\ SQLOperators.swift,\ SQLOrdering.swift,\ SQLRelation.swift,\ SQLSelection.swift,\ SQLSubquery.swift,\ Table.swift,\ SQLColumnGenerator.swift,\ SQLGenerationContext.swift /Users/constantine/Library/Developer/Xcode/DerivedData/KM-dumqlooxnczgiebhdhmwylfdzlpq/SourcePackages/checkouts/GRDB.swift/GRDB/QueryInterface/SQL/SQLFunctions.swift /Users/constantine/Library/Developer/Xcode/DerivedData/KM-dumqlooxnczgiebhdhmwylfdzlpq/SourcePackages/checkouts/GRDB.swift/GRDB/QueryInterface/SQL/SQLOperators.swift /Users/constantine/Library/Developer/Xcode/DerivedData/KM-dumqlooxnczgiebhdhmwylfdzlpq/SourcePackages/checkouts/GRDB.swift/GRDB/QueryInterface/SQL/SQLOrdering.swift /Users/constantine/Library/Developer/Xcode/DerivedData/KM-dumqlooxnczgiebhdhmwylfdzlpq/SourcePackages/checkouts/GRDB.swift/GRDB/QueryInterface/SQL/SQLRelation.swift /Users/constantine/Library/Developer/Xcode/DerivedData/KM-dumqlooxnczgiebhdhmwylfdzlpq/SourcePackages/checkouts/GRDB.swift/GRDB/QueryInterface/SQL/SQLSelection.swift /Users/constantine/Library/Developer/Xcode/DerivedData/KM-dumqlooxnczgiebhdhmwylfdzlpq/SourcePackages/checkouts/GRDB.swift/GRDB/QueryInterface/SQL/SQLSubquery.swift /Users/constantine/Library/Developer/Xcode/DerivedData/KM-dumqlooxnczgiebhdhmwylfdzlpq/SourcePackages/checkouts/GRDB.swift/GRDB/QueryInterface/SQL/Table.swift /Users/constantine/Library/Developer/Xcode/DerivedData/KM-dumqlooxnczgiebhdhmwylfdzlpq/SourcePackages/checkouts/GRDB.swift/GRDB/QueryInterface/SQLGeneration/SQLColumnGenerator.swift /Users/constantine/Library/Developer/Xcode/DerivedData/KM-dumqlooxnczgiebhdhmwylfdzlpq/SourcePackages/checkouts/GRDB.swift/GRDB/QueryInterface/SQLGeneration/SQLGenerationContext.swift (in target 'GRDB' from project 'GRDB')

SwiftCompile normal arm64 /Users/constantine/Library/Developer/Xcode/DerivedData/KM-dumqlooxnczgiebhdhmwylfdzlpq/SourcePackages/checkouts/GRDB.swift/GRDB/QueryInterface/SQL/SQLFunctions.swift (in target 'GRDB' from project 'GRDB')
    cd /Users/constantine/Documents/work/code/projects/km/KM.xcodeproj
    

SwiftCompile normal arm64 /Users/constantine/Library/Developer/Xcode/DerivedData/KM-dumqlooxnczgiebhdhmwylfdzlpq/SourcePackages/checkouts/GRDB.swift/GRDB/QueryInterface/SQL/SQLOperators.swift (in target 'GRDB' from project 'GRDB')
    cd /Users/constantine/Documents/work/code/projects/km/KM.xcodeproj
    

SwiftCompile normal arm64 /Users/constantine/Library/Developer/Xcode/DerivedData/KM-dumqlooxnczgiebhdhmwylfdzlpq/SourcePackages/checkouts/GRDB.swift/GRDB/QueryInterface/SQL/SQLOrdering.swift (in target 'GRDB' from project 'GRDB')
    cd /Users/constantine/Documents/work/code/projects/km/KM.xcodeproj
    

SwiftCompile normal arm64 /Users/constantine/Library/Developer/Xcode/DerivedData/KM-dumqlooxnczgiebhdhmwylfdzlpq/SourcePackages/checkouts/GRDB.swift/GRDB/QueryInterface/SQL/SQLRelation.swift (in target 'GRDB' from project 'GRDB')
    cd /Users/constantine/Documents/work/code/projects/km/KM.xcodeproj
    

SwiftCompile normal arm64 /Users/constantine/Library/Developer/Xcode/DerivedData/KM-dumqlooxnczgiebhdhmwylfdzlpq/SourcePackages/checkouts/GRDB.swift/GRDB/QueryInterface/SQL/SQLSelection.swift (in target 'GRDB' from project 'GRDB')
    cd /Users/constantine/Documents/work/code/projects/km/KM.xcodeproj
    

SwiftCompile normal arm64 /Users/constantine/Library/Developer/Xcode/DerivedData/KM-dumqlooxnczgiebhdhmwylfdzlpq/SourcePackages/checkouts/GRDB.swift/GRDB/QueryInterface/SQL/SQLSubquery.swift (in target 'GRDB' from project 'GRDB')
    cd /Users/constantine/Documents/work/code/projects/km/KM.xcodeproj
    

SwiftCompile normal arm64 /Users/constantine/Library/Developer/Xcode/DerivedData/KM-dumqlooxnczgiebhdhmwylfdzlpq/SourcePackages/checkouts/GRDB.swift/GRDB/QueryInterface/SQL/Table.swift (in target 'GRDB' from project 'GRDB')
    cd /Users/constantine/Documents/work/code/projects/km/KM.xcodeproj
    

SwiftCompile normal arm64 /Users/constantine/Library/Developer/Xcode/DerivedData/KM-dumqlooxnczgiebhdhmwylfdzlpq/SourcePackages/checkouts/GRDB.swift/GRDB/QueryInterface/SQLGeneration/SQLColumnGenerator.swift (in target 'GRDB' from project 'GRDB')
    cd /Users/constantine/Documents/work/code/projects/km/KM.xcodeproj
    

SwiftCompile normal arm64 /Users/constantine/Library/Developer/Xcode/DerivedData/KM-dumqlooxnczgiebhdhmwylfdzlpq/SourcePackages/checkouts/GRDB.swift/GRDB/QueryInterface/SQLGeneration/SQLGenerationContext.swift (in target 'GRDB' from project 'GRDB')
    cd /Users/constantine/Documents/work/code/projects/km/KM.xcodeproj
    

SwiftCompile normal arm64 Compiling\ DatabaseValueConvertible+Encodable.swift,\ DatabaseValueConvertible+RawRepresentable.swift,\ JSONRequiredEncoder.swift,\ Optional.swift,\ StandardLibrary.swift,\ TransactionClock.swift,\ TransactionObserver.swift,\ WALSnapshot.swift,\ WALSnapshotTransaction.swift /Users/constantine/Library/Developer/Xcode/DerivedData/KM-dumqlooxnczgiebhdhmwylfdzlpq/SourcePackages/checkouts/GRDB.swift/GRDB/Core/Support/StandardLibrary/DatabaseValueConvertible+Encodable.swift /Users/constantine/Library/Developer/Xcode/DerivedData/KM-dumqlooxnczgiebhdhmwylfdzlpq/SourcePackages/checkouts/GRDB.swift/GRDB/Core/Support/StandardLibrary/DatabaseValueConvertible+RawRepresentable.swift /Users/constantine/Library/Developer/Xcode/DerivedData/KM-dumqlooxnczgiebhdhmwylfdzlpq/SourcePackages/checkouts/GRDB.swift/GRDB/Core/Support/StandardLibrary/JSONRequiredEncoder.swift /Users/constantine/Library/Developer/Xcode/DerivedData/KM-dumqlooxnczgiebhdhmwylfdzlpq/SourcePackages/checkouts/GRDB.swift/GRDB/Core/Support/StandardLibrary/Optional.swift /Users/constantine/Library/Developer/Xcode/DerivedData/KM-dumqlooxnczgiebhdhmwylfdzlpq/SourcePackages/checkouts/GRDB.swift/GRDB/Core/Support/StandardLibrary/StandardLibrary.swift /Users/constantine/Library/Developer/Xcode/DerivedData/KM-dumqlooxnczgiebhdhmwylfdzlpq/SourcePackages/checkouts/GRDB.swift/GRDB/Core/TransactionClock.swift /Users/constantine/Library/Developer/Xcode/DerivedData/KM-dumqlooxnczgiebhdhmwylfdzlpq/SourcePackages/checkouts/GRDB.swift/GRDB/Core/TransactionObserver.swift /Users/constantine/Library/Developer/Xcode/DerivedData/KM-dumqlooxnczgiebhdhmwylfdzlpq/SourcePackages/checkouts/GRDB.swift/GRDB/Core/WALSnapshot.swift /Users/constantine/Library/Developer/Xcode/DerivedData/KM-dumqlooxnczgiebhdhmwylfdzlpq/SourcePackages/checkouts/GRDB.swift/GRDB/Core/WALSnapshotTransaction.swift (in target 'GRDB' from project 'GRDB')

SwiftCompile normal arm64 /Users/constantine/Library/Developer/Xcode/DerivedData/KM-dumqlooxnczgiebhdhmwylfdzlpq/SourcePackages/checkouts/GRDB.swift/GRDB/Core/Support/StandardLibrary/DatabaseValueConvertible+Encodable.swift (in target 'GRDB' from project 'GRDB')
    cd /Users/constantine/Documents/work/code/projects/km/KM.xcodeproj
    

SwiftCompile normal arm64 /Users/constantine/Library/Developer/Xcode/DerivedData/KM-dumqlooxnczgiebhdhmwylfdzlpq/SourcePackages/checkouts/GRDB.swift/GRDB/Core/Support/StandardLibrary/DatabaseValueConvertible+RawRepresentable.swift (in target 'GRDB' from project 'GRDB')
    cd /Users/constantine/Documents/work/code/projects/km/KM.xcodeproj
    

SwiftCompile normal arm64 /Users/constantine/Library/Developer/Xcode/DerivedData/KM-dumqlooxnczgiebhdhmwylfdzlpq/SourcePackages/checkouts/GRDB.swift/GRDB/Core/Support/StandardLibrary/JSONRequiredEncoder.swift (in target 'GRDB' from project 'GRDB')
    cd /Users/constantine/Documents/work/code/projects/km/KM.xcodeproj
    

SwiftCompile normal arm64 /Users/constantine/Library/Developer/Xcode/DerivedData/KM-dumqlooxnczgiebhdhmwylfdzlpq/SourcePackages/checkouts/GRDB.swift/GRDB/Core/Support/StandardLibrary/Optional.swift (in target 'GRDB' from project 'GRDB')
    cd /Users/constantine/Documents/work/code/projects/km/KM.xcodeproj
    

SwiftCompile normal arm64 /Users/constantine/Library/Developer/Xcode/DerivedData/KM-dumqlooxnczgiebhdhmwylfdzlpq/SourcePackages/checkouts/GRDB.swift/GRDB/Core/Support/StandardLibrary/StandardLibrary.swift (in target 'GRDB' from project 'GRDB')
    cd /Users/constantine/Documents/work/code/projects/km/KM.xcodeproj
    

SwiftCompile normal arm64 /Users/constantine/Library/Developer/Xcode/DerivedData/KM-dumqlooxnczgiebhdhmwylfdzlpq/SourcePackages/checkouts/GRDB.swift/GRDB/Core/TransactionClock.swift (in target 'GRDB' from project 'GRDB')
    cd /Users/constantine/Documents/work/code/projects/km/KM.xcodeproj
    

SwiftCompile normal arm64 /Users/constantine/Library/Developer/Xcode/DerivedData/KM-dumqlooxnczgiebhdhmwylfdzlpq/SourcePackages/checkouts/GRDB.swift/GRDB/Core/TransactionObserver.swift (in target 'GRDB' from project 'GRDB')
    cd /Users/constantine/Documents/work/code/projects/km/KM.xcodeproj
    

SwiftCompile normal arm64 /Users/constantine/Library/Developer/Xcode/DerivedData/KM-dumqlooxnczgiebhdhmwylfdzlpq/SourcePackages/checkouts/GRDB.swift/GRDB/Core/WALSnapshot.swift (in target 'GRDB' from project 'GRDB')
    cd /Users/constantine/Documents/work/code/projects/km/KM.xcodeproj
    

SwiftCompile normal arm64 /Users/constantine/Library/Developer/Xcode/DerivedData/KM-dumqlooxnczgiebhdhmwylfdzlpq/SourcePackages/checkouts/GRDB.swift/GRDB/Core/WALSnapshotTransaction.swift (in target 'GRDB' from project 'GRDB')
    cd /Users/constantine/Documents/work/code/projects/km/KM.xcodeproj
    

SwiftCompile normal arm64 Compiling\ Decimal.swift,\ NSData.swift,\ NSNull.swift,\ NSNumber.swift,\ NSString.swift,\ SQLiteDateParser.swift,\ URL.swift,\ UUID.swift,\ DatabaseValueConvertible+Decodable.swift /Users/constantine/Library/Developer/Xcode/DerivedData/KM-dumqlooxnczgiebhdhmwylfdzlpq/SourcePackages/checkouts/GRDB.swift/GRDB/Core/Support/Foundation/Decimal.swift /Users/constantine/Library/Developer/Xcode/DerivedData/KM-dumqlooxnczgiebhdhmwylfdzlpq/SourcePackages/checkouts/GRDB.swift/GRDB/Core/Support/Foundation/NSData.swift /Users/constantine/Library/Developer/Xcode/DerivedData/KM-dumqlooxnczgiebhdhmwylfdzlpq/SourcePackages/checkouts/GRDB.swift/GRDB/Core/Support/Foundation/NSNull.swift /Users/constantine/Library/Developer/Xcode/DerivedData/KM-dumqlooxnczgiebhdhmwylfdzlpq/SourcePackages/checkouts/GRDB.swift/GRDB/Core/Support/Foundation/NSNumber.swift /Users/constantine/Library/Developer/Xcode/DerivedData/KM-dumqlooxnczgiebhdhmwylfdzlpq/SourcePackages/checkouts/GRDB.swift/GRDB/Core/Support/Foundation/NSString.swift /Users/constantine/Library/Developer/Xcode/DerivedData/KM-dumqlooxnczgiebhdhmwylfdzlpq/SourcePackages/checkouts/GRDB.swift/GRDB/Core/Support/Foundation/SQLiteDateParser.swift /Users/constantine/Library/Developer/Xcode/DerivedData/KM-dumqlooxnczgiebhdhmwylfdzlpq/SourcePackages/checkouts/GRDB.swift/GRDB/Core/Support/Foundation/URL.swift /Users/constantine/Library/Developer/Xcode/DerivedData/KM-dumqlooxnczgiebhdhmwylfdzlpq/SourcePackages/checkouts/GRDB.swift/GRDB/Core/Support/Foundation/UUID.swift /Users/constantine/Library/Developer/Xcode/DerivedData/KM-dumqlooxnczgiebhdhmwylfdzlpq/SourcePackages/checkouts/GRDB.swift/GRDB/Core/Support/StandardLibrary/DatabaseValueConvertible+Decodable.swift (in target 'GRDB' from project 'GRDB')

SwiftCompile normal arm64 /Users/constantine/Library/Developer/Xcode/DerivedData/KM-dumqlooxnczgiebhdhmwylfdzlpq/SourcePackages/checkouts/GRDB.swift/GRDB/Core/Support/Foundation/Decimal.swift (in target 'GRDB' from project 'GRDB')
    cd /Users/constantine/Documents/work/code/projects/km/KM.xcodeproj
    

SwiftCompile normal arm64 /Users/constantine/Library/Developer/Xcode/DerivedData/KM-dumqlooxnczgiebhdhmwylfdzlpq/SourcePackages/checkouts/GRDB.swift/GRDB/Core/Support/Foundation/NSData.swift (in target 'GRDB' from project 'GRDB')
    cd /Users/constantine/Documents/work/code/projects/km/KM.xcodeproj
    

SwiftCompile normal arm64 /Users/constantine/Library/Developer/Xcode/DerivedData/KM-dumqlooxnczgiebhdhmwylfdzlpq/SourcePackages/checkouts/GRDB.swift/GRDB/Core/Support/Foundation/NSNull.swift (in target 'GRDB' from project 'GRDB')
    cd /Users/constantine/Documents/work/code/projects/km/KM.xcodeproj
    

SwiftCompile normal arm64 /Users/constantine/Library/Developer/Xcode/DerivedData/KM-dumqlooxnczgiebhdhmwylfdzlpq/SourcePackages/checkouts/GRDB.swift/GRDB/Core/Support/Foundation/NSNumber.swift (in target 'GRDB' from project 'GRDB')
    cd /Users/constantine/Documents/work/code/projects/km/KM.xcodeproj
    

SwiftCompile normal arm64 /Users/constantine/Library/Developer/Xcode/DerivedData/KM-dumqlooxnczgiebhdhmwylfdzlpq/SourcePackages/checkouts/GRDB.swift/GRDB/Core/Support/Foundation/NSString.swift (in target 'GRDB' from project 'GRDB')
    cd /Users/constantine/Documents/work/code/projects/km/KM.xcodeproj
    

SwiftCompile normal arm64 /Users/constantine/Library/Developer/Xcode/DerivedData/KM-dumqlooxnczgiebhdhmwylfdzlpq/SourcePackages/checkouts/GRDB.swift/GRDB/Core/Support/Foundation/SQLiteDateParser.swift (in target 'GRDB' from project 'GRDB')
    cd /Users/constantine/Documents/work/code/projects/km/KM.xcodeproj
    

SwiftCompile normal arm64 /Users/constantine/Library/Developer/Xcode/DerivedData/KM-dumqlooxnczgiebhdhmwylfdzlpq/SourcePackages/checkouts/GRDB.swift/GRDB/Core/Support/Foundation/URL.swift (in target 'GRDB' from project 'GRDB')
    cd /Users/constantine/Documents/work/code/projects/km/KM.xcodeproj
    

SwiftCompile normal arm64 /Users/constantine/Library/Developer/Xcode/DerivedData/KM-dumqlooxnczgiebhdhmwylfdzlpq/SourcePackages/checkouts/GRDB.swift/GRDB/Core/Support/Foundation/UUID.swift (in target 'GRDB' from project 'GRDB')
    cd /Users/constantine/Documents/work/code/projects/km/KM.xcodeproj
    

SwiftCompile normal arm64 /Users/constantine/Library/Developer/Xcode/DerivedData/KM-dumqlooxnczgiebhdhmwylfdzlpq/SourcePackages/checkouts/GRDB.swift/GRDB/Core/Support/StandardLibrary/DatabaseValueConvertible+Decodable.swift (in target 'GRDB' from project 'GRDB')
    cd /Users/constantine/Documents/work/code/projects/km/KM.xcodeproj
    

SwiftCompile normal arm64 Compiling\ DatabasePool.swift,\ DatabasePublishers.swift,\ DatabaseQueue.swift,\ DatabaseReader.swift,\ DatabaseRegion.swift,\ DatabaseRegionObservation.swift,\ DatabaseSchemaCache.swift,\ DatabaseSnapshot.swift,\ DatabaseSnapshotPool.swift,\ DatabaseValue.swift /Users/constantine/Library/Developer/Xcode/DerivedData/KM-dumqlooxnczgiebhdhmwylfdzlpq/SourcePackages/checkouts/GRDB.swift/GRDB/Core/DatabasePool.swift /Users/constantine/Library/Developer/Xcode/DerivedData/KM-dumqlooxnczgiebhdhmwylfdzlpq/SourcePackages/checkouts/GRDB.swift/GRDB/Core/DatabasePublishers.swift /Users/constantine/Library/Developer/Xcode/DerivedData/KM-dumqlooxnczgiebhdhmwylfdzlpq/SourcePackages/checkouts/GRDB.swift/GRDB/Core/DatabaseQueue.swift /Users/constantine/Library/Developer/Xcode/DerivedData/KM-dumqlooxnczgiebhdhmwylfdzlpq/SourcePackages/checkouts/GRDB.swift/GRDB/Core/DatabaseReader.swift /Users/constantine/Library/Developer/Xcode/DerivedData/KM-dumqlooxnczgiebhdhmwylfdzlpq/SourcePackages/checkouts/GRDB.swift/GRDB/Core/DatabaseRegion.swift /Users/constantine/Library/Developer/Xcode/DerivedData/KM-dumqlooxnczgiebhdhmwylfdzlpq/SourcePackages/checkouts/GRDB.swift/GRDB/Core/DatabaseRegionObservation.swift /Users/constantine/Library/Developer/Xcode/DerivedData/KM-dumqlooxnczgiebhdhmwylfdzlpq/SourcePackages/checkouts/GRDB.swift/GRDB/Core/DatabaseSchemaCache.swift /Users/constantine/Library/Developer/Xcode/DerivedData/KM-dumqlooxnczgiebhdhmwylfdzlpq/SourcePackages/checkouts/GRDB.swift/GRDB/Core/DatabaseSnapshot.swift /Users/constantine/Library/Developer/Xcode/DerivedData/KM-dumqlooxnczgiebhdhmwylfdzlpq/SourcePackages/checkouts/GRDB.swift/GRDB/Core/DatabaseSnapshotPool.swift /Users/constantine/Library/Developer/Xcode/DerivedData/KM-dumqlooxnczgiebhdhmwylfdzlpq/SourcePackages/checkouts/GRDB.swift/GRDB/Core/DatabaseValue.swift (in target 'GRDB' from project 'GRDB')

SwiftCompile normal arm64 /Users/constantine/Library/Developer/Xcode/DerivedData/KM-dumqlooxnczgiebhdhmwylfdzlpq/SourcePackages/checkouts/GRDB.swift/GRDB/Core/DatabasePool.swift (in target 'GRDB' from project 'GRDB')
    cd /Users/constantine/Documents/work/code/projects/km/KM.xcodeproj
    

SwiftCompile normal arm64 /Users/constantine/Library/Developer/Xcode/DerivedData/KM-dumqlooxnczgiebhdhmwylfdzlpq/SourcePackages/checkouts/GRDB.swift/GRDB/Core/DatabasePublishers.swift (in target 'GRDB' from project 'GRDB')
    cd /Users/constantine/Documents/work/code/projects/km/KM.xcodeproj
    

SwiftCompile normal arm64 /Users/constantine/Library/Developer/Xcode/DerivedData/KM-dumqlooxnczgiebhdhmwylfdzlpq/SourcePackages/checkouts/GRDB.swift/GRDB/Core/DatabaseQueue.swift (in target 'GRDB' from project 'GRDB')
    cd /Users/constantine/Documents/work/code/projects/km/KM.xcodeproj
    

SwiftCompile normal arm64 /Users/constantine/Library/Developer/Xcode/DerivedData/KM-dumqlooxnczgiebhdhmwylfdzlpq/SourcePackages/checkouts/GRDB.swift/GRDB/Core/DatabaseReader.swift (in target 'GRDB' from project 'GRDB')
    cd /Users/constantine/Documents/work/code/projects/km/KM.xcodeproj
    

SwiftCompile normal arm64 /Users/constantine/Library/Developer/Xcode/DerivedData/KM-dumqlooxnczgiebhdhmwylfdzlpq/SourcePackages/checkouts/GRDB.swift/GRDB/Core/DatabaseRegion.swift (in target 'GRDB' from project 'GRDB')
    cd /Users/constantine/Documents/work/code/projects/km/KM.xcodeproj
    

SwiftCompile normal arm64 /Users/constantine/Library/Developer/Xcode/DerivedData/KM-dumqlooxnczgiebhdhmwylfdzlpq/SourcePackages/checkouts/GRDB.swift/GRDB/Core/DatabaseRegionObservation.swift (in target 'GRDB' from project 'GRDB')
    cd /Users/constantine/Documents/work/code/projects/km/KM.xcodeproj
    

SwiftCompile normal arm64 /Users/constantine/Library/Developer/Xcode/DerivedData/KM-dumqlooxnczgiebhdhmwylfdzlpq/SourcePackages/checkouts/GRDB.swift/GRDB/Core/DatabaseSchemaCache.swift (in target 'GRDB' from project 'GRDB')
    cd /Users/constantine/Documents/work/code/projects/km/KM.xcodeproj
    

SwiftCompile normal arm64 /Users/constantine/Library/Developer/Xcode/DerivedData/KM-dumqlooxnczgiebhdhmwylfdzlpq/SourcePackages/checkouts/GRDB.swift/GRDB/Core/DatabaseSnapshot.swift (in target 'GRDB' from project 'GRDB')
    cd /Users/constantine/Documents/work/code/projects/km/KM.xcodeproj
    

SwiftCompile normal arm64 /Users/constantine/Library/Developer/Xcode/DerivedData/KM-dumqlooxnczgiebhdhmwylfdzlpq/SourcePackages/checkouts/GRDB.swift/GRDB/Core/DatabaseSnapshotPool.swift (in target 'GRDB' from project 'GRDB')
    cd /Users/constantine/Documents/work/code/projects/km/KM.xcodeproj
    

SwiftCompile normal arm64 /Users/constantine/Library/Developer/Xcode/DerivedData/KM-dumqlooxnczgiebhdhmwylfdzlpq/SourcePackages/checkouts/GRDB.swift/GRDB/Core/DatabaseValue.swift (in target 'GRDB' from project 'GRDB')
    cd /Users/constantine/Documents/work/code/projects/km/KM.xcodeproj
    

SwiftCompile normal arm64 Compiling\ resource_bundle_accessor.swift,\ Configuration.swift,\ Cursor.swift,\ Database+Schema.swift,\ Database+Statements.swift,\ Database.swift,\ DatabaseBackupProgress.swift,\ DatabaseCollation.swift,\ DatabaseError.swift,\ DatabaseFunction.swift /Users/constantine/Library/Developer/Xcode/DerivedData/KM-dumqlooxnczgiebhdhmwylfdzlpq/Build/Intermediates.noindex/GRDB.build/Debug-iphoneos/GRDB.build/DerivedSources/resource_bundle_accessor.swift /Users/constantine/Library/Developer/Xcode/DerivedData/KM-dumqlooxnczgiebhdhmwylfdzlpq/SourcePackages/checkouts/GRDB.swift/GRDB/Core/Configuration.swift /Users/constantine/Library/Developer/Xcode/DerivedData/KM-dumqlooxnczgiebhdhmwylfdzlpq/SourcePackages/checkouts/GRDB.swift/GRDB/Core/Cursor.swift /Users/constantine/Library/Developer/Xcode/DerivedData/KM-dumqlooxnczgiebhdhmwylfdzlpq/SourcePackages/checkouts/GRDB.swift/GRDB/Core/Database+Schema.swift /Users/constantine/Library/Developer/Xcode/DerivedData/KM-dumqlooxnczgiebhdhmwylfdzlpq/SourcePackages/checkouts/GRDB.swift/GRDB/Core/Database+Statements.swift /Users/constantine/Library/Developer/Xcode/DerivedData/KM-dumqlooxnczgiebhdhmwylfdzlpq/SourcePackages/checkouts/GRDB.swift/GRDB/Core/Database.swift /Users/constantine/Library/Developer/Xcode/DerivedData/KM-dumqlooxnczgiebhdhmwylfdzlpq/SourcePackages/checkouts/GRDB.swift/GRDB/Core/DatabaseBackupProgress.swift /Users/constantine/Library/Developer/Xcode/DerivedData/KM-dumqlooxnczgiebhdhmwylfdzlpq/SourcePackages/checkouts/GRDB.swift/GRDB/Core/DatabaseCollation.swift /Users/constantine/Library/Developer/Xcode/DerivedData/KM-dumqlooxnczgiebhdhmwylfdzlpq/SourcePackages/checkouts/GRDB.swift/GRDB/Core/DatabaseError.swift /Users/constantine/Library/Developer/Xcode/DerivedData/KM-dumqlooxnczgiebhdhmwylfdzlpq/SourcePackages/checkouts/GRDB.swift/GRDB/Core/DatabaseFunction.swift (in target 'GRDB' from project 'GRDB')
SwiftCompile normal arm64 /Users/constantine/Library/Developer/Xcode/DerivedData/KM-dumqlooxnczgiebhdhmwylfdzlpq/Build/Intermediates.noindex/GRDB.build/Debug-iphoneos/GRDB.build/DerivedSources/resource_bundle_accessor.swift (in target 'GRDB' from project 'GRDB')
    cd /Users/constantine/Documents/work/code/projects/km/KM.xcodeproj
    

SwiftCompile normal arm64 /Users/constantine/Library/Developer/Xcode/DerivedData/KM-dumqlooxnczgiebhdhmwylfdzlpq/SourcePackages/checkouts/GRDB.swift/GRDB/Core/Configuration.swift (in target 'GRDB' from project 'GRDB')
    cd /Users/constantine/Documents/work/code/projects/km/KM.xcodeproj
    

SwiftCompile normal arm64 /Users/constantine/Library/Developer/Xcode/DerivedData/KM-dumqlooxnczgiebhdhmwylfdzlpq/SourcePackages/checkouts/GRDB.swift/GRDB/Core/Cursor.swift (in target 'GRDB' from project 'GRDB')
    cd /Users/constantine/Documents/work/code/projects/km/KM.xcodeproj
    

SwiftCompile normal arm64 /Users/constantine/Library/Developer/Xcode/DerivedData/KM-dumqlooxnczgiebhdhmwylfdzlpq/SourcePackages/checkouts/GRDB.swift/GRDB/Core/Database+Schema.swift (in target 'GRDB' from project 'GRDB')
    cd /Users/constantine/Documents/work/code/projects/km/KM.xcodeproj
    

SwiftCompile normal arm64 /Users/constantine/Library/Developer/Xcode/DerivedData/KM-dumqlooxnczgiebhdhmwylfdzlpq/SourcePackages/checkouts/GRDB.swift/GRDB/Core/Database+Statements.swift (in target 'GRDB' from project 'GRDB')
    cd /Users/constantine/Documents/work/code/projects/km/KM.xcodeproj
    

SwiftCompile normal arm64 /Users/constantine/Library/Developer/Xcode/DerivedData/KM-dumqlooxnczgiebhdhmwylfdzlpq/SourcePackages/checkouts/GRDB.swift/GRDB/Core/Database.swift (in target 'GRDB' from project 'GRDB')
    cd /Users/constantine/Documents/work/code/projects/km/KM.xcodeproj
    

SwiftCompile normal arm64 /Users/constantine/Library/Developer/Xcode/DerivedData/KM-dumqlooxnczgiebhdhmwylfdzlpq/SourcePackages/checkouts/GRDB.swift/GRDB/Core/DatabaseBackupProgress.swift (in target 'GRDB' from project 'GRDB')
    cd /Users/constantine/Documents/work/code/projects/km/KM.xcodeproj
    

SwiftCompile normal arm64 /Users/constantine/Library/Developer/Xcode/DerivedData/KM-dumqlooxnczgiebhdhmwylfdzlpq/SourcePackages/checkouts/GRDB.swift/GRDB/Core/DatabaseCollation.swift (in target 'GRDB' from project 'GRDB')
    cd /Users/constantine/Documents/work/code/projects/km/KM.xcodeproj
    

SwiftCompile normal arm64 /Users/constantine/Library/Developer/Xcode/DerivedData/KM-dumqlooxnczgiebhdhmwylfdzlpq/SourcePackages/checkouts/GRDB.swift/GRDB/Core/DatabaseError.swift (in target 'GRDB' from project 'GRDB')
    cd /Users/constantine/Documents/work/code/projects/km/KM.xcodeproj
    

SwiftCompile normal arm64 /Users/constantine/Library/Developer/Xcode/DerivedData/KM-dumqlooxnczgiebhdhmwylfdzlpq/SourcePackages/checkouts/GRDB.swift/GRDB/Core/DatabaseFunction.swift (in target 'GRDB' from project 'GRDB')
    cd /Users/constantine/Documents/work/code/projects/km/KM.xcodeproj
    

SwiftCompile normal arm64 Compiling\ DatabaseValueConvertible.swift,\ DatabaseWriter.swift,\ FetchRequest.swift,\ Row.swift,\ RowAdapter.swift,\ RowDecodingError.swift,\ SQL.swift,\ SQLInterpolation.swift,\ SQLRequest.swift,\ SchedulingWatchdog.swift /Users/constantine/Library/Developer/Xcode/DerivedData/KM-dumqlooxnczgiebhdhmwylfdzlpq/SourcePackages/checkouts/GRDB.swift/GRDB/Core/DatabaseValueConvertible.swift /Users/constantine/Library/Developer/Xcode/DerivedData/KM-dumqlooxnczgiebhdhmwylfdzlpq/SourcePackages/checkouts/GRDB.swift/GRDB/Core/DatabaseWriter.swift /Users/constantine/Library/Developer/Xcode/DerivedData/KM-dumqlooxnczgiebhdhmwylfdzlpq/SourcePackages/checkouts/GRDB.swift/GRDB/Core/FetchRequest.swift /Users/constantine/Library/Developer/Xcode/DerivedData/KM-dumqlooxnczgiebhdhmwylfdzlpq/SourcePackages/checkouts/GRDB.swift/GRDB/Core/Row.swift /Users/constantine/Library/Developer/Xcode/DerivedData/KM-dumqlooxnczgiebhdhmwylfdzlpq/SourcePackages/checkouts/GRDB.swift/GRDB/Core/RowAdapter.swift /Users/constantine/Library/Developer/Xcode/DerivedData/KM-dumqlooxnczgiebhdhmwylfdzlpq/SourcePackages/checkouts/GRDB.swift/GRDB/Core/RowDecodingError.swift /Users/constantine/Library/Developer/Xcode/DerivedData/KM-dumqlooxnczgiebhdhmwylfdzlpq/SourcePackages/checkouts/GRDB.swift/GRDB/Core/SQL.swift /Users/constantine/Library/Developer/Xcode/DerivedData/KM-dumqlooxnczgiebhdhmwylfdzlpq/SourcePackages/checkouts/GRDB.swift/GRDB/Core/SQLInterpolation.swift /Users/constantine/Library/Developer/Xcode/DerivedData/KM-dumqlooxnczgiebhdhmwylfdzlpq/SourcePackages/checkouts/GRDB.swift/GRDB/Core/SQLRequest.swift /Users/constantine/Library/Developer/Xcode/DerivedData/KM-dumqlooxnczgiebhdhmwylfdzlpq/SourcePackages/checkouts/GRDB.swift/GRDB/Core/SchedulingWatchdog.swift (in target 'GRDB' from project 'GRDB')

SwiftCompile normal arm64 /Users/constantine/Library/Developer/Xcode/DerivedData/KM-dumqlooxnczgiebhdhmwylfdzlpq/SourcePackages/checkouts/GRDB.swift/GRDB/Core/DatabaseValueConvertible.swift (in target 'GRDB' from project 'GRDB')
    cd /Users/constantine/Documents/work/code/projects/km/KM.xcodeproj
    

SwiftCompile normal arm64 /Users/constantine/Library/Developer/Xcode/DerivedData/KM-dumqlooxnczgiebhdhmwylfdzlpq/SourcePackages/checkouts/GRDB.swift/GRDB/Core/DatabaseWriter.swift (in target 'GRDB' from project 'GRDB')
    cd /Users/constantine/Documents/work/code/projects/km/KM.xcodeproj
    

SwiftCompile normal arm64 /Users/constantine/Library/Developer/Xcode/DerivedData/KM-dumqlooxnczgiebhdhmwylfdzlpq/SourcePackages/checkouts/GRDB.swift/GRDB/Core/FetchRequest.swift (in target 'GRDB' from project 'GRDB')
    cd /Users/constantine/Documents/work/code/projects/km/KM.xcodeproj
    

SwiftCompile normal arm64 /Users/constantine/Library/Developer/Xcode/DerivedData/KM-dumqlooxnczgiebhdhmwylfdzlpq/SourcePackages/checkouts/GRDB.swift/GRDB/Core/Row.swift (in target 'GRDB' from project 'GRDB')
    cd /Users/constantine/Documents/work/code/projects/km/KM.xcodeproj
    

SwiftCompile normal arm64 /Users/constantine/Library/Developer/Xcode/DerivedData/KM-dumqlooxnczgiebhdhmwylfdzlpq/SourcePackages/checkouts/GRDB.swift/GRDB/Core/RowAdapter.swift (in target 'GRDB' from project 'GRDB')
    cd /Users/constantine/Documents/work/code/projects/km/KM.xcodeproj
    

SwiftCompile normal arm64 /Users/constantine/Library/Developer/Xcode/DerivedData/KM-dumqlooxnczgiebhdhmwylfdzlpq/SourcePackages/checkouts/GRDB.swift/GRDB/Core/RowDecodingError.swift (in target 'GRDB' from project 'GRDB')
    cd /Users/constantine/Documents/work/code/projects/km/KM.xcodeproj
    

SwiftCompile normal arm64 /Users/constantine/Library/Developer/Xcode/DerivedData/KM-dumqlooxnczgiebhdhmwylfdzlpq/SourcePackages/checkouts/GRDB.swift/GRDB/Core/SQL.swift (in target 'GRDB' from project 'GRDB')
    cd /Users/constantine/Documents/work/code/projects/km/KM.xcodeproj
    

SwiftCompile normal arm64 /Users/constantine/Library/Developer/Xcode/DerivedData/KM-dumqlooxnczgiebhdhmwylfdzlpq/SourcePackages/checkouts/GRDB.swift/GRDB/Core/SQLInterpolation.swift (in target 'GRDB' from project 'GRDB')
    cd /Users/constantine/Documents/work/code/projects/km/KM.xcodeproj
    

SwiftCompile normal arm64 /Users/constantine/Library/Developer/Xcode/DerivedData/KM-dumqlooxnczgiebhdhmwylfdzlpq/SourcePackages/checkouts/GRDB.swift/GRDB/Core/SQLRequest.swift (in target 'GRDB' from project 'GRDB')
    cd /Users/constantine/Documents/work/code/projects/km/KM.xcodeproj
    

SwiftCompile normal arm64 /Users/constantine/Library/Developer/Xcode/DerivedData/KM-dumqlooxnczgiebhdhmwylfdzlpq/SourcePackages/checkouts/GRDB.swift/GRDB/Core/SchedulingWatchdog.swift (in target 'GRDB' from project 'GRDB')
    cd /Users/constantine/Documents/work/code/projects/km/KM.xcodeproj
    

SwiftCompile normal arm64 Compiling\ FTS5WrapperTokenizer.swift,\ Fixits.swift,\ JSONColumn.swift,\ SQLJSONExpressible.swift,\ SQLJSONFunctions.swift,\ DatabaseMigrator.swift,\ Migration.swift,\ FTS3+QueryInterface.swift,\ FTS5+QueryInterface.swift /Users/constantine/Library/Developer/Xcode/DerivedData/KM-dumqlooxnczgiebhdhmwylfdzlpq/SourcePackages/checkouts/GRDB.swift/GRDB/FTS/FTS5WrapperTokenizer.swift /Users/constantine/Library/Developer/Xcode/DerivedData/KM-dumqlooxnczgiebhdhmwylfdzlpq/SourcePackages/checkouts/GRDB.swift/GRDB/Fixits.swift /Users/constantine/Library/Developer/Xcode/DerivedData/KM-dumqlooxnczgiebhdhmwylfdzlpq/SourcePackages/checkouts/GRDB.swift/GRDB/JSON/JSONColumn.swift /Users/constantine/Library/Developer/Xcode/DerivedData/KM-dumqlooxnczgiebhdhmwylfdzlpq/SourcePackages/checkouts/GRDB.swift/GRDB/JSON/SQLJSONExpressible.swift /Users/constantine/Library/Developer/Xcode/DerivedData/KM-dumqlooxnczgiebhdhmwylfdzlpq/SourcePackages/checkouts/GRDB.swift/GRDB/JSON/SQLJSONFunctions.swift /Users/constantine/Library/Developer/Xcode/DerivedData/KM-dumqlooxnczgiebhdhmwylfdzlpq/SourcePackages/checkouts/GRDB.swift/GRDB/Migration/DatabaseMigrator.swift /Users/constantine/Library/Developer/Xcode/DerivedData/KM-dumqlooxnczgiebhdhmwylfdzlpq/SourcePackages/checkouts/GRDB.swift/GRDB/Migration/Migration.swift /Users/constantine/Library/Developer/Xcode/DerivedData/KM-dumqlooxnczgiebhdhmwylfdzlpq/SourcePackages/checkouts/GRDB.swift/GRDB/QueryInterface/FTS3+QueryInterface.swift /Users/constantine/Library/Developer/Xcode/DerivedData/KM-dumqlooxnczgiebhdhmwylfdzlpq/SourcePackages/checkouts/GRDB.swift/GRDB/QueryInterface/FTS5+QueryInterface.swift (in target 'GRDB' from project 'GRDB')

SwiftCompile normal arm64 /Users/constantine/Library/Developer/Xcode/DerivedData/KM-dumqlooxnczgiebhdhmwylfdzlpq/SourcePackages/checkouts/GRDB.swift/GRDB/FTS/FTS5WrapperTokenizer.swift (in target 'GRDB' from project 'GRDB')
    cd /Users/constantine/Documents/work/code/projects/km/KM.xcodeproj
    

SwiftCompile normal arm64 /Users/constantine/Library/Developer/Xcode/DerivedData/KM-dumqlooxnczgiebhdhmwylfdzlpq/SourcePackages/checkouts/GRDB.swift/GRDB/Fixits.swift (in target 'GRDB' from project 'GRDB')
    cd /Users/constantine/Documents/work/code/projects/km/KM.xcodeproj
    

SwiftCompile normal arm64 /Users/constantine/Library/Developer/Xcode/DerivedData/KM-dumqlooxnczgiebhdhmwylfdzlpq/SourcePackages/checkouts/GRDB.swift/GRDB/JSON/JSONColumn.swift (in target 'GRDB' from project 'GRDB')
    cd /Users/constantine/Documents/work/code/projects/km/KM.xcodeproj
    

SwiftCompile normal arm64 /Users/constantine/Library/Developer/Xcode/DerivedData/KM-dumqlooxnczgiebhdhmwylfdzlpq/SourcePackages/checkouts/GRDB.swift/GRDB/JSON/SQLJSONExpressible.swift (in target 'GRDB' from project 'GRDB')
    cd /Users/constantine/Documents/work/code/projects/km/KM.xcodeproj
    

SwiftCompile normal arm64 /Users/constantine/Library/Developer/Xcode/DerivedData/KM-dumqlooxnczgiebhdhmwylfdzlpq/SourcePackages/checkouts/GRDB.swift/GRDB/JSON/SQLJSONFunctions.swift (in target 'GRDB' from project 'GRDB')
    cd /Users/constantine/Documents/work/code/projects/km/KM.xcodeproj
    

SwiftCompile normal arm64 /Users/constantine/Library/Developer/Xcode/DerivedData/KM-dumqlooxnczgiebhdhmwylfdzlpq/SourcePackages/checkouts/GRDB.swift/GRDB/Migration/DatabaseMigrator.swift (in target 'GRDB' from project 'GRDB')
    cd /Users/constantine/Documents/work/code/projects/km/KM.xcodeproj
    

SwiftCompile normal arm64 /Users/constantine/Library/Developer/Xcode/DerivedData/KM-dumqlooxnczgiebhdhmwylfdzlpq/SourcePackages/checkouts/GRDB.swift/GRDB/Migration/Migration.swift (in target 'GRDB' from project 'GRDB')
    cd /Users/constantine/Documents/work/code/projects/km/KM.xcodeproj
    

SwiftCompile normal arm64 /Users/constantine/Library/Developer/Xcode/DerivedData/KM-dumqlooxnczgiebhdhmwylfdzlpq/SourcePackages/checkouts/GRDB.swift/GRDB/QueryInterface/FTS3+QueryInterface.swift (in target 'GRDB' from project 'GRDB')
    cd /Users/constantine/Documents/work/code/projects/km/KM.xcodeproj
    

SwiftCompile normal arm64 /Users/constantine/Library/Developer/Xcode/DerivedData/KM-dumqlooxnczgiebhdhmwylfdzlpq/SourcePackages/checkouts/GRDB.swift/GRDB/QueryInterface/FTS5+QueryInterface.swift (in target 'GRDB' from project 'GRDB')
    cd /Users/constantine/Documents/work/code/projects/km/KM.xcodeproj
    

SwiftCompile normal arm64 Compiling\ Database+Dump.swift,\ DatabaseReader+dump.swift,\ DumpFormat.swift,\ DebugDumpFormat.swift,\ JSONDumpFormat.swift,\ LineDumpFormat.swift,\ ListDumpFormat.swift,\ QuoteDumpFormat.swift,\ Export.swift /Users/constantine/Library/Developer/Xcode/DerivedData/KM-dumqlooxnczgiebhdhmwylfdzlpq/SourcePackages/checkouts/GRDB.swift/GRDB/Dump/Database+Dump.swift /Users/constantine/Library/Developer/Xcode/DerivedData/KM-dumqlooxnczgiebhdhmwylfdzlpq/SourcePackages/checkouts/GRDB.swift/GRDB/Dump/DatabaseReader+dump.swift /Users/constantine/Library/Developer/Xcode/DerivedData/KM-dumqlooxnczgiebhdhmwylfdzlpq/SourcePackages/checkouts/GRDB.swift/GRDB/Dump/DumpFormat.swift /Users/constantine/Library/Developer/Xcode/DerivedData/KM-dumqlooxnczgiebhdhmwylfdzlpq/SourcePackages/checkouts/GRDB.swift/GRDB/Dump/DumpFormats/DebugDumpFormat.swift /Users/constantine/Library/Developer/Xcode/DerivedData/KM-dumqlooxnczgiebhdhmwylfdzlpq/SourcePackages/checkouts/GRDB.swift/GRDB/Dump/DumpFormats/JSONDumpFormat.swift /Users/constantine/Library/Developer/Xcode/DerivedData/KM-dumqlooxnczgiebhdhmwylfdzlpq/SourcePackages/checkouts/GRDB.swift/GRDB/Dump/DumpFormats/LineDumpFormat.swift /Users/constantine/Library/Developer/Xcode/DerivedData/KM-dumqlooxnczgiebhdhmwylfdzlpq/SourcePackages/checkouts/GRDB.swift/GRDB/Dump/DumpFormats/ListDumpFormat.swift /Users/constantine/Library/Developer/Xcode/DerivedData/KM-dumqlooxnczgiebhdhmwylfdzlpq/SourcePackages/checkouts/GRDB.swift/GRDB/Dump/DumpFormats/QuoteDumpFormat.swift /Users/constantine/Library/Developer/Xcode/DerivedData/KM-dumqlooxnczgiebhdhmwylfdzlpq/SourcePackages/checkouts/GRDB.swift/GRDB/Export.swift (in target 'GRDB' from project 'GRDB')

SwiftCompile normal arm64 /Users/constantine/Library/Developer/Xcode/DerivedData/KM-dumqlooxnczgiebhdhmwylfdzlpq/SourcePackages/checkouts/GRDB.swift/GRDB/Dump/Database+Dump.swift (in target 'GRDB' from project 'GRDB')
    cd /Users/constantine/Documents/work/code/projects/km/KM.xcodeproj
    

SwiftCompile normal arm64 /Users/constantine/Library/Developer/Xcode/DerivedData/KM-dumqlooxnczgiebhdhmwylfdzlpq/SourcePackages/checkouts/GRDB.swift/GRDB/Dump/DatabaseReader+dump.swift (in target 'GRDB' from project 'GRDB')
    cd /Users/constantine/Documents/work/code/projects/km/KM.xcodeproj
    

SwiftCompile normal arm64 /Users/constantine/Library/Developer/Xcode/DerivedData/KM-dumqlooxnczgiebhdhmwylfdzlpq/SourcePackages/checkouts/GRDB.swift/GRDB/Dump/DumpFormat.swift (in target 'GRDB' from project 'GRDB')
    cd /Users/constantine/Documents/work/code/projects/km/KM.xcodeproj
    

SwiftCompile normal arm64 /Users/constantine/Library/Developer/Xcode/DerivedData/KM-dumqlooxnczgiebhdhmwylfdzlpq/SourcePackages/checkouts/GRDB.swift/GRDB/Dump/DumpFormats/DebugDumpFormat.swift (in target 'GRDB' from project 'GRDB')
    cd /Users/constantine/Documents/work/code/projects/km/KM.xcodeproj
    

SwiftCompile normal arm64 /Users/constantine/Library/Developer/Xcode/DerivedData/KM-dumqlooxnczgiebhdhmwylfdzlpq/SourcePackages/checkouts/GRDB.swift/GRDB/Dump/DumpFormats/JSONDumpFormat.swift (in target 'GRDB' from project 'GRDB')
    cd /Users/constantine/Documents/work/code/projects/km/KM.xcodeproj
    

SwiftCompile normal arm64 /Users/constantine/Library/Developer/Xcode/DerivedData/KM-dumqlooxnczgiebhdhmwylfdzlpq/SourcePackages/checkouts/GRDB.swift/GRDB/Dump/DumpFormats/LineDumpFormat.swift (in target 'GRDB' from project 'GRDB')
    cd /Users/constantine/Documents/work/code/projects/km/KM.xcodeproj
    

SwiftCompile normal arm64 /Users/constantine/Library/Developer/Xcode/DerivedData/KM-dumqlooxnczgiebhdhmwylfdzlpq/SourcePackages/checkouts/GRDB.swift/GRDB/Dump/DumpFormats/ListDumpFormat.swift (in target 'GRDB' from project 'GRDB')
    cd /Users/constantine/Documents/work/code/projects/km/KM.xcodeproj
    

SwiftCompile normal arm64 /Users/constantine/Library/Developer/Xcode/DerivedData/KM-dumqlooxnczgiebhdhmwylfdzlpq/SourcePackages/checkouts/GRDB.swift/GRDB/Dump/DumpFormats/QuoteDumpFormat.swift (in target 'GRDB' from project 'GRDB')
    cd /Users/constantine/Documents/work/code/projects/km/KM.xcodeproj
    

SwiftCompile normal arm64 /Users/constantine/Library/Developer/Xcode/DerivedData/KM-dumqlooxnczgiebhdhmwylfdzlpq/SourcePackages/checkouts/GRDB.swift/GRDB/Export.swift (in target 'GRDB' from project 'GRDB')
    cd /Users/constantine/Documents/work/code/projects/km/KM.xcodeproj
    

SwiftCompile normal arm64 Compiling\ SerializedDatabase.swift,\ Statement.swift,\ StatementAuthorizer.swift,\ StatementColumnConvertible.swift,\ CGFloat.swift,\ Data.swift,\ DatabaseDateComponents.swift,\ DatabaseValueConvertible+ReferenceConvertible.swift,\ Date.swift /Users/constantine/Library/Developer/Xcode/DerivedData/KM-dumqlooxnczgiebhdhmwylfdzlpq/SourcePackages/checkouts/GRDB.swift/GRDB/Core/SerializedDatabase.swift /Users/constantine/Library/Developer/Xcode/DerivedData/KM-dumqlooxnczgiebhdhmwylfdzlpq/SourcePackages/checkouts/GRDB.swift/GRDB/Core/Statement.swift /Users/constantine/Library/Developer/Xcode/DerivedData/KM-dumqlooxnczgiebhdhmwylfdzlpq/SourcePackages/checkouts/GRDB.swift/GRDB/Core/StatementAuthorizer.swift /Users/constantine/Library/Developer/Xcode/DerivedData/KM-dumqlooxnczgiebhdhmwylfdzlpq/SourcePackages/checkouts/GRDB.swift/GRDB/Core/StatementColumnConvertible.swift /Users/constantine/Library/Developer/Xcode/DerivedData/KM-dumqlooxnczgiebhdhmwylfdzlpq/SourcePackages/checkouts/GRDB.swift/GRDB/Core/Support/CoreGraphics/CGFloat.swift /Users/constantine/Library/Developer/Xcode/DerivedData/KM-dumqlooxnczgiebhdhmwylfdzlpq/SourcePackages/checkouts/GRDB.swift/GRDB/Core/Support/Foundation/Data.swift /Users/constantine/Library/Developer/Xcode/DerivedData/KM-dumqlooxnczgiebhdhmwylfdzlpq/SourcePackages/checkouts/GRDB.swift/GRDB/Core/Support/Foundation/DatabaseDateComponents.swift /Users/constantine/Library/Developer/Xcode/DerivedData/KM-dumqlooxnczgiebhdhmwylfdzlpq/SourcePackages/checkouts/GRDB.swift/GRDB/Core/Support/Foundation/DatabaseValueConvertible+ReferenceConvertible.swift /Users/constantine/Library/Developer/Xcode/DerivedData/KM-dumqlooxnczgiebhdhmwylfdzlpq/SourcePackages/checkouts/GRDB.swift/GRDB/Core/Support/Foundation/Date.swift (in target 'GRDB' from project 'GRDB')

SwiftCompile normal arm64 /Users/constantine/Library/Developer/Xcode/DerivedData/KM-dumqlooxnczgiebhdhmwylfdzlpq/SourcePackages/checkouts/GRDB.swift/GRDB/Core/SerializedDatabase.swift (in target 'GRDB' from project 'GRDB')
    cd /Users/constantine/Documents/work/code/projects/km/KM.xcodeproj
    

SwiftCompile normal arm64 /Users/constantine/Library/Developer/Xcode/DerivedData/KM-dumqlooxnczgiebhdhmwylfdzlpq/SourcePackages/checkouts/GRDB.swift/GRDB/Core/Statement.swift (in target 'GRDB' from project 'GRDB')
    cd /Users/constantine/Documents/work/code/projects/km/KM.xcodeproj
    

SwiftCompile normal arm64 /Users/constantine/Library/Developer/Xcode/DerivedData/KM-dumqlooxnczgiebhdhmwylfdzlpq/SourcePackages/checkouts/GRDB.swift/GRDB/Core/StatementAuthorizer.swift (in target 'GRDB' from project 'GRDB')
    cd /Users/constantine/Documents/work/code/projects/km/KM.xcodeproj
    

SwiftCompile normal arm64 /Users/constantine/Library/Developer/Xcode/DerivedData/KM-dumqlooxnczgiebhdhmwylfdzlpq/SourcePackages/checkouts/GRDB.swift/GRDB/Core/StatementColumnConvertible.swift (in target 'GRDB' from project 'GRDB')
    cd /Users/constantine/Documents/work/code/projects/km/KM.xcodeproj
    

SwiftCompile normal arm64 /Users/constantine/Library/Developer/Xcode/DerivedData/KM-dumqlooxnczgiebhdhmwylfdzlpq/SourcePackages/checkouts/GRDB.swift/GRDB/Core/Support/CoreGraphics/CGFloat.swift (in target 'GRDB' from project 'GRDB')
    cd /Users/constantine/Documents/work/code/projects/km/KM.xcodeproj
    

SwiftCompile normal arm64 /Users/constantine/Library/Developer/Xcode/DerivedData/KM-dumqlooxnczgiebhdhmwylfdzlpq/SourcePackages/checkouts/GRDB.swift/GRDB/Core/Support/Foundation/Data.swift (in target 'GRDB' from project 'GRDB')
    cd /Users/constantine/Documents/work/code/projects/km/KM.xcodeproj
    

SwiftCompile normal arm64 /Users/constantine/Library/Developer/Xcode/DerivedData/KM-dumqlooxnczgiebhdhmwylfdzlpq/SourcePackages/checkouts/GRDB.swift/GRDB/Core/Support/Foundation/DatabaseDateComponents.swift (in target 'GRDB' from project 'GRDB')
    cd /Users/constantine/Documents/work/code/projects/km/KM.xcodeproj
    

SwiftCompile normal arm64 /Users/constantine/Library/Developer/Xcode/DerivedData/KM-dumqlooxnczgiebhdhmwylfdzlpq/SourcePackages/checkouts/GRDB.swift/GRDB/Core/Support/Foundation/DatabaseValueConvertible+ReferenceConvertible.swift (in target 'GRDB' from project 'GRDB')
    cd /Users/constantine/Documents/work/code/projects/km/KM.xcodeproj
    

SwiftCompile normal arm64 /Users/constantine/Library/Developer/Xcode/DerivedData/KM-dumqlooxnczgiebhdhmwylfdzlpq/SourcePackages/checkouts/GRDB.swift/GRDB/Core/Support/Foundation/Date.swift (in target 'GRDB' from project 'GRDB')
    cd /Users/constantine/Documents/work/code/projects/km/KM.xcodeproj
    

SwiftDriverJobDiscovery normal arm64 Compiling Database+Dump.swift, DatabaseReader+dump.swift, DumpFormat.swift, DebugDumpFormat.swift, JSONDumpFormat.swift, LineDumpFormat.swift, ListDumpFormat.swift, QuoteDumpFormat.swift, Export.swift (in target 'GRDB' from project 'GRDB')

SwiftDriverJobDiscovery normal arm64 Compiling ForeignKey.swift, Association.swift, AssociationAggregate.swift, BelongsToAssociation.swift, HasManyAssociation.swift, HasManyThroughAssociation.swift, HasOneAssociation.swift, HasOneThroughAssociation.swift, JoinAssociation.swift (in target 'GRDB' from project 'GRDB')

SwiftDriverJobDiscovery normal arm64 Compiling FTS5WrapperTokenizer.swift, Fixits.swift, JSONColumn.swift, SQLJSONExpressible.swift, SQLJSONFunctions.swift, DatabaseMigrator.swift, Migration.swift, FTS3+QueryInterface.swift, FTS5+QueryInterface.swift (in target 'GRDB' from project 'GRDB')

SwiftDriverJobDiscovery normal arm64 Compiling ValueWriteOnlyObserver.swift, Fetch.swift, Map.swift, RemoveDuplicates.swift, Trace.swift, ValueReducer.swift, SharedValueObservation.swift, ValueObservation.swift, ValueObservationScheduler.swift (in target 'GRDB' from project 'GRDB')

SwiftDriverJobDiscovery normal arm64 Compiling PersistableRecord+Save.swift, PersistableRecord+Upsert.swift, PersistableRecord.swift, Record.swift, TableRecord.swift, CaseInsensitiveIdentifier.swift, Inflections+English.swift, Inflections.swift, LockedBox.swift (in target 'GRDB' from project 'GRDB')

SwiftDriverJobDiscovery normal arm64 Compiling Decimal.swift, NSData.swift, NSNull.swift, NSNumber.swift, NSString.swift, SQLiteDateParser.swift, URL.swift, UUID.swift, DatabaseValueConvertible+Decodable.swift (in target 'GRDB' from project 'GRDB')

SwiftDriverJobDiscovery normal arm64 Compiling FetchableRecord.swift, MutablePersistableRecord+DAO.swift, MutablePersistableRecord+Delete.swift, MutablePersistableRecord+Insert.swift, MutablePersistableRecord+Save.swift, MutablePersistableRecord+Update.swift, MutablePersistableRecord+Upsert.swift, MutablePersistableRecord.swift, PersistableRecord+Insert.swift (in target 'GRDB' from project 'GRDB')

SwiftDriverJobDiscovery normal arm64 Compiling OnDemandFuture.swift, OrderedDictionary.swift, Pool.swift, ReadWriteBox.swift, ReceiveValuesOn.swift, Refinable.swift, Utils.swift, DatabaseCancellable.swift, ValueConcurrentObserver.swift (in target 'GRDB' from project 'GRDB')

SwiftDriverJobDiscovery normal arm64 Compiling FTS3.swift, FTS3Pattern.swift, FTS3TokenizerDescriptor.swift, FTS4.swift, FTS5.swift, FTS5CustomTokenizer.swift, FTS5Pattern.swift, FTS5Tokenizer.swift, FTS5TokenizerDescriptor.swift (in target 'GRDB' from project 'GRDB')

SwiftDriverJobDiscovery normal arm64 Compiling DatabasePool.swift, DatabasePublishers.swift, DatabaseQueue.swift, DatabaseReader.swift, DatabaseRegion.swift, DatabaseRegionObservation.swift, DatabaseSchemaCache.swift, DatabaseSnapshot.swift, DatabaseSnapshotPool.swift, DatabaseValue.swift (in target 'GRDB' from project 'GRDB')

SwiftDriverJobDiscovery normal arm64 Compiling SQLFunctions.swift, SQLOperators.swift, SQLOrdering.swift, SQLRelation.swift, SQLSelection.swift, SQLSubquery.swift, Table.swift, SQLColumnGenerator.swift, SQLGenerationContext.swift (in target 'GRDB' from project 'GRDB')

SwiftDriverJobDiscovery normal arm64 Compiling SQLIndexGenerator.swift, SQLQueryGenerator.swift, SQLTableAlterationGenerator.swift, SQLTableGenerator.swift, SQLInterpolation+QueryInterface.swift, ColumnDefinition.swift, Database+SchemaDefinition.swift, ForeignKeyDefinition.swift, IndexDefinition.swift (in target 'GRDB' from project 'GRDB')

SwiftDriverJobDiscovery normal arm64 Compiling DatabaseValueConvertible+Encodable.swift, DatabaseValueConvertible+RawRepresentable.swift, JSONRequiredEncoder.swift, Optional.swift, StandardLibrary.swift, TransactionClock.swift, TransactionObserver.swift, WALSnapshot.swift, WALSnapshotTransaction.swift (in target 'GRDB' from project 'GRDB')

SwiftDriverJobDiscovery normal arm64 Compiling TableAlteration.swift, TableDefinition.swift, VirtualTableModule.swift, TableRecord+Association.swift, TableRecord+QueryInterfaceRequest.swift, EncodableRecord+Encodable.swift, EncodableRecord.swift, FetchableRecord+Decodable.swift, FetchableRecord+TableRecord.swift (in target 'GRDB' from project 'GRDB')

SwiftDriverJobDiscovery normal arm64 Compiling CommonTableExpression.swift, QueryInterfaceRequest.swift, RequestProtocols.swift, Column.swift, DatabasePromise.swift, SQLAssociation.swift, SQLCollection.swift, SQLExpression.swift, SQLForeignKeyRequest.swift (in target 'GRDB' from project 'GRDB')

SwiftDriverJobDiscovery normal arm64 Compiling DatabaseValueConvertible.swift, DatabaseWriter.swift, FetchRequest.swift, Row.swift, RowAdapter.swift, RowDecodingError.swift, SQL.swift, SQLInterpolation.swift, SQLRequest.swift, SchedulingWatchdog.swift (in target 'GRDB' from project 'GRDB')

SwiftDriverJobDiscovery normal arm64 Compiling SerializedDatabase.swift, Statement.swift, StatementAuthorizer.swift, StatementColumnConvertible.swift, CGFloat.swift, Data.swift, DatabaseDateComponents.swift, DatabaseValueConvertible+ReferenceConvertible.swift, Date.swift (in target 'GRDB' from project 'GRDB')

SwiftDriverJobDiscovery normal arm64 Emitting module for GRDB (in target 'GRDB' from project 'GRDB')

SwiftDriver\ Compilation\ Requirements GRDB normal arm64 com.apple.xcode.tools.swift.compiler (in target 'GRDB' from project 'GRDB')
    cd /Users/constantine/Documents/work/code/projects/km/KM.xcodeproj
    builtin-Swift-Compilation-Requirements -- /Applications/Xcode.app/Contents/Developer/Toolchains/XcodeDefault.xctoolchain/usr/bin/swiftc -module-name GRDB -Onone @/Users/constantine/Library/Developer/Xcode/DerivedData/KM-dumqlooxnczgiebhdhmwylfdzlpq/Build/Intermediates.noindex/GRDB.build/Debug-iphoneos/GRDB.build/Objects-normal/arm64/GRDB.SwiftFileList -DSWIFT_PACKAGE -DDEBUG -DSWIFT_MODULE_RESOURCE_BUNDLE_AVAILABLE -DSQLITE_ENABLE_FTS5 -Xcc -fmodule-map-file\=/Users/constantine/Library/Developer/Xcode/DerivedData/KM-dumqlooxnczgiebhdhmwylfdzlpq/SourcePackages/checkouts/GRDB.swift/Sources/CSQLite/module.modulemap -DXcode -plugin-path /Applications/Xcode.app/Contents/Developer/Toolchains/XcodeDefault.xctoolchain/usr/lib/swift/host/plugins/testing -enable-experimental-feature DebugDescriptionMacro -sdk /Applications/Xcode.app/Contents/Developer/Platforms/iPhoneOS.platform/Developer/SDKs/iPhoneOS26.4.sdk -target arm64-apple-ios12.0 -g -module-cache-path /Users/constantine/Library/Developer/Xcode/DerivedData/ModuleCache.noindex -Xfrontend -serialize-debugging-options -enable-testing -suppress-warnings -index-store-path /Users/constantine/Library/Developer/Xcode/DerivedData/KM-dumqlooxnczgiebhdhmwylfdzlpq/Index.noindex/DataStore -Xcc -D_LIBCPP_HARDENING_MODE\=_LIBCPP_HARDENING_MODE_DEBUG -swift-version 5 -I /Users/constantine/Library/Developer/Xcode/DerivedData/KM-dumqlooxnczgiebhdhmwylfdzlpq/Build/Products/Debug-iphoneos -Isystem /Applications/Xcode.app/Contents/Developer/Platforms/iPhoneOS.platform/Developer/usr/lib -F /Users/constantine/Library/Developer/Xcode/DerivedData/KM-dumqlooxnczgiebhdhmwylfdzlpq/Build/Products/Debug-iphoneos -F /Applications/Xcode.app/Contents/Developer/Platforms/iPhoneOS.platform/Developer/Library/Frameworks -F /Applications/Xcode.app/Contents/Developer/Platforms/iPhoneOS.platform/Developer/SDKs/iPhoneOS26.4.sdk/Developer/Library/Frameworks -emit-localized-strings -emit-localized-strings-path /Users/constantine/Library/Developer/Xcode/DerivedData/KM-dumqlooxnczgiebhdhmwylfdzlpq/Build/Intermediates.noindex/GRDB.build/Debug-iphoneos/GRDB.build/Objects-normal/arm64 -c -j18 -enable-batch-mode -incremental -Xcc -ivfsstatcache -Xcc /Users/constantine/Library/Developer/Xcode/DerivedData/SDKStatCaches.noindex/iphoneos26.4-23E252-68a138bb55de9ba35ce6c8c40d12849e.sdkstatcache -output-file-map /Users/constantine/Library/Developer/Xcode/DerivedData/KM-dumqlooxnczgiebhdhmwylfdzlpq/Build/Intermediates.noindex/GRDB.build/Debug-iphoneos/GRDB.build/Objects-normal/arm64/GRDB-OutputFileMap.json -use-frontend-parseable-output -save-temps -no-color-diagnostics -explicit-module-build -module-cache-path /Users/constantine/Library/Developer/Xcode/DerivedData/KM-dumqlooxnczgiebhdhmwylfdzlpq/Build/Intermediates.noindex/SwiftExplicitPrecompiledModules -clang-scanner-module-cache-path /Users/constantine/Library/Developer/Xcode/DerivedData/ModuleCache.noindex -sdk-module-cache-path /Users/constantine/Library/Developer/Xcode/DerivedData/ModuleCache.noindex -serialize-diagnostics -emit-dependencies -emit-module -emit-module-path /Users/constantine/Library/Developer/Xcode/DerivedData/KM-dumqlooxnczgiebhdhmwylfdzlpq/Build/Intermediates.noindex/GRDB.build/Debug-iphoneos/GRDB.build/Objects-normal/arm64/GRDB.swiftmodule -validate-clang-modules-once -clang-build-session-file /Users/constantine/Library/Developer/Xcode/DerivedData/ModuleCache.noindex/Session.modulevalidation -Xcc -I/Users/constantine/Library/Developer/Xcode/DerivedData/KM-dumqlooxnczgiebhdhmwylfdzlpq/Build/Intermediates.noindex/GRDB.build/Debug-iphoneos/GRDB.build/swift-overrides.hmap -emit-const-values -Xfrontend -const-gather-protocols-file -Xfrontend /Users/constantine/Library/Developer/Xcode/DerivedData/KM-dumqlooxnczgiebhdhmwylfdzlpq/Build/Intermediates.noindex/GRDB.build/Debug-iphoneos/GRDB.build/Objects-normal/arm64/GRDB_const_extract_protocols.json -Xcc -I/Users/constantine/Library/Developer/Xcode/DerivedData/KM-dumqlooxnczgiebhdhmwylfdzlpq/Build/Products/Debug-iphoneos/include -Xcc -I/Users/constantine/Library/Developer/Xcode/DerivedData/KM-dumqlooxnczgiebhdhmwylfdzlpq/Build/Intermediates.noindex/GRDB.build/Debug-iphoneos/GRDB.build/DerivedSources-normal/arm64 -Xcc -I/Users/constantine/Library/Developer/Xcode/DerivedData/KM-dumqlooxnczgiebhdhmwylfdzlpq/Build/Intermediates.noindex/GRDB.build/Debug-iphoneos/GRDB.build/DerivedSources/arm64 -Xcc -I/Users/constantine/Library/Developer/Xcode/DerivedData/KM-dumqlooxnczgiebhdhmwylfdzlpq/Build/Intermediates.noindex/GRDB.build/Debug-iphoneos/GRDB.build/DerivedSources -Xcc -DSWIFT_PACKAGE -Xcc -DDEBUG\=1 -emit-objc-header -emit-objc-header-path /Users/constantine/Library/Developer/Xcode/DerivedData/KM-dumqlooxnczgiebhdhmwylfdzlpq/Build/Intermediates.noindex/GRDB.build/Debug-iphoneos/GRDB.build/Objects-normal/arm64/GRDB-Swift.h -working-directory /Users/constantine/Documents/work/code/projects/km/KM.xcodeproj -experimental-emit-module-separately -disable-cmo

SwiftMergeGeneratedHeaders /Users/constantine/Library/Developer/Xcode/DerivedData/KM-dumqlooxnczgiebhdhmwylfdzlpq/Build/Intermediates.noindex/GeneratedModuleMaps-iphoneos/GRDB-Swift.h /Users/constantine/Library/Developer/Xcode/DerivedData/KM-dumqlooxnczgiebhdhmwylfdzlpq/Build/Intermediates.noindex/GRDB.build/Debug-iphoneos/GRDB.build/Objects-normal/arm64/GRDB-Swift.h (in target 'GRDB' from project 'GRDB')
    cd /Users/constantine/Library/Developer/Xcode/DerivedData/KM-dumqlooxnczgiebhdhmwylfdzlpq/SourcePackages/checkouts/GRDB.swift
    builtin-swiftHeaderTool -arch arm64 /Users/constantine/Library/Developer/Xcode/DerivedData/KM-dumqlooxnczgiebhdhmwylfdzlpq/Build/Intermediates.noindex/GRDB.build/Debug-iphoneos/GRDB.build/Objects-normal/arm64/GRDB-Swift.h -o /Users/constantine/Library/Developer/Xcode/DerivedData/KM-dumqlooxnczgiebhdhmwylfdzlpq/Build/Intermediates.noindex/GeneratedModuleMaps-iphoneos/GRDB-Swift.h

Copy /Users/constantine/Library/Developer/Xcode/DerivedData/KM-dumqlooxnczgiebhdhmwylfdzlpq/Build/Products/Debug-iphoneos/GRDB.swiftmodule/arm64-apple-ios.swiftmodule /Users/constantine/Library/Developer/Xcode/DerivedData/KM-dumqlooxnczgiebhdhmwylfdzlpq/Build/Intermediates.noindex/GRDB.build/Debug-iphoneos/GRDB.build/Objects-normal/arm64/GRDB.swiftmodule (in target 'GRDB' from project 'GRDB')
    cd /Users/constantine/Library/Developer/Xcode/DerivedData/KM-dumqlooxnczgiebhdhmwylfdzlpq/SourcePackages/checkouts/GRDB.swift
    builtin-copy -exclude .DS_Store -exclude CVS -exclude .svn -exclude .git -exclude .hg -resolve-src-symlinks -rename /Users/constantine/Library/Developer/Xcode/DerivedData/KM-dumqlooxnczgiebhdhmwylfdzlpq/Build/Intermediates.noindex/GRDB.build/Debug-iphoneos/GRDB.build/Objects-normal/arm64/GRDB.swiftmodule /Users/constantine/Library/Developer/Xcode/DerivedData/KM-dumqlooxnczgiebhdhmwylfdzlpq/Build/Products/Debug-iphoneos/GRDB.swiftmodule/arm64-apple-ios.swiftmodule

Copy /Users/constantine/Library/Developer/Xcode/DerivedData/KM-dumqlooxnczgiebhdhmwylfdzlpq/Build/Products/Debug-iphoneos/GRDB.swiftmodule/arm64-apple-ios.abi.json /Users/constantine/Library/Developer/Xcode/DerivedData/KM-dumqlooxnczgiebhdhmwylfdzlpq/Build/Intermediates.noindex/GRDB.build/Debug-iphoneos/GRDB.build/Objects-normal/arm64/GRDB.abi.json (in target 'GRDB' from project 'GRDB')
    cd /Users/constantine/Library/Developer/Xcode/DerivedData/KM-dumqlooxnczgiebhdhmwylfdzlpq/SourcePackages/checkouts/GRDB.swift
    builtin-copy -exclude .DS_Store -exclude CVS -exclude .svn -exclude .git -exclude .hg -resolve-src-symlinks -rename /Users/constantine/Library/Developer/Xcode/DerivedData/KM-dumqlooxnczgiebhdhmwylfdzlpq/Build/Intermediates.noindex/GRDB.build/Debug-iphoneos/GRDB.build/Objects-normal/arm64/GRDB.abi.json /Users/constantine/Library/Developer/Xcode/DerivedData/KM-dumqlooxnczgiebhdhmwylfdzlpq/Build/Products/Debug-iphoneos/GRDB.swiftmodule/arm64-apple-ios.abi.json

Copy /Users/constantine/Library/Developer/Xcode/DerivedData/KM-dumqlooxnczgiebhdhmwylfdzlpq/Build/Products/Debug-iphoneos/GRDB.swiftmodule/Project/arm64-apple-ios.swiftsourceinfo /Users/constantine/Library/Developer/Xcode/DerivedData/KM-dumqlooxnczgiebhdhmwylfdzlpq/Build/Intermediates.noindex/GRDB.build/Debug-iphoneos/GRDB.build/Objects-normal/arm64/GRDB.swiftsourceinfo (in target 'GRDB' from project 'GRDB')
    cd /Users/constantine/Library/Developer/Xcode/DerivedData/KM-dumqlooxnczgiebhdhmwylfdzlpq/SourcePackages/checkouts/GRDB.swift
    builtin-copy -exclude .DS_Store -exclude CVS -exclude .svn -exclude .git -exclude .hg -resolve-src-symlinks -rename /Users/constantine/Library/Developer/Xcode/DerivedData/KM-dumqlooxnczgiebhdhmwylfdzlpq/Build/Intermediates.noindex/GRDB.build/Debug-iphoneos/GRDB.build/Objects-normal/arm64/GRDB.swiftsourceinfo /Users/constantine/Library/Developer/Xcode/DerivedData/KM-dumqlooxnczgiebhdhmwylfdzlpq/Build/Products/Debug-iphoneos/GRDB.swiftmodule/Project/arm64-apple-ios.swiftsourceinfo

Copy /Users/constantine/Library/Developer/Xcode/DerivedData/KM-dumqlooxnczgiebhdhmwylfdzlpq/Build/Products/Debug-iphoneos/GRDB.swiftmodule/arm64-apple-ios.swiftdoc /Users/constantine/Library/Developer/Xcode/DerivedData/KM-dumqlooxnczgiebhdhmwylfdzlpq/Build/Intermediates.noindex/GRDB.build/Debug-iphoneos/GRDB.build/Objects-normal/arm64/GRDB.swiftdoc (in target 'GRDB' from project 'GRDB')
    cd /Users/constantine/Library/Developer/Xcode/DerivedData/KM-dumqlooxnczgiebhdhmwylfdzlpq/SourcePackages/checkouts/GRDB.swift
    builtin-copy -exclude .DS_Store -exclude CVS -exclude .svn -exclude .git -exclude .hg -resolve-src-symlinks -rename /Users/constantine/Library/Developer/Xcode/DerivedData/KM-dumqlooxnczgiebhdhmwylfdzlpq/Build/Intermediates.noindex/GRDB.build/Debug-iphoneos/GRDB.build/Objects-normal/arm64/GRDB.swiftdoc /Users/constantine/Library/Developer/Xcode/DerivedData/KM-dumqlooxnczgiebhdhmwylfdzlpq/Build/Products/Debug-iphoneos/GRDB.swiftmodule/arm64-apple-ios.swiftdoc

MkDir /Users/constantine/Library/Developer/Xcode/DerivedData/KM-dumqlooxnczgiebhdhmwylfdzlpq/Build/Intermediates.noindex/KM.build/Debug-iphoneos/KM.build/assetcatalog_output/thinned (in target 'KM' from project 'KM')
    cd /Users/constantine/Documents/work/code/projects/km
    /bin/mkdir -p /Users/constantine/Library/Developer/Xcode/DerivedData/KM-dumqlooxnczgiebhdhmwylfdzlpq/Build/Intermediates.noindex/KM.build/Debug-iphoneos/KM.build/assetcatalog_output/thinned

MkDir /Users/constantine/Library/Developer/Xcode/DerivedData/KM-dumqlooxnczgiebhdhmwylfdzlpq/Build/Intermediates.noindex/KM.build/Debug-iphoneos/KM.build/assetcatalog_output/unthinned (in target 'KM' from project 'KM')
    cd /Users/constantine/Documents/work/code/projects/km
    /bin/mkdir -p /Users/constantine/Library/Developer/Xcode/DerivedData/KM-dumqlooxnczgiebhdhmwylfdzlpq/Build/Intermediates.noindex/KM.build/Debug-iphoneos/KM.build/assetcatalog_output/unthinned

GenerateAssetSymbols /Users/constantine/Documents/work/code/projects/km/Sources/Assets.xcassets (in target 'KM' from project 'KM')
    cd /Users/constantine/Documents/work/code/projects/km
    /Applications/Xcode.app/Contents/Developer/usr/bin/actool /Users/constantine/Documents/work/code/projects/km/Sources/Assets.xcassets --compile /Users/constantine/Library/Developer/Xcode/DerivedData/KM-dumqlooxnczgiebhdhmwylfdzlpq/Build/Products/Debug-iphoneos/KM.app --output-format human-readable-text --notices --warnings --export-dependency-info /Users/constantine/Library/Developer/Xcode/DerivedData/KM-dumqlooxnczgiebhdhmwylfdzlpq/Build/Intermediates.noindex/KM.build/Debug-iphoneos/KM.build/assetcatalog_dependencies --output-partial-info-plist /Users/constantine/Library/Developer/Xcode/DerivedData/KM-dumqlooxnczgiebhdhmwylfdzlpq/Build/Intermediates.noindex/KM.build/Debug-iphoneos/KM.build/assetcatalog_generated_info.plist --app-icon AppIcon --compress-pngs --enable-on-demand-resources YES --development-region en --target-device iphone --target-device ipad --minimum-deployment-target 17.0 --platform iphoneos --bundle-identifier com.km.app --generate-swift-asset-symbol-extensions NO --generate-swift-asset-symbols /Users/constantine/Library/Developer/Xcode/DerivedData/KM-dumqlooxnczgiebhdhmwylfdzlpq/Build/Intermediates.noindex/KM.build/Debug-iphoneos/KM.build/DerivedSources/GeneratedAssetSymbols.swift --generate-objc-asset-symbols /Users/constantine/Library/Developer/Xcode/DerivedData/KM-dumqlooxnczgiebhdhmwylfdzlpq/Build/Intermediates.noindex/KM.build/Debug-iphoneos/KM.build/DerivedSources/GeneratedAssetSymbols.h --generate-asset-symbol-index /Users/constantine/Library/Developer/Xcode/DerivedData/KM-dumqlooxnczgiebhdhmwylfdzlpq/Build/Intermediates.noindex/KM.build/Debug-iphoneos/KM.build/DerivedSources/GeneratedAssetSymbols-Index.plist
/* com.apple.actool.compilation-results */
/Users/constantine/Library/Developer/Xcode/DerivedData/KM-dumqlooxnczgiebhdhmwylfdzlpq/Build/Intermediates.noindex/KM.build/Debug-iphoneos/KM.build/DerivedSources/GeneratedAssetSymbols-Index.plist
/Users/constantine/Library/Developer/Xcode/DerivedData/KM-dumqlooxnczgiebhdhmwylfdzlpq/Build/Intermediates.noindex/KM.build/Debug-iphoneos/KM.build/DerivedSources/GeneratedAssetSymbols.h
/Users/constantine/Library/Developer/Xcode/DerivedData/KM-dumqlooxnczgiebhdhmwylfdzlpq/Build/Intermediates.noindex/KM.build/Debug-iphoneos/KM.build/DerivedSources/GeneratedAssetSymbols.swift


CompileAssetCatalogVariant thinned /Users/constantine/Library/Developer/Xcode/DerivedData/KM-dumqlooxnczgiebhdhmwylfdzlpq/Build/Products/Debug-iphoneos/KM.app /Users/constantine/Documents/work/code/projects/km/Sources/Assets.xcassets (in target 'KM' from project 'KM')
    cd /Users/constantine/Documents/work/code/projects/km
    /Applications/Xcode.app/Contents/Developer/usr/bin/actool /Users/constantine/Documents/work/code/projects/km/Sources/Assets.xcassets --compile /Users/constantine/Library/Developer/Xcode/DerivedData/KM-dumqlooxnczgiebhdhmwylfdzlpq/Build/Intermediates.noindex/KM.build/Debug-iphoneos/KM.build/assetcatalog_output/thinned --output-format human-readable-text --notices --warnings --export-dependency-info /Users/constantine/Library/Developer/Xcode/DerivedData/KM-dumqlooxnczgiebhdhmwylfdzlpq/Build/Intermediates.noindex/KM.build/Debug-iphoneos/KM.build/assetcatalog_dependencies_thinned --output-partial-info-plist /Users/constantine/Library/Developer/Xcode/DerivedData/KM-dumqlooxnczgiebhdhmwylfdzlpq/Build/Intermediates.noindex/KM.build/Debug-iphoneos/KM.build/assetcatalog_generated_info.plist_thinned --app-icon AppIcon --compress-pngs --enable-on-demand-resources YES --filter-for-thinning-device-configuration MacFamily20,1 --filter-for-device-os-version 26.4 --development-region en --target-device iphone --target-device ipad --minimum-deployment-target 17.0 --platform iphoneos
/* com.apple.actool.compilation-results */
/Users/constantine/Library/Developer/Xcode/DerivedData/KM-dumqlooxnczgiebhdhmwylfdzlpq/Build/Intermediates.noindex/KM.build/Debug-iphoneos/KM.build/assetcatalog_generated_info.plist_thinned
/Users/constantine/Library/Developer/Xcode/DerivedData/KM-dumqlooxnczgiebhdhmwylfdzlpq/Build/Intermediates.noindex/KM.build/Debug-iphoneos/KM.build/assetcatalog_output/thinned/AppIcon60x60@2x.png
/Users/constantine/Library/Developer/Xcode/DerivedData/KM-dumqlooxnczgiebhdhmwylfdzlpq/Build/Intermediates.noindex/KM.build/Debug-iphoneos/KM.build/assetcatalog_output/thinned/AppIcon76x76@2x~ipad.png
/Users/constantine/Library/Developer/Xcode/DerivedData/KM-dumqlooxnczgiebhdhmwylfdzlpq/Build/Intermediates.noindex/KM.build/Debug-iphoneos/KM.build/assetcatalog_output/thinned/Assets.car


SwiftDriver KM normal arm64 com.apple.xcode.tools.swift.compiler (in target 'KM' from project 'KM')
    cd /Users/constantine/Documents/work/code/projects/km
    builtin-SwiftDriver -- /Applications/Xcode.app/Contents/Developer/Toolchains/XcodeDefault.xctoolchain/usr/bin/swiftc -module-name KM -Onone @/Users/constantine/Library/Developer/Xcode/DerivedData/KM-dumqlooxnczgiebhdhmwylfdzlpq/Build/Intermediates.noindex/KM.build/Debug-iphoneos/KM.build/Objects-normal/arm64/KM.SwiftFileList -DDEBUG -Xcc -fmodule-map-file\=/Users/constantine/Library/Developer/Xcode/DerivedData/KM-dumqlooxnczgiebhdhmwylfdzlpq/SourcePackages/checkouts/GRDB.swift/Sources/CSQLite/module.modulemap -enable-upcoming-feature StrictConcurrency -enable-bare-slash-regex -enable-experimental-feature DebugDescriptionMacro -sdk /Applications/Xcode.app/Contents/Developer/Platforms/iPhoneOS.platform/Developer/SDKs/iPhoneOS26.4.sdk -target arm64-apple-ios17.0 -g -module-cache-path /Users/constantine/Library/Developer/Xcode/DerivedData/ModuleCache.noindex -Xfrontend -serialize-debugging-options -enable-testing -index-store-path /Users/constantine/Library/Developer/Xcode/DerivedData/KM-dumqlooxnczgiebhdhmwylfdzlpq/Index.noindex/DataStore -Xcc -D_LIBCPP_HARDENING_MODE\=_LIBCPP_HARDENING_MODE_DEBUG -swift-version 5 -I /Users/constantine/Library/Developer/Xcode/DerivedData/KM-dumqlooxnczgiebhdhmwylfdzlpq/Build/Products/Debug-iphoneos -F /Users/constantine/Library/Developer/Xcode/DerivedData/KM-dumqlooxnczgiebhdhmwylfdzlpq/Build/Products/Debug-iphoneos/PackageFrameworks -F /Users/constantine/Library/Developer/Xcode/DerivedData/KM-dumqlooxnczgiebhdhmwylfdzlpq/Build/Products/Debug-iphoneos -c -j18 -enable-batch-mode -incremental -Xcc -ivfsstatcache -Xcc /Users/constantine/Library/Developer/Xcode/DerivedData/SDKStatCaches.noindex/iphoneos26.4-23E252-68a138bb55de9ba35ce6c8c40d12849e.sdkstatcache -output-file-map /Users/constantine/Library/Developer/Xcode/DerivedData/KM-dumqlooxnczgiebhdhmwylfdzlpq/Build/Intermediates.noindex/KM.build/Debug-iphoneos/KM.build/Objects-normal/arm64/KM-OutputFileMap.json -use-frontend-parseable-output -save-temps -no-color-diagnostics -explicit-module-build -module-cache-path /Users/constantine/Library/Developer/Xcode/DerivedData/KM-dumqlooxnczgiebhdhmwylfdzlpq/Build/Intermediates.noindex/SwiftExplicitPrecompiledModules -clang-scanner-module-cache-path /Users/constantine/Library/Developer/Xcode/DerivedData/ModuleCache.noindex -sdk-module-cache-path /Users/constantine/Library/Developer/Xcode/DerivedData/ModuleCache.noindex -serialize-diagnostics -emit-dependencies -emit-module -emit-module-path /Users/constantine/Library/Developer/Xcode/DerivedData/KM-dumqlooxnczgiebhdhmwylfdzlpq/Build/Intermediates.noindex/KM.build/Debug-iphoneos/KM.build/Objects-normal/arm64/KM.swiftmodule -validate-clang-modules-once -clang-build-session-file /Users/constantine/Library/Developer/Xcode/DerivedData/ModuleCache.noindex/Session.modulevalidation -Xcc -I/Users/constantine/Library/Developer/Xcode/DerivedData/KM-dumqlooxnczgiebhdhmwylfdzlpq/Build/Intermediates.noindex/KM.build/Debug-iphoneos/KM.build/swift-overrides.hmap -emit-const-values -Xfrontend -const-gather-protocols-file -Xfrontend /Users/constantine/Library/Developer/Xcode/DerivedData/KM-dumqlooxnczgiebhdhmwylfdzlpq/Build/Intermediates.noindex/KM.build/Debug-iphoneos/KM.build/Objects-normal/arm64/KM_const_extract_protocols.json -Xcc -iquote -Xcc /Users/constantine/Library/Developer/Xcode/DerivedData/KM-dumqlooxnczgiebhdhmwylfdzlpq/Build/Intermediates.noindex/KM.build/Debug-iphoneos/KM.build/KM-generated-files.hmap -Xcc -I/Users/constantine/Library/Developer/Xcode/DerivedData/KM-dumqlooxnczgiebhdhmwylfdzlpq/Build/Intermediates.noindex/KM.build/Debug-iphoneos/KM.build/KM-own-target-headers.hmap -Xcc -I/Users/constantine/Library/Developer/Xcode/DerivedData/KM-dumqlooxnczgiebhdhmwylfdzlpq/Build/Intermediates.noindex/KM.build/Debug-iphoneos/KM.build/KM-all-non-framework-target-headers.hmap -Xcc -ivfsoverlay -Xcc /Users/constantine/Library/Developer/Xcode/DerivedData/KM-dumqlooxnczgiebhdhmwylfdzlpq/Build/Intermediates.noindex/KM.build/Debug-iphoneos/KM-05e6cc8c0e79676be58e6679ba008eb7-VFS-iphoneos/all-product-headers.yaml -Xcc -iquote -Xcc /Users/constantine/Library/Developer/Xcode/DerivedData/KM-dumqlooxnczgiebhdhmwylfdzlpq/Build/Intermediates.noindex/KM.build/Debug-iphoneos/KM.build/KM-project-headers.hmap -Xcc -I/Users/constantine/Library/Developer/Xcode/DerivedData/KM-dumqlooxnczgiebhdhmwylfdzlpq/Build/Products/Debug-iphoneos/include -Xcc -I/Users/constantine/Library/Developer/Xcode/DerivedData/KM-dumqlooxnczgiebhdhmwylfdzlpq/Build/Intermediates.noindex/KM.build/Debug-iphoneos/KM.build/DerivedSources-normal/arm64 -Xcc -I/Users/constantine/Library/Developer/Xcode/DerivedData/KM-dumqlooxnczgiebhdhmwylfdzlpq/Build/Intermediates.noindex/KM.build/Debug-iphoneos/KM.build/DerivedSources/arm64 -Xcc -I/Users/constantine/Library/Developer/Xcode/DerivedData/KM-dumqlooxnczgiebhdhmwylfdzlpq/Build/Intermediates.noindex/KM.build/Debug-iphoneos/KM.build/DerivedSources -Xcc -DDEBUG\=1 -emit-objc-header -emit-objc-header-path /Users/constantine/Library/Developer/Xcode/DerivedData/KM-dumqlooxnczgiebhdhmwylfdzlpq/Build/Intermediates.noindex/KM.build/Debug-iphoneos/KM.build/Objects-normal/arm64/KM-Swift.h -working-directory /Users/constantine/Documents/work/code/projects/km -experimental-emit-module-separately -disable-cmo

SwiftExplicitDependencyGeneratePcm arm64 /Users/constantine/Library/Developer/Xcode/DerivedData/KM-dumqlooxnczgiebhdhmwylfdzlpq/Build/Intermediates.noindex/SwiftExplicitPrecompiledModules/CSQLite-BJSJY1GWU4EW00C2ZH9AXISG8.pcm

SwiftEmitModule normal arm64 Emitting\ module\ for\ KM (in target 'KM' from project 'KM')
EmitSwiftModule normal arm64 (in target 'KM' from project 'KM')
    cd /Users/constantine/Documents/work/code/projects/km
    

SwiftCompile normal arm64 Compiling\ SQLiteStore.swift,\ SearchDiagnosticInfo.swift,\ SearchStore.swift,\ SearchView.swift,\ SecurityManager.swift,\ SecurityReinforcement.swift,\ ServiceContainer.swift,\ SettingsAboutView.swift,\ SettingsComponents.swift,\ SettingsStore.swift /Users/constantine/Documents/work/code/projects/km/Sources/Shared/Services/Storage/SQLiteStore.swift /Users/constantine/Documents/work/code/projects/km/Sources/Shared/Models/SearchDiagnosticInfo.swift /Users/constantine/Documents/work/code/projects/km/Sources/Shared/Services/Storage/SearchStore.swift /Users/constantine/Documents/work/code/projects/km/Sources/Shared/Views/Pages/SearchView.swift /Users/constantine/Documents/work/code/projects/km/Sources/Shared/Services/Infrastructure/SecurityManager.swift /Users/constantine/Documents/work/code/projects/km/Sources/Shared/Services/Infrastructure/SecurityReinforcement.swift /Users/constantine/Documents/work/code/projects/km/Sources/Shared/Services/Core/ServiceContainer.swift /Users/constantine/Documents/work/code/projects/km/Sources/Shared/Views/Settings/SettingsAboutView.swift /Users/constantine/Documents/work/code/projects/km/Sources/Shared/Views/Components/SettingsComponents.swift /Users/constantine/Documents/work/code/projects/km/Sources/Shared/Services/Storage/SettingsStore.swift (in target 'KM' from project 'KM')
SwiftCompile normal arm64 /Users/constantine/Documents/work/code/projects/km/Sources/Shared/Services/Storage/SQLiteStore.swift (in target 'KM' from project 'KM')
    cd /Users/constantine/Documents/work/code/projects/km
    

SwiftCompile normal arm64 /Users/constantine/Documents/work/code/projects/km/Sources/Shared/Models/SearchDiagnosticInfo.swift (in target 'KM' from project 'KM')
    cd /Users/constantine/Documents/work/code/projects/km
    

SwiftCompile normal arm64 /Users/constantine/Documents/work/code/projects/km/Sources/Shared/Services/Storage/SearchStore.swift (in target 'KM' from project 'KM')
    cd /Users/constantine/Documents/work/code/projects/km
    

SwiftCompile normal arm64 /Users/constantine/Documents/work/code/projects/km/Sources/Shared/Views/Pages/SearchView.swift (in target 'KM' from project 'KM')
    cd /Users/constantine/Documents/work/code/projects/km
    

SwiftCompile normal arm64 /Users/constantine/Documents/work/code/projects/km/Sources/Shared/Services/Infrastructure/SecurityManager.swift (in target 'KM' from project 'KM')
    cd /Users/constantine/Documents/work/code/projects/km
    

SwiftCompile normal arm64 /Users/constantine/Documents/work/code/projects/km/Sources/Shared/Services/Infrastructure/SecurityReinforcement.swift (in target 'KM' from project 'KM')
    cd /Users/constantine/Documents/work/code/projects/km
    

SwiftCompile normal arm64 /Users/constantine/Documents/work/code/projects/km/Sources/Shared/Services/Core/ServiceContainer.swift (in target 'KM' from project 'KM')
    cd /Users/constantine/Documents/work/code/projects/km
    

SwiftCompile normal arm64 /Users/constantine/Documents/work/code/projects/km/Sources/Shared/Views/Settings/SettingsAboutView.swift (in target 'KM' from project 'KM')
    cd /Users/constantine/Documents/work/code/projects/km
    

SwiftCompile normal arm64 /Users/constantine/Documents/work/code/projects/km/Sources/Shared/Views/Components/SettingsComponents.swift (in target 'KM' from project 'KM')
    cd /Users/constantine/Documents/work/code/projects/km
    

SwiftCompile normal arm64 /Users/constantine/Documents/work/code/projects/km/Sources/Shared/Services/Storage/SettingsStore.swift (in target 'KM' from project 'KM')
    cd /Users/constantine/Documents/work/code/projects/km
    

SwiftCompile normal arm64 Compiling\ PDFProcessor.swift,\ PDFReaderView.swift,\ PPTXProcessor.swift,\ PageDetailHeader.swift,\ PageDetailView.swift,\ PageDetailViewModel.swift,\ PageHistoryView.swift,\ PageSchema.swift,\ PageType.swift,\ PencilManager.swift,\ PerformanceBenchmarker.swift /Users/constantine/Documents/work/code/projects/km/Sources/Shared/Utils/Processors/Document/PDFProcessor.swift /Users/constantine/Documents/work/code/projects/km/Sources/Shared/Views/Editors/PDFReaderView.swift /Users/constantine/Documents/work/code/projects/km/Sources/Shared/Utils/Processors/Document/PPTXProcessor.swift /Users/constantine/Documents/work/code/projects/km/Sources/Shared/Views/Components/PageDetailHeader.swift /Users/constantine/Documents/work/code/projects/km/Sources/Shared/Views/Pages/PageDetailView.swift /Users/constantine/Documents/work/code/projects/km/Sources/Shared/ViewModels/PageDetailViewModel.swift /Users/constantine/Documents/work/code/projects/km/Sources/Shared/Views/Pages/Subviews/PageHistoryView.swift /Users/constantine/Documents/work/code/projects/km/Sources/Shared/Models/PageSchema.swift /Users/constantine/Documents/work/code/projects/km/Sources/Shared/Models/PageType.swift /Users/constantine/Documents/work/code/projects/km/Sources/Shared/Services/Infrastructure/PencilManager.swift /Users/constantine/Documents/work/code/projects/km/Sources/Shared/Services/Dev/PerformanceBenchmarker.swift (in target 'KM' from project 'KM')
SwiftCompile normal arm64 /Users/constantine/Documents/work/code/projects/km/Sources/Shared/Utils/Processors/Document/PDFProcessor.swift (in target 'KM' from project 'KM')
    cd /Users/constantine/Documents/work/code/projects/km
    

SwiftCompile normal arm64 /Users/constantine/Documents/work/code/projects/km/Sources/Shared/Views/Editors/PDFReaderView.swift (in target 'KM' from project 'KM')
    cd /Users/constantine/Documents/work/code/projects/km
    

SwiftCompile normal arm64 /Users/constantine/Documents/work/code/projects/km/Sources/Shared/Utils/Processors/Document/PPTXProcessor.swift (in target 'KM' from project 'KM')
    cd /Users/constantine/Documents/work/code/projects/km
    

SwiftCompile normal arm64 /Users/constantine/Documents/work/code/projects/km/Sources/Shared/Views/Components/PageDetailHeader.swift (in target 'KM' from project 'KM')
    cd /Users/constantine/Documents/work/code/projects/km
    

SwiftCompile normal arm64 /Users/constantine/Documents/work/code/projects/km/Sources/Shared/Views/Pages/PageDetailView.swift (in target 'KM' from project 'KM')
    cd /Users/constantine/Documents/work/code/projects/km
    

SwiftCompile normal arm64 /Users/constantine/Documents/work/code/projects/km/Sources/Shared/ViewModels/PageDetailViewModel.swift (in target 'KM' from project 'KM')
    cd /Users/constantine/Documents/work/code/projects/km
    

SwiftCompile normal arm64 /Users/constantine/Documents/work/code/projects/km/Sources/Shared/Views/Pages/Subviews/PageHistoryView.swift (in target 'KM' from project 'KM')
    cd /Users/constantine/Documents/work/code/projects/km
    

SwiftCompile normal arm64 /Users/constantine/Documents/work/code/projects/km/Sources/Shared/Models/PageSchema.swift (in target 'KM' from project 'KM')
    cd /Users/constantine/Documents/work/code/projects/km
    

SwiftCompile normal arm64 /Users/constantine/Documents/work/code/projects/km/Sources/Shared/Models/PageType.swift (in target 'KM' from project 'KM')
    cd /Users/constantine/Documents/work/code/projects/km
    

SwiftCompile normal arm64 /Users/constantine/Documents/work/code/projects/km/Sources/Shared/Services/Infrastructure/PencilManager.swift (in target 'KM' from project 'KM')
    cd /Users/constantine/Documents/work/code/projects/km
    

SwiftCompile normal arm64 /Users/constantine/Documents/work/code/projects/km/Sources/Shared/Services/Dev/PerformanceBenchmarker.swift (in target 'KM' from project 'KM')
    cd /Users/constantine/Documents/work/code/projects/km
    

SwiftCompile normal arm64 Compiling\ WidgetAndWatchViews.swift,\ WikiCard.swift,\ WikiCardComponents.swift,\ WikiColors.swift,\ WikiDecorators.swift,\ WikiEmptyState.swift,\ WikiEventBus.swift,\ WikiLoadingOverlay.swift,\ WikiPage.swift,\ WikiPageStore.swift /Users/constantine/Documents/work/code/projects/km/Sources/Shared/Views/WidgetAndWatchViews.swift /Users/constantine/Documents/work/code/projects/km/Sources/Shared/Views/Components/WikiCard.swift /Users/constantine/Documents/work/code/projects/km/Sources/Shared/Views/Components/WikiCardComponents.swift /Users/constantine/Documents/work/code/projects/km/Sources/Shared/Infrastructure/Utilities/WikiColors.swift /Users/constantine/Documents/work/code/projects/km/Sources/Shared/Views/Components/WikiDecorators.swift /Users/constantine/Documents/work/code/projects/km/Sources/Shared/Views/Components/WikiEmptyState.swift /Users/constantine/Documents/work/code/projects/km/Sources/Shared/Services/System/WikiEventBus.swift /Users/constantine/Documents/work/code/projects/km/Sources/Shared/Views/Components/WikiLoadingOverlay.swift /Users/constantine/Documents/work/code/projects/km/Sources/Shared/Models/WikiPage.swift /Users/constantine/Documents/work/code/projects/km/Sources/Shared/Services/Storage/WikiPageStore.swift (in target 'KM' from project 'KM')

SwiftCompile normal arm64 /Users/constantine/Documents/work/code/projects/km/Sources/Shared/Views/WidgetAndWatchViews.swift (in target 'KM' from project 'KM')
    cd /Users/constantine/Documents/work/code/projects/km
    

SwiftCompile normal arm64 /Users/constantine/Documents/work/code/projects/km/Sources/Shared/Views/Components/WikiCard.swift (in target 'KM' from project 'KM')
    cd /Users/constantine/Documents/work/code/projects/km
    

SwiftCompile normal arm64 /Users/constantine/Documents/work/code/projects/km/Sources/Shared/Views/Components/WikiCardComponents.swift (in target 'KM' from project 'KM')
    cd /Users/constantine/Documents/work/code/projects/km
    

SwiftCompile normal arm64 /Users/constantine/Documents/work/code/projects/km/Sources/Shared/Infrastructure/Utilities/WikiColors.swift (in target 'KM' from project 'KM')
    cd /Users/constantine/Documents/work/code/projects/km
    

SwiftCompile normal arm64 /Users/constantine/Documents/work/code/projects/km/Sources/Shared/Views/Components/WikiDecorators.swift (in target 'KM' from project 'KM')
    cd /Users/constantine/Documents/work/code/projects/km
    

SwiftCompile normal arm64 /Users/constantine/Documents/work/code/projects/km/Sources/Shared/Views/Components/WikiEmptyState.swift (in target 'KM' from project 'KM')
    cd /Users/constantine/Documents/work/code/projects/km
    

SwiftCompile normal arm64 /Users/constantine/Documents/work/code/projects/km/Sources/Shared/Services/System/WikiEventBus.swift (in target 'KM' from project 'KM')
    cd /Users/constantine/Documents/work/code/projects/km
    

SwiftCompile normal arm64 /Users/constantine/Documents/work/code/projects/km/Sources/Shared/Views/Components/WikiLoadingOverlay.swift (in target 'KM' from project 'KM')
    cd /Users/constantine/Documents/work/code/projects/km
    

SwiftCompile normal arm64 /Users/constantine/Documents/work/code/projects/km/Sources/Shared/Models/WikiPage.swift (in target 'KM' from project 'KM')
    cd /Users/constantine/Documents/work/code/projects/km
    

SwiftCompile normal arm64 /Users/constantine/Documents/work/code/projects/km/Sources/Shared/Services/Storage/WikiPageStore.swift (in target 'KM' from project 'KM')
    cd /Users/constantine/Documents/work/code/projects/km
    

SwiftCompile normal arm64 Compiling\ VaultStorageSecurityService.swift,\ VaultStorageService.swift,\ ViewFactory.swift,\ VisionProSpatialView.swift,\ VoiceNoteComponents.swift,\ VoiceNoteView.swift,\ WatchConnectivityService.swift,\ WebViewExportService.swift,\ WeeklyInsightCard.swift,\ WelcomeView.swift /Users/constantine/Documents/work/code/projects/km/Sources/Shared/Services/Storage/VaultStorageSecurityService.swift /Users/constantine/Documents/work/code/projects/km/Sources/Shared/Services/Storage/VaultStorageService.swift /Users/constantine/Documents/work/code/projects/km/Sources/Shared/Views/Core/ViewFactory.swift /Users/constantine/Documents/work/code/projects/km/Sources/Shared/Views/Features/VisionProSpatialView.swift /Users/constantine/Documents/work/code/projects/km/Sources/Shared/Views/Components/VoiceNoteComponents.swift /Users/constantine/Documents/work/code/projects/km/Sources/Shared/Views/Features/VoiceNoteView.swift /Users/constantine/Documents/work/code/projects/km/Sources/Shared/Services/Infrastructure/WatchConnectivityService.swift /Users/constantine/Documents/work/code/projects/km/Sources/Shared/Services/Infrastructure/WebViewExportService.swift /Users/constantine/Documents/work/code/projects/km/Sources/Shared/Views/Components/WeeklyInsightCard.swift /Users/constantine/Documents/work/code/projects/km/Sources/Shared/Views/Core/WelcomeView.swift (in target 'KM' from project 'KM')

SwiftCompile normal arm64 /Users/constantine/Documents/work/code/projects/km/Sources/Shared/Services/Storage/VaultStorageSecurityService.swift (in target 'KM' from project 'KM')
    cd /Users/constantine/Documents/work/code/projects/km
    

SwiftCompile normal arm64 /Users/constantine/Documents/work/code/projects/km/Sources/Shared/Services/Storage/VaultStorageService.swift (in target 'KM' from project 'KM')
    cd /Users/constantine/Documents/work/code/projects/km
    

SwiftCompile normal arm64 /Users/constantine/Documents/work/code/projects/km/Sources/Shared/Views/Core/ViewFactory.swift (in target 'KM' from project 'KM')
    cd /Users/constantine/Documents/work/code/projects/km
    

SwiftCompile normal arm64 /Users/constantine/Documents/work/code/projects/km/Sources/Shared/Views/Features/VisionProSpatialView.swift (in target 'KM' from project 'KM')
    cd /Users/constantine/Documents/work/code/projects/km
    

SwiftCompile normal arm64 /Users/constantine/Documents/work/code/projects/km/Sources/Shared/Views/Components/VoiceNoteComponents.swift (in target 'KM' from project 'KM')
    cd /Users/constantine/Documents/work/code/projects/km
    

SwiftCompile normal arm64 /Users/constantine/Documents/work/code/projects/km/Sources/Shared/Views/Features/VoiceNoteView.swift (in target 'KM' from project 'KM')
    cd /Users/constantine/Documents/work/code/projects/km
    

SwiftCompile normal arm64 /Users/constantine/Documents/work/code/projects/km/Sources/Shared/Services/Infrastructure/WatchConnectivityService.swift (in target 'KM' from project 'KM')
    cd /Users/constantine/Documents/work/code/projects/km
    

SwiftCompile normal arm64 /Users/constantine/Documents/work/code/projects/km/Sources/Shared/Services/Infrastructure/WebViewExportService.swift (in target 'KM' from project 'KM')
    cd /Users/constantine/Documents/work/code/projects/km
    

SwiftCompile normal arm64 /Users/constantine/Documents/work/code/projects/km/Sources/Shared/Views/Components/WeeklyInsightCard.swift (in target 'KM' from project 'KM')
    cd /Users/constantine/Documents/work/code/projects/km
    

SwiftCompile normal arm64 /Users/constantine/Documents/work/code/projects/km/Sources/Shared/Views/Core/WelcomeView.swift (in target 'KM' from project 'KM')
    cd /Users/constantine/Documents/work/code/projects/km
    

SwiftCompile normal arm64 Compiling\ SettingsView.swift,\ Shimmer.swift,\ ShortcutManager.swift,\ SidebarView.swift,\ SnapshotService.swift,\ SpeechProcessor.swift,\ SplashComponents.swift,\ SplashView.swift,\ SpotlightService.swift,\ SynthesisProcessor.swift /Users/constantine/Documents/work/code/projects/km/Sources/Shared/Views/Settings/SettingsView.swift /Users/constantine/Documents/work/code/projects/km/Sources/Shared/Views/Components/Shimmer.swift /Users/constantine/Documents/work/code/projects/km/Sources/Shared/Services/Infrastructure/ShortcutManager.swift /Users/constantine/Documents/work/code/projects/km/Sources/Shared/Views/Core/SidebarView.swift /Users/constantine/Documents/work/code/projects/km/Sources/Shared/Services/Infrastructure/SnapshotService.swift /Users/constantine/Documents/work/code/projects/km/Sources/Shared/Utils/Processors/Media/SpeechProcessor.swift /Users/constantine/Documents/work/code/projects/km/Sources/Shared/Views/Components/SplashComponents.swift /Users/constantine/Documents/work/code/projects/km/Sources/Shared/Views/Core/SplashView.swift /Users/constantine/Documents/work/code/projects/km/Sources/Shared/Services/Infrastructure/SpotlightService.swift /Users/constantine/Documents/work/code/projects/km/Sources/Shared/Utils/Processors/Synthesis/SynthesisProcessor.swift (in target 'KM' from project 'KM')

SwiftCompile normal arm64 /Users/constantine/Documents/work/code/projects/km/Sources/Shared/Views/Settings/SettingsView.swift (in target 'KM' from project 'KM')
    cd /Users/constantine/Documents/work/code/projects/km
    

SwiftCompile normal arm64 /Users/constantine/Documents/work/code/projects/km/Sources/Shared/Views/Components/Shimmer.swift (in target 'KM' from project 'KM')
    cd /Users/constantine/Documents/work/code/projects/km
    

SwiftCompile normal arm64 /Users/constantine/Documents/work/code/projects/km/Sources/Shared/Services/Infrastructure/ShortcutManager.swift (in target 'KM' from project 'KM')
    cd /Users/constantine/Documents/work/code/projects/km
    

SwiftCompile normal arm64 /Users/constantine/Documents/work/code/projects/km/Sources/Shared/Views/Core/SidebarView.swift (in target 'KM' from project 'KM')
    cd /Users/constantine/Documents/work/code/projects/km
    

SwiftCompile normal arm64 /Users/constantine/Documents/work/code/projects/km/Sources/Shared/Services/Infrastructure/SnapshotService.swift (in target 'KM' from project 'KM')
    cd /Users/constantine/Documents/work/code/projects/km
    

SwiftCompile normal arm64 /Users/constantine/Documents/work/code/projects/km/Sources/Shared/Utils/Processors/Media/SpeechProcessor.swift (in target 'KM' from project 'KM')
    cd /Users/constantine/Documents/work/code/projects/km
    

SwiftCompile normal arm64 /Users/constantine/Documents/work/code/projects/km/Sources/Shared/Views/Components/SplashComponents.swift (in target 'KM' from project 'KM')
    cd /Users/constantine/Documents/work/code/projects/km
    

SwiftCompile normal arm64 /Users/constantine/Documents/work/code/projects/km/Sources/Shared/Views/Core/SplashView.swift (in target 'KM' from project 'KM')
    cd /Users/constantine/Documents/work/code/projects/km
    

SwiftCompile normal arm64 /Users/constantine/Documents/work/code/projects/km/Sources/Shared/Services/Infrastructure/SpotlightService.swift (in target 'KM' from project 'KM')
    cd /Users/constantine/Documents/work/code/projects/km
    

SwiftCompile normal arm64 /Users/constantine/Documents/work/code/projects/km/Sources/Shared/Utils/Processors/Synthesis/SynthesisProcessor.swift (in target 'KM' from project 'KM')
    cd /Users/constantine/Documents/work/code/projects/km
    

SwiftCompile normal arm64 Compiling\ WikiToast.swift,\ WikiTooltip.swift,\ WikiUI.swift,\ WorkflowService.swift,\ XlsxStringsProcessor.swift,\ iCloudSyncComponents.swift,\ iCloudSyncCoordinator.swift,\ iCloudSyncManager.swift,\ iCloudSyncView.swift,\ GeneratedAssetSymbols.swift /Users/constantine/Documents/work/code/projects/km/Sources/Shared/Views/Components/WikiToast.swift /Users/constantine/Documents/work/code/projects/km/Sources/Shared/Views/Components/WikiTooltip.swift /Users/constantine/Documents/work/code/projects/km/Sources/Shared/Infrastructure/Utilities/WikiUI.swift /Users/constantine/Documents/work/code/projects/km/Sources/Shared/Services/Infrastructure/WorkflowService.swift /Users/constantine/Documents/work/code/projects/km/Sources/Shared/Utils/Processors/Document/XlsxStringsProcessor.swift /Users/constantine/Documents/work/code/projects/km/Sources/Shared/Views/Components/iCloudSyncComponents.swift /Users/constantine/Documents/work/code/projects/km/Sources/Shared/Services/Sync/iCloudSyncCoordinator.swift /Users/constantine/Documents/work/code/projects/km/Sources/Shared/Services/Sync/iCloudSyncManager.swift /Users/constantine/Documents/work/code/projects/km/Sources/Shared/Views/Settings/iCloudSyncView.swift /Users/constantine/Library/Developer/Xcode/DerivedData/KM-dumqlooxnczgiebhdhmwylfdzlpq/Build/Intermediates.noindex/KM.build/Debug-iphoneos/KM.build/DerivedSources/GeneratedAssetSymbols.swift (in target 'KM' from project 'KM')

SwiftCompile normal arm64 /Users/constantine/Documents/work/code/projects/km/Sources/Shared/Views/Components/WikiToast.swift (in target 'KM' from project 'KM')
    cd /Users/constantine/Documents/work/code/projects/km
    

SwiftCompile normal arm64 /Users/constantine/Documents/work/code/projects/km/Sources/Shared/Views/Components/WikiTooltip.swift (in target 'KM' from project 'KM')
    cd /Users/constantine/Documents/work/code/projects/km
    

SwiftCompile normal arm64 /Users/constantine/Documents/work/code/projects/km/Sources/Shared/Infrastructure/Utilities/WikiUI.swift (in target 'KM' from project 'KM')
    cd /Users/constantine/Documents/work/code/projects/km
    

SwiftCompile normal arm64 /Users/constantine/Documents/work/code/projects/km/Sources/Shared/Services/Infrastructure/WorkflowService.swift (in target 'KM' from project 'KM')
    cd /Users/constantine/Documents/work/code/projects/km
    

SwiftCompile normal arm64 /Users/constantine/Documents/work/code/projects/km/Sources/Shared/Utils/Processors/Document/XlsxStringsProcessor.swift (in target 'KM' from project 'KM')
    cd /Users/constantine/Documents/work/code/projects/km
    

SwiftCompile normal arm64 /Users/constantine/Documents/work/code/projects/km/Sources/Shared/Views/Components/iCloudSyncComponents.swift (in target 'KM' from project 'KM')
    cd /Users/constantine/Documents/work/code/projects/km
    

SwiftCompile normal arm64 /Users/constantine/Documents/work/code/projects/km/Sources/Shared/Services/Sync/iCloudSyncCoordinator.swift (in target 'KM' from project 'KM')
    cd /Users/constantine/Documents/work/code/projects/km
    

SwiftCompile normal arm64 /Users/constantine/Documents/work/code/projects/km/Sources/Shared/Services/Sync/iCloudSyncManager.swift (in target 'KM' from project 'KM')
    cd /Users/constantine/Documents/work/code/projects/km
    

SwiftCompile normal arm64 /Users/constantine/Documents/work/code/projects/km/Sources/Shared/Views/Settings/iCloudSyncView.swift (in target 'KM' from project 'KM')
    cd /Users/constantine/Documents/work/code/projects/km
    

SwiftCompile normal arm64 /Users/constantine/Library/Developer/Xcode/DerivedData/KM-dumqlooxnczgiebhdhmwylfdzlpq/Build/Intermediates.noindex/KM.build/Debug-iphoneos/KM.build/DerivedSources/GeneratedAssetSymbols.swift (in target 'KM' from project 'KM')
    cd /Users/constantine/Documents/work/code/projects/km
    

SwiftCompile normal arm64 Compiling\ PerformanceService.swift,\ PluginCenterView.swift,\ PluginDetailView.swift,\ PluginMarketService.swift,\ PluginProtocols.swift,\ PluginRegistry.swift,\ PromptService.swift,\ PromptWorkshopView.swift,\ QuizProcessor.swift,\ QuizView.swift,\ ReadabilityModifiers.swift /Users/constantine/Documents/work/code/projects/km/Sources/Shared/Services/Infrastructure/PerformanceService.swift /Users/constantine/Documents/work/code/projects/km/Sources/Shared/Views/Settings/PluginCenterView.swift /Users/constantine/Documents/work/code/projects/km/Sources/Shared/Views/Settings/PluginDetailView.swift /Users/constantine/Documents/work/code/projects/km/Sources/Shared/Services/Plugins/PluginMarketService.swift /Users/constantine/Documents/work/code/projects/km/Sources/Shared/Services/Plugins/PluginProtocols.swift /Users/constantine/Documents/work/code/projects/km/Sources/Shared/Services/Plugins/PluginRegistry.swift /Users/constantine/Documents/work/code/projects/km/Sources/Shared/Services/AI/PromptService.swift /Users/constantine/Documents/work/code/projects/km/Sources/Shared/Views/PromptWorkshopView.swift /Users/constantine/Documents/work/code/projects/km/Sources/Shared/Utils/Processors/Synthesis/QuizProcessor.swift /Users/constantine/Documents/work/code/projects/km/Sources/Shared/Views/Features/QuizView.swift /Users/constantine/Documents/work/code/projects/km/Sources/Shared/Views/Components/ReadabilityModifiers.swift (in target 'KM' from project 'KM')

SwiftCompile normal arm64 /Users/constantine/Documents/work/code/projects/km/Sources/Shared/Services/Infrastructure/PerformanceService.swift (in target 'KM' from project 'KM')
    cd /Users/constantine/Documents/work/code/projects/km
    

SwiftCompile normal arm64 /Users/constantine/Documents/work/code/projects/km/Sources/Shared/Views/Settings/PluginCenterView.swift (in target 'KM' from project 'KM')
    cd /Users/constantine/Documents/work/code/projects/km
    

SwiftCompile normal arm64 /Users/constantine/Documents/work/code/projects/km/Sources/Shared/Views/Settings/PluginDetailView.swift (in target 'KM' from project 'KM')
    cd /Users/constantine/Documents/work/code/projects/km
    

SwiftCompile normal arm64 /Users/constantine/Documents/work/code/projects/km/Sources/Shared/Services/Plugins/PluginMarketService.swift (in target 'KM' from project 'KM')
    cd /Users/constantine/Documents/work/code/projects/km
    

SwiftCompile normal arm64 /Users/constantine/Documents/work/code/projects/km/Sources/Shared/Services/Plugins/PluginProtocols.swift (in target 'KM' from project 'KM')
    cd /Users/constantine/Documents/work/code/projects/km
    

SwiftCompile normal arm64 /Users/constantine/Documents/work/code/projects/km/Sources/Shared/Services/Plugins/PluginRegistry.swift (in target 'KM' from project 'KM')
    cd /Users/constantine/Documents/work/code/projects/km
    

SwiftCompile normal arm64 /Users/constantine/Documents/work/code/projects/km/Sources/Shared/Services/AI/PromptService.swift (in target 'KM' from project 'KM')
    cd /Users/constantine/Documents/work/code/projects/km
    

SwiftCompile normal arm64 /Users/constantine/Documents/work/code/projects/km/Sources/Shared/Views/PromptWorkshopView.swift (in target 'KM' from project 'KM')
    cd /Users/constantine/Documents/work/code/projects/km
    

SwiftCompile normal arm64 /Users/constantine/Documents/work/code/projects/km/Sources/Shared/Utils/Processors/Synthesis/QuizProcessor.swift (in target 'KM' from project 'KM')
    cd /Users/constantine/Documents/work/code/projects/km
    

SwiftCompile normal arm64 /Users/constantine/Documents/work/code/projects/km/Sources/Shared/Views/Features/QuizView.swift (in target 'KM' from project 'KM')
    cd /Users/constantine/Documents/work/code/projects/km
    

SwiftCompile normal arm64 /Users/constantine/Documents/work/code/projects/km/Sources/Shared/Views/Components/ReadabilityModifiers.swift (in target 'KM' from project 'KM')
    cd /Users/constantine/Documents/work/code/projects/km
    

SwiftCompile normal arm64 Compiling\ SynthesisStore.swift,\ SynthesisView.swift,\ TagCapsule.swift,\ TagCloudView.swift,\ TaskCenter.swift,\ TaskCenterView.swift,\ TextChunkerProcessor.swift,\ ThemeManager.swift,\ TooltipManager.swift,\ UndoService.swift /Users/constantine/Documents/work/code/projects/km/Sources/Shared/Services/Storage/SynthesisStore.swift /Users/constantine/Documents/work/code/projects/km/Sources/Shared/Views/Features/SynthesisView.swift /Users/constantine/Documents/work/code/projects/km/Sources/Shared/Views/Components/TagCapsule.swift /Users/constantine/Documents/work/code/projects/km/Sources/Shared/Views/Pages/TagCloudView.swift /Users/constantine/Documents/work/code/projects/km/Sources/Shared/Services/Feature/TaskCenter.swift /Users/constantine/Documents/work/code/projects/km/Sources/Shared/Views/Features/TaskCenterView.swift /Users/constantine/Documents/work/code/projects/km/Sources/Shared/Utils/Processors/Document/TextChunkerProcessor.swift /Users/constantine/Documents/work/code/projects/km/Sources/Shared/Infrastructure/Utilities/ThemeManager.swift /Users/constantine/Documents/work/code/projects/km/Sources/Shared/Services/Infrastructure/TooltipManager.swift /Users/constantine/Documents/work/code/projects/km/Sources/Shared/Services/Feature/UndoService.swift (in target 'KM' from project 'KM')
SwiftCompile normal arm64 /Users/constantine/Documents/work/code/projects/km/Sources/Shared/Services/Storage/SynthesisStore.swift (in target 'KM' from project 'KM')
    cd /Users/constantine/Documents/work/code/projects/km
    

SwiftCompile normal arm64 /Users/constantine/Documents/work/code/projects/km/Sources/Shared/Views/Features/SynthesisView.swift (in target 'KM' from project 'KM')
    cd /Users/constantine/Documents/work/code/projects/km
    

SwiftCompile normal arm64 /Users/constantine/Documents/work/code/projects/km/Sources/Shared/Views/Components/TagCapsule.swift (in target 'KM' from project 'KM')
    cd /Users/constantine/Documents/work/code/projects/km
    

SwiftCompile normal arm64 /Users/constantine/Documents/work/code/projects/km/Sources/Shared/Views/Pages/TagCloudView.swift (in target 'KM' from project 'KM')
    cd /Users/constantine/Documents/work/code/projects/km
    

SwiftCompile normal arm64 /Users/constantine/Documents/work/code/projects/km/Sources/Shared/Services/Feature/TaskCenter.swift (in target 'KM' from project 'KM')
    cd /Users/constantine/Documents/work/code/projects/km
    

SwiftCompile normal arm64 /Users/constantine/Documents/work/code/projects/km/Sources/Shared/Views/Features/TaskCenterView.swift (in target 'KM' from project 'KM')
    cd /Users/constantine/Documents/work/code/projects/km
    

SwiftCompile normal arm64 /Users/constantine/Documents/work/code/projects/km/Sources/Shared/Utils/Processors/Document/TextChunkerProcessor.swift (in target 'KM' from project 'KM')
    cd /Users/constantine/Documents/work/code/projects/km
    

SwiftCompile normal arm64 /Users/constantine/Documents/work/code/projects/km/Sources/Shared/Infrastructure/Utilities/ThemeManager.swift (in target 'KM' from project 'KM')
    cd /Users/constantine/Documents/work/code/projects/km
    

SwiftCompile normal arm64 /Users/constantine/Documents/work/code/projects/km/Sources/Shared/Services/Infrastructure/TooltipManager.swift (in target 'KM' from project 'KM')
    cd /Users/constantine/Documents/work/code/projects/km
    

SwiftCompile normal arm64 /Users/constantine/Documents/work/code/projects/km/Sources/Shared/Services/Feature/UndoService.swift (in target 'KM' from project 'KM')
    cd /Users/constantine/Documents/work/code/projects/km
    

SwiftCompile normal arm64 Compiling\ IndexView.swift,\ IngestQueue.swift,\ IngestService.swift,\ IngestStore.swift,\ IngestView.swift,\ IngestViewComponents.swift,\ KMApp.swift,\ KMBackupService.swift,\ KMKeyboardShortcuts.swift,\ KMStore.swift,\ KMWindowSceneDelegate.swift /Users/constantine/Documents/work/code/projects/km/Sources/Shared/Views/Pages/IndexView.swift /Users/constantine/Documents/work/code/projects/km/Sources/Shared/Services/AI/IngestQueue.swift /Users/constantine/Documents/work/code/projects/km/Sources/Shared/Services/Feature/IngestService.swift /Users/constantine/Documents/work/code/projects/km/Sources/Shared/Services/Storage/IngestStore.swift /Users/constantine/Documents/work/code/projects/km/Sources/Shared/Views/Features/IngestView.swift /Users/constantine/Documents/work/code/projects/km/Sources/Shared/Views/Components/IngestViewComponents.swift /Users/constantine/Documents/work/code/projects/km/Sources/KMApp.swift /Users/constantine/Documents/work/code/projects/km/Sources/Shared/Services/Storage/KMBackupService.swift /Users/constantine/Documents/work/code/projects/km/Sources/Shared/Services/Infrastructure/KMKeyboardShortcuts.swift /Users/constantine/Documents/work/code/projects/km/Sources/Shared/Services/Storage/KMStore.swift /Users/constantine/Documents/work/code/projects/km/Sources/Shared/Services/Core/KMWindowSceneDelegate.swift (in target 'KM' from project 'KM')

SwiftCompile normal arm64 /Users/constantine/Documents/work/code/projects/km/Sources/Shared/Views/Pages/IndexView.swift (in target 'KM' from project 'KM')
    cd /Users/constantine/Documents/work/code/projects/km
    

SwiftCompile normal arm64 /Users/constantine/Documents/work/code/projects/km/Sources/Shared/Services/AI/IngestQueue.swift (in target 'KM' from project 'KM')
    cd /Users/constantine/Documents/work/code/projects/km
    

SwiftCompile normal arm64 /Users/constantine/Documents/work/code/projects/km/Sources/Shared/Services/Feature/IngestService.swift (in target 'KM' from project 'KM')
    cd /Users/constantine/Documents/work/code/projects/km
    

SwiftCompile normal arm64 /Users/constantine/Documents/work/code/projects/km/Sources/Shared/Services/Storage/IngestStore.swift (in target 'KM' from project 'KM')
    cd /Users/constantine/Documents/work/code/projects/km
    

SwiftCompile normal arm64 /Users/constantine/Documents/work/code/projects/km/Sources/Shared/Views/Features/IngestView.swift (in target 'KM' from project 'KM')
    cd /Users/constantine/Documents/work/code/projects/km
    

SwiftCompile normal arm64 /Users/constantine/Documents/work/code/projects/km/Sources/Shared/Views/Components/IngestViewComponents.swift (in target 'KM' from project 'KM')
    cd /Users/constantine/Documents/work/code/projects/km
    

SwiftCompile normal arm64 /Users/constantine/Documents/work/code/projects/km/Sources/KMApp.swift (in target 'KM' from project 'KM')
    cd /Users/constantine/Documents/work/code/projects/km
    

SwiftCompile normal arm64 /Users/constantine/Documents/work/code/projects/km/Sources/Shared/Services/Storage/KMBackupService.swift (in target 'KM' from project 'KM')
    cd /Users/constantine/Documents/work/code/projects/km
    

SwiftCompile normal arm64 /Users/constantine/Documents/work/code/projects/km/Sources/Shared/Services/Infrastructure/KMKeyboardShortcuts.swift (in target 'KM' from project 'KM')
    cd /Users/constantine/Documents/work/code/projects/km
    

SwiftCompile normal arm64 /Users/constantine/Documents/work/code/projects/km/Sources/Shared/Services/Storage/KMStore.swift (in target 'KM' from project 'KM')
    cd /Users/constantine/Documents/work/code/projects/km
    

SwiftCompile normal arm64 /Users/constantine/Documents/work/code/projects/km/Sources/Shared/Services/Core/KMWindowSceneDelegate.swift (in target 'KM' from project 'KM')
    cd /Users/constantine/Documents/work/code/projects/km
    

SwiftCompile normal arm64 Compiling\ EditorComponents.swift,\ EmbeddingManager.swift,\ EmbeddingProvider.swift,\ ExcelProcessor.swift,\ ExportReportView.swift,\ FileSystemSyncService.swift,\ FlowLayout.swift,\ Graph3DComponents.swift,\ Graph3DView.swift,\ GraphClusteringService.swift,\ GraphCommunityProcessor.swift /Users/constantine/Documents/work/code/projects/km/Sources/Shared/Views/Components/EditorComponents.swift /Users/constantine/Documents/work/code/projects/km/Sources/Shared/Services/AI/EmbeddingManager.swift /Users/constantine/Documents/work/code/projects/km/Sources/Shared/Services/Core/Protocols/EmbeddingProvider.swift /Users/constantine/Documents/work/code/projects/km/Sources/Shared/Utils/Processors/Document/ExcelProcessor.swift /Users/constantine/Documents/work/code/projects/km/Sources/Shared/Views/Components/ExportReportView.swift /Users/constantine/Documents/work/code/projects/km/Sources/Shared/Services/Sync/FileSystemSyncService.swift /Users/constantine/Documents/work/code/projects/km/Sources/Shared/Infrastructure/Utilities/FlowLayout.swift /Users/constantine/Documents/work/code/projects/km/Sources/Shared/Views/Components/Graph3DComponents.swift /Users/constantine/Documents/work/code/projects/km/Sources/Shared/Views/Features/Graph3DView.swift /Users/constantine/Documents/work/code/projects/km/Sources/Shared/Services/Graph/GraphClusteringService.swift /Users/constantine/Documents/work/code/projects/km/Sources/Shared/Utils/Processors/Graph/GraphCommunityProcessor.swift (in target 'KM' from project 'KM')

SwiftCompile normal arm64 /Users/constantine/Documents/work/code/projects/km/Sources/Shared/Views/Components/EditorComponents.swift (in target 'KM' from project 'KM')
    cd /Users/constantine/Documents/work/code/projects/km
    

SwiftCompile normal arm64 /Users/constantine/Documents/work/code/projects/km/Sources/Shared/Services/AI/EmbeddingManager.swift (in target 'KM' from project 'KM')
    cd /Users/constantine/Documents/work/code/projects/km
    

SwiftCompile normal arm64 /Users/constantine/Documents/work/code/projects/km/Sources/Shared/Services/Core/Protocols/EmbeddingProvider.swift (in target 'KM' from project 'KM')
    cd /Users/constantine/Documents/work/code/projects/km
    

SwiftCompile normal arm64 /Users/constantine/Documents/work/code/projects/km/Sources/Shared/Utils/Processors/Document/ExcelProcessor.swift (in target 'KM' from project 'KM')
    cd /Users/constantine/Documents/work/code/projects/km
    

SwiftCompile normal arm64 /Users/constantine/Documents/work/code/projects/km/Sources/Shared/Views/Components/ExportReportView.swift (in target 'KM' from project 'KM')
    cd /Users/constantine/Documents/work/code/projects/km
    

SwiftCompile normal arm64 /Users/constantine/Documents/work/code/projects/km/Sources/Shared/Services/Sync/FileSystemSyncService.swift (in target 'KM' from project 'KM')
    cd /Users/constantine/Documents/work/code/projects/km
    

SwiftCompile normal arm64 /Users/constantine/Documents/work/code/projects/km/Sources/Shared/Infrastructure/Utilities/FlowLayout.swift (in target 'KM' from project 'KM')
    cd /Users/constantine/Documents/work/code/projects/km
    

SwiftCompile normal arm64 /Users/constantine/Documents/work/code/projects/km/Sources/Shared/Views/Components/Graph3DComponents.swift (in target 'KM' from project 'KM')
    cd /Users/constantine/Documents/work/code/projects/km
    

SwiftCompile normal arm64 /Users/constantine/Documents/work/code/projects/km/Sources/Shared/Views/Features/Graph3DView.swift (in target 'KM' from project 'KM')
    cd /Users/constantine/Documents/work/code/projects/km
    

SwiftCompile normal arm64 /Users/constantine/Documents/work/code/projects/km/Sources/Shared/Services/Graph/GraphClusteringService.swift (in target 'KM' from project 'KM')
    cd /Users/constantine/Documents/work/code/projects/km
    

SwiftCompile normal arm64 /Users/constantine/Documents/work/code/projects/km/Sources/Shared/Utils/Processors/Graph/GraphCommunityProcessor.swift (in target 'KM' from project 'KM')
    cd /Users/constantine/Documents/work/code/projects/km
    

SwiftCompile normal arm64 Compiling\ MedalWallView.swift,\ MermaidWebView.swift,\ NavigationView.swift,\ OCRProcessor.swift,\ OCRScanComponents.swift,\ OCRScanView.swift,\ OnDeviceComponents.swift,\ OnDeviceLLMService.swift,\ OnDeviceLLMSettingsView.swift,\ OnboardingService.swift,\ PDFComponents.swift /Users/constantine/Documents/work/code/projects/km/Sources/Shared/Views/Features/MedalWallView.swift /Users/constantine/Documents/work/code/projects/km/Sources/Shared/Views/Components/MermaidWebView.swift /Users/constantine/Documents/work/code/projects/km/Sources/Shared/Views/Core/NavigationView.swift /Users/constantine/Documents/work/code/projects/km/Sources/Shared/Utils/Processors/Media/OCRProcessor.swift /Users/constantine/Documents/work/code/projects/km/Sources/Shared/Views/Components/OCRScanComponents.swift /Users/constantine/Documents/work/code/projects/km/Sources/Shared/Views/Editors/OCRScanView.swift /Users/constantine/Documents/work/code/projects/km/Sources/Shared/Views/Components/OnDeviceComponents.swift /Users/constantine/Documents/work/code/projects/km/Sources/Shared/Services/AI/OnDeviceLLMService.swift /Users/constantine/Documents/work/code/projects/km/Sources/Shared/Views/Settings/OnDeviceLLMSettingsView.swift /Users/constantine/Documents/work/code/projects/km/Sources/Shared/Services/Infrastructure/OnboardingService.swift /Users/constantine/Documents/work/code/projects/km/Sources/Shared/Views/Components/PDFComponents.swift (in target 'KM' from project 'KM')

SwiftCompile normal arm64 /Users/constantine/Documents/work/code/projects/km/Sources/Shared/Views/Features/MedalWallView.swift (in target 'KM' from project 'KM')
    cd /Users/constantine/Documents/work/code/projects/km
    

SwiftCompile normal arm64 /Users/constantine/Documents/work/code/projects/km/Sources/Shared/Views/Components/MermaidWebView.swift (in target 'KM' from project 'KM')
    cd /Users/constantine/Documents/work/code/projects/km
    

SwiftCompile normal arm64 /Users/constantine/Documents/work/code/projects/km/Sources/Shared/Views/Core/NavigationView.swift (in target 'KM' from project 'KM')
    cd /Users/constantine/Documents/work/code/projects/km
    

SwiftCompile normal arm64 /Users/constantine/Documents/work/code/projects/km/Sources/Shared/Utils/Processors/Media/OCRProcessor.swift (in target 'KM' from project 'KM')
    cd /Users/constantine/Documents/work/code/projects/km
    

SwiftCompile normal arm64 /Users/constantine/Documents/work/code/projects/km/Sources/Shared/Views/Components/OCRScanComponents.swift (in target 'KM' from project 'KM')
    cd /Users/constantine/Documents/work/code/projects/km
    

SwiftCompile normal arm64 /Users/constantine/Documents/work/code/projects/km/Sources/Shared/Views/Editors/OCRScanView.swift (in target 'KM' from project 'KM')
    cd /Users/constantine/Documents/work/code/projects/km
    

SwiftCompile normal arm64 /Users/constantine/Documents/work/code/projects/km/Sources/Shared/Views/Components/OnDeviceComponents.swift (in target 'KM' from project 'KM')
    cd /Users/constantine/Documents/work/code/projects/km
    

SwiftCompile normal arm64 /Users/constantine/Documents/work/code/projects/km/Sources/Shared/Services/AI/OnDeviceLLMService.swift (in target 'KM' from project 'KM')
    cd /Users/constantine/Documents/work/code/projects/km
    

SwiftCompile normal arm64 /Users/constantine/Documents/work/code/projects/km/Sources/Shared/Views/Settings/OnDeviceLLMSettingsView.swift (in target 'KM' from project 'KM')
    cd /Users/constantine/Documents/work/code/projects/km
    

SwiftCompile normal arm64 /Users/constantine/Documents/work/code/projects/km/Sources/Shared/Services/Infrastructure/OnboardingService.swift (in target 'KM' from project 'KM')
    cd /Users/constantine/Documents/work/code/projects/km
    

SwiftCompile normal arm64 /Users/constantine/Documents/work/code/projects/km/Sources/Shared/Views/Components/PDFComponents.swift (in target 'KM' from project 'KM')
    cd /Users/constantine/Documents/work/code/projects/km
    

SwiftCompile normal arm64 Compiling\ AIPulseIndicator.swift,\ AISynthesisService.swift,\ AIWorkflowStore.swift,\ AccessibilityService.swift,\ ActivityService.swift,\ AdaptiveSidebarView.swift,\ AppConfig.swift,\ AppNotifications.swift,\ AppRouter.swift,\ AppTab.swift,\ AsyncStatus.swift /Users/constantine/Documents/work/code/projects/km/Sources/Shared/Views/Components/AIPulseIndicator.swift /Users/constantine/Documents/work/code/projects/km/Sources/Shared/Services/AI/AISynthesisService.swift /Users/constantine/Documents/work/code/projects/km/Sources/Shared/Services/Storage/AIWorkflowStore.swift /Users/constantine/Documents/work/code/projects/km/Sources/Shared/Services/Infrastructure/AccessibilityService.swift /Users/constantine/Documents/work/code/projects/km/Sources/Shared/Services/System/ActivityService.swift /Users/constantine/Documents/work/code/projects/km/Sources/Shared/Views/Components/AdaptiveSidebarView.swift /Users/constantine/Documents/work/code/projects/km/Sources/Shared/Models/AppConfig.swift /Users/constantine/Documents/work/code/projects/km/Sources/Shared/Services/Infrastructure/AppNotifications.swift /Users/constantine/Documents/work/code/projects/km/Sources/Shared/Services/Infrastructure/AppRouter.swift /Users/constantine/Documents/work/code/projects/km/Sources/Shared/Services/Infrastructure/AppTab.swift /Users/constantine/Documents/work/code/projects/km/Sources/Shared/Models/AsyncStatus.swift (in target 'KM' from project 'KM')

SwiftCompile normal arm64 /Users/constantine/Documents/work/code/projects/km/Sources/Shared/Views/Components/AIPulseIndicator.swift (in target 'KM' from project 'KM')
    cd /Users/constantine/Documents/work/code/projects/km
    

SwiftCompile normal arm64 /Users/constantine/Documents/work/code/projects/km/Sources/Shared/Services/AI/AISynthesisService.swift (in target 'KM' from project 'KM')
    cd /Users/constantine/Documents/work/code/projects/km
    

SwiftCompile normal arm64 /Users/constantine/Documents/work/code/projects/km/Sources/Shared/Services/Storage/AIWorkflowStore.swift (in target 'KM' from project 'KM')
    cd /Users/constantine/Documents/work/code/projects/km
    

SwiftCompile normal arm64 /Users/constantine/Documents/work/code/projects/km/Sources/Shared/Services/Infrastructure/AccessibilityService.swift (in target 'KM' from project 'KM')
    cd /Users/constantine/Documents/work/code/projects/km
    

SwiftCompile normal arm64 /Users/constantine/Documents/work/code/projects/km/Sources/Shared/Services/System/ActivityService.swift (in target 'KM' from project 'KM')
    cd /Users/constantine/Documents/work/code/projects/km
    

SwiftCompile normal arm64 /Users/constantine/Documents/work/code/projects/km/Sources/Shared/Views/Components/AdaptiveSidebarView.swift (in target 'KM' from project 'KM')
    cd /Users/constantine/Documents/work/code/projects/km
    

SwiftCompile normal arm64 /Users/constantine/Documents/work/code/projects/km/Sources/Shared/Models/AppConfig.swift (in target 'KM' from project 'KM')
    cd /Users/constantine/Documents/work/code/projects/km
    

SwiftCompile normal arm64 /Users/constantine/Documents/work/code/projects/km/Sources/Shared/Services/Infrastructure/AppNotifications.swift (in target 'KM' from project 'KM')
    cd /Users/constantine/Documents/work/code/projects/km
    

SwiftCompile normal arm64 /Users/constantine/Documents/work/code/projects/km/Sources/Shared/Services/Infrastructure/AppRouter.swift (in target 'KM' from project 'KM')
    cd /Users/constantine/Documents/work/code/projects/km
    

SwiftCompile normal arm64 /Users/constantine/Documents/work/code/projects/km/Sources/Shared/Services/Infrastructure/AppTab.swift (in target 'KM' from project 'KM')
    cd /Users/constantine/Documents/work/code/projects/km
    

SwiftCompile normal arm64 /Users/constantine/Documents/work/code/projects/km/Sources/Shared/Models/AsyncStatus.swift (in target 'KM' from project 'KM')
    cd /Users/constantine/Documents/work/code/projects/km
    

SwiftCompile normal arm64 Compiling\ LockOverlayView.swift,\ LogAction.swift,\ LogView.swift,\ Logger.swift,\ MCSessionDelegateImpl.swift,\ MarkdownEditorView.swift,\ MarkdownProcessor.swift,\ MarkdownRendererView.swift,\ MarkdownTextView.swift,\ MedalComponents.swift,\ MedalService.swift /Users/constantine/Documents/work/code/projects/km/Sources/Shared/Views/Components/LockOverlayView.swift /Users/constantine/Documents/work/code/projects/km/Sources/Shared/Models/LogAction.swift /Users/constantine/Documents/work/code/projects/km/Sources/Shared/Views/Features/LogView.swift /Users/constantine/Documents/work/code/projects/km/Sources/Shared/Utils/System/Logger.swift /Users/constantine/Documents/work/code/projects/km/Sources/Shared/Services/System/MCSessionDelegateImpl.swift /Users/constantine/Documents/work/code/projects/km/Sources/Shared/Views/Editors/MarkdownEditorView.swift /Users/constantine/Documents/work/code/projects/km/Sources/Shared/Utils/Processors/Document/MarkdownProcessor.swift /Users/constantine/Documents/work/code/projects/km/Sources/Shared/Views/Editors/MarkdownRendererView.swift /Users/constantine/Documents/work/code/projects/km/Sources/Shared/Views/Components/MarkdownTextView.swift /Users/constantine/Documents/work/code/projects/km/Sources/Shared/Views/Components/Medals/MedalComponents.swift /Users/constantine/Documents/work/code/projects/km/Sources/Shared/Services/Gamification/MedalService.swift (in target 'KM' from project 'KM')

SwiftCompile normal arm64 /Users/constantine/Documents/work/code/projects/km/Sources/Shared/Views/Components/LockOverlayView.swift (in target 'KM' from project 'KM')
    cd /Users/constantine/Documents/work/code/projects/km
    

SwiftCompile normal arm64 /Users/constantine/Documents/work/code/projects/km/Sources/Shared/Models/LogAction.swift (in target 'KM' from project 'KM')
    cd /Users/constantine/Documents/work/code/projects/km
    

SwiftCompile normal arm64 /Users/constantine/Documents/work/code/projects/km/Sources/Shared/Views/Features/LogView.swift (in target 'KM' from project 'KM')
    cd /Users/constantine/Documents/work/code/projects/km
    

SwiftCompile normal arm64 /Users/constantine/Documents/work/code/projects/km/Sources/Shared/Utils/System/Logger.swift (in target 'KM' from project 'KM')
    cd /Users/constantine/Documents/work/code/projects/km
    

SwiftCompile normal arm64 /Users/constantine/Documents/work/code/projects/km/Sources/Shared/Services/System/MCSessionDelegateImpl.swift (in target 'KM' from project 'KM')
    cd /Users/constantine/Documents/work/code/projects/km
    

SwiftCompile normal arm64 /Users/constantine/Documents/work/code/projects/km/Sources/Shared/Views/Editors/MarkdownEditorView.swift (in target 'KM' from project 'KM')
    cd /Users/constantine/Documents/work/code/projects/km
    

SwiftCompile normal arm64 /Users/constantine/Documents/work/code/projects/km/Sources/Shared/Utils/Processors/Document/MarkdownProcessor.swift (in target 'KM' from project 'KM')
    cd /Users/constantine/Documents/work/code/projects/km
    

SwiftCompile normal arm64 /Users/constantine/Documents/work/code/projects/km/Sources/Shared/Views/Editors/MarkdownRendererView.swift (in target 'KM' from project 'KM')
    cd /Users/constantine/Documents/work/code/projects/km
    

SwiftCompile normal arm64 /Users/constantine/Documents/work/code/projects/km/Sources/Shared/Views/Components/MarkdownTextView.swift (in target 'KM' from project 'KM')
    cd /Users/constantine/Documents/work/code/projects/km
    

SwiftCompile normal arm64 /Users/constantine/Documents/work/code/projects/km/Sources/Shared/Views/Components/Medals/MedalComponents.swift (in target 'KM' from project 'KM')
    cd /Users/constantine/Documents/work/code/projects/km
    

SwiftCompile normal arm64 /Users/constantine/Documents/work/code/projects/km/Sources/Shared/Services/Gamification/MedalService.swift (in target 'KM' from project 'KM')
    cd /Users/constantine/Documents/work/code/projects/km
    

SwiftCompile normal arm64 Compiling\ BacklinksView.swift,\ BackupView.swift,\ BreadcrumbView.swift,\ Character+CJK.swift,\ ChatComponents.swift,\ ChatView.swift,\ ChatViewModel.swift,\ CollaborationComponents.swift,\ CollaborationModels.swift,\ CollaborationService.swift,\ CollaborationView.swift /Users/constantine/Documents/work/code/projects/km/Sources/Shared/Views/Pages/BacklinksView.swift /Users/constantine/Documents/work/code/projects/km/Sources/Shared/Views/Settings/BackupView.swift /Users/constantine/Documents/work/code/projects/km/Sources/Shared/Views/Components/BreadcrumbView.swift /Users/constantine/Documents/work/code/projects/km/Sources/Shared/Infrastructure/Utilities/Character+CJK.swift /Users/constantine/Documents/work/code/projects/km/Sources/Shared/Views/Components/ChatComponents.swift /Users/constantine/Documents/work/code/projects/km/Sources/Shared/Views/Features/ChatView.swift /Users/constantine/Documents/work/code/projects/km/Sources/Shared/ViewModels/ChatViewModel.swift /Users/constantine/Documents/work/code/projects/km/Sources/Shared/Views/Components/CollaborationComponents.swift /Users/constantine/Documents/work/code/projects/km/Sources/Shared/Models/CollaborationModels.swift /Users/constantine/Documents/work/code/projects/km/Sources/Shared/Services/Feature/CollaborationService.swift /Users/constantine/Documents/work/code/projects/km/Sources/Shared/Views/Features/CollaborationView.swift (in target 'KM' from project 'KM')

SwiftCompile normal arm64 /Users/constantine/Documents/work/code/projects/km/Sources/Shared/Views/Pages/BacklinksView.swift (in target 'KM' from project 'KM')
    cd /Users/constantine/Documents/work/code/projects/km
    

SwiftCompile normal arm64 /Users/constantine/Documents/work/code/projects/km/Sources/Shared/Views/Settings/BackupView.swift (in target 'KM' from project 'KM')
    cd /Users/constantine/Documents/work/code/projects/km
    

SwiftCompile normal arm64 /Users/constantine/Documents/work/code/projects/km/Sources/Shared/Views/Components/BreadcrumbView.swift (in target 'KM' from project 'KM')
    cd /Users/constantine/Documents/work/code/projects/km
    

SwiftCompile normal arm64 /Users/constantine/Documents/work/code/projects/km/Sources/Shared/Infrastructure/Utilities/Character+CJK.swift (in target 'KM' from project 'KM')
    cd /Users/constantine/Documents/work/code/projects/km
    

SwiftCompile normal arm64 /Users/constantine/Documents/work/code/projects/km/Sources/Shared/Views/Components/ChatComponents.swift (in target 'KM' from project 'KM')
    cd /Users/constantine/Documents/work/code/projects/km
    

SwiftCompile normal arm64 /Users/constantine/Documents/work/code/projects/km/Sources/Shared/Views/Features/ChatView.swift (in target 'KM' from project 'KM')
    cd /Users/constantine/Documents/work/code/projects/km
    

SwiftCompile normal arm64 /Users/constantine/Documents/work/code/projects/km/Sources/Shared/ViewModels/ChatViewModel.swift (in target 'KM' from project 'KM')
    cd /Users/constantine/Documents/work/code/projects/km
    

SwiftCompile normal arm64 /Users/constantine/Documents/work/code/projects/km/Sources/Shared/Views/Components/CollaborationComponents.swift (in target 'KM' from project 'KM')
    cd /Users/constantine/Documents/work/code/projects/km
    

SwiftCompile normal arm64 /Users/constantine/Documents/work/code/projects/km/Sources/Shared/Models/CollaborationModels.swift (in target 'KM' from project 'KM')
    cd /Users/constantine/Documents/work/code/projects/km
    

SwiftCompile normal arm64 /Users/constantine/Documents/work/code/projects/km/Sources/Shared/Services/Feature/CollaborationService.swift (in target 'KM' from project 'KM')
    cd /Users/constantine/Documents/work/code/projects/km
    

SwiftCompile normal arm64 /Users/constantine/Documents/work/code/projects/km/Sources/Shared/Views/Features/CollaborationView.swift (in target 'KM' from project 'KM')
    cd /Users/constantine/Documents/work/code/projects/km
    

SwiftCompile normal arm64 Compiling\ LLMResponseProcessor.swift,\ LLMService.swift,\ LLMServiceProtocol.swift,\ LLMSettingsView.swift,\ LinkProcessor.swift,\ LinkService.swift,\ LintIssue.swift,\ LintService.swift,\ LintView.swift,\ LocalAnalyticsService.swift,\ Localized.swift /Users/constantine/Documents/work/code/projects/km/Sources/Shared/Utils/Processors/AI/LLMResponseProcessor.swift /Users/constantine/Documents/work/code/projects/km/Sources/Shared/Services/AI/LLMService.swift /Users/constantine/Documents/work/code/projects/km/Sources/Shared/Services/Core/Protocols/LLMServiceProtocol.swift /Users/constantine/Documents/work/code/projects/km/Sources/Shared/Views/Settings/LLMSettingsView.swift /Users/constantine/Documents/work/code/projects/km/Sources/Shared/Utils/Processors/Relation/LinkProcessor.swift /Users/constantine/Documents/work/code/projects/km/Sources/Shared/Services/Logic/LinkService.swift /Users/constantine/Documents/work/code/projects/km/Sources/Shared/Models/LintIssue.swift /Users/constantine/Documents/work/code/projects/km/Sources/Shared/Services/Feature/LintService.swift /Users/constantine/Documents/work/code/projects/km/Sources/Shared/Views/Features/LintView.swift /Users/constantine/Documents/work/code/projects/km/Sources/Shared/Services/Infrastructure/LocalAnalyticsService.swift /Users/constantine/Documents/work/code/projects/km/Sources/Shared/Infrastructure/Utilities/Localized.swift (in target 'KM' from project 'KM')

SwiftCompile normal arm64 /Users/constantine/Documents/work/code/projects/km/Sources/Shared/Utils/Processors/AI/LLMResponseProcessor.swift (in target 'KM' from project 'KM')
    cd /Users/constantine/Documents/work/code/projects/km
    

SwiftCompile normal arm64 /Users/constantine/Documents/work/code/projects/km/Sources/Shared/Services/AI/LLMService.swift (in target 'KM' from project 'KM')
    cd /Users/constantine/Documents/work/code/projects/km
    

SwiftCompile normal arm64 /Users/constantine/Documents/work/code/projects/km/Sources/Shared/Services/Core/Protocols/LLMServiceProtocol.swift (in target 'KM' from project 'KM')
    cd /Users/constantine/Documents/work/code/projects/km
    

SwiftCompile normal arm64 /Users/constantine/Documents/work/code/projects/km/Sources/Shared/Views/Settings/LLMSettingsView.swift (in target 'KM' from project 'KM')
    cd /Users/constantine/Documents/work/code/projects/km
    

SwiftCompile normal arm64 /Users/constantine/Documents/work/code/projects/km/Sources/Shared/Utils/Processors/Relation/LinkProcessor.swift (in target 'KM' from project 'KM')
    cd /Users/constantine/Documents/work/code/projects/km
    

SwiftCompile normal arm64 /Users/constantine/Documents/work/code/projects/km/Sources/Shared/Services/Logic/LinkService.swift (in target 'KM' from project 'KM')
    cd /Users/constantine/Documents/work/code/projects/km
    

SwiftCompile normal arm64 /Users/constantine/Documents/work/code/projects/km/Sources/Shared/Models/LintIssue.swift (in target 'KM' from project 'KM')
    cd /Users/constantine/Documents/work/code/projects/km
    

SwiftCompile normal arm64 /Users/constantine/Documents/work/code/projects/km/Sources/Shared/Services/Feature/LintService.swift (in target 'KM' from project 'KM')
    cd /Users/constantine/Documents/work/code/projects/km
    

SwiftCompile normal arm64 /Users/constantine/Documents/work/code/projects/km/Sources/Shared/Views/Features/LintView.swift (in target 'KM' from project 'KM')
    cd /Users/constantine/Documents/work/code/projects/km
    

SwiftCompile normal arm64 /Users/constantine/Documents/work/code/projects/km/Sources/Shared/Services/Infrastructure/LocalAnalyticsService.swift (in target 'KM' from project 'KM')
    cd /Users/constantine/Documents/work/code/projects/km
    

SwiftCompile normal arm64 /Users/constantine/Documents/work/code/projects/km/Sources/Shared/Infrastructure/Utilities/Localized.swift (in target 'KM' from project 'KM')
    cd /Users/constantine/Documents/work/code/projects/km
    

SwiftCompile normal arm64 Compiling\ KMiCloudSyncService.swift,\ KeychainService.swift,\ KnowledgeDashboardView.swift,\ KnowledgeInsightService.swift,\ LLMAdapters.swift,\ LLMChatService.swift,\ LLMClient.swift,\ LLMContextBuilder.swift,\ LLMModels.swift,\ LLMProtocols.swift,\ LLMRefactorService.swift /Users/constantine/Documents/work/code/projects/km/Sources/Shared/Services/Sync/KMiCloudSyncService.swift /Users/constantine/Documents/work/code/projects/km/Sources/Shared/Services/Infrastructure/KeychainService.swift /Users/constantine/Documents/work/code/projects/km/Sources/Shared/Views/KnowledgeDashboardView.swift /Users/constantine/Documents/work/code/projects/km/Sources/Shared/Services/Logic/KnowledgeInsightService.swift /Users/constantine/Documents/work/code/projects/km/Sources/Shared/Services/AI/LLMAdapters.swift /Users/constantine/Documents/work/code/projects/km/Sources/Shared/Services/AI/LLMChatService.swift /Users/constantine/Documents/work/code/projects/km/Sources/Shared/Services/AI/LLMClient.swift /Users/constantine/Documents/work/code/projects/km/Sources/Shared/Services/AI/LLMContextBuilder.swift /Users/constantine/Documents/work/code/projects/km/Sources/Shared/Services/AI/LLMModels.swift /Users/constantine/Documents/work/code/projects/km/Sources/Shared/Services/AI/LLMProtocols.swift /Users/constantine/Documents/work/code/projects/km/Sources/Shared/Services/AI/LLMRefactorService.swift (in target 'KM' from project 'KM')

SwiftCompile normal arm64 /Users/constantine/Documents/work/code/projects/km/Sources/Shared/Services/Sync/KMiCloudSyncService.swift (in target 'KM' from project 'KM')
    cd /Users/constantine/Documents/work/code/projects/km
    

SwiftCompile normal arm64 /Users/constantine/Documents/work/code/projects/km/Sources/Shared/Services/Infrastructure/KeychainService.swift (in target 'KM' from project 'KM')
    cd /Users/constantine/Documents/work/code/projects/km
    

SwiftCompile normal arm64 /Users/constantine/Documents/work/code/projects/km/Sources/Shared/Views/KnowledgeDashboardView.swift (in target 'KM' from project 'KM')
    cd /Users/constantine/Documents/work/code/projects/km
    

SwiftCompile normal arm64 /Users/constantine/Documents/work/code/projects/km/Sources/Shared/Services/Logic/KnowledgeInsightService.swift (in target 'KM' from project 'KM')
    cd /Users/constantine/Documents/work/code/projects/km
    

SwiftCompile normal arm64 /Users/constantine/Documents/work/code/projects/km/Sources/Shared/Services/AI/LLMAdapters.swift (in target 'KM' from project 'KM')
    cd /Users/constantine/Documents/work/code/projects/km
    

SwiftCompile normal arm64 /Users/constantine/Documents/work/code/projects/km/Sources/Shared/Services/AI/LLMChatService.swift (in target 'KM' from project 'KM')
    cd /Users/constantine/Documents/work/code/projects/km
    

SwiftCompile normal arm64 /Users/constantine/Documents/work/code/projects/km/Sources/Shared/Services/AI/LLMClient.swift (in target 'KM' from project 'KM')
    cd /Users/constantine/Documents/work/code/projects/km
    

SwiftCompile normal arm64 /Users/constantine/Documents/work/code/projects/km/Sources/Shared/Services/AI/LLMContextBuilder.swift (in target 'KM' from project 'KM')
    cd /Users/constantine/Documents/work/code/projects/km
    

SwiftCompile normal arm64 /Users/constantine/Documents/work/code/projects/km/Sources/Shared/Services/AI/LLMModels.swift (in target 'KM' from project 'KM')
    cd /Users/constantine/Documents/work/code/projects/km
    

SwiftCompile normal arm64 /Users/constantine/Documents/work/code/projects/km/Sources/Shared/Services/AI/LLMProtocols.swift (in target 'KM' from project 'KM')
    cd /Users/constantine/Documents/work/code/projects/km
    

SwiftCompile normal arm64 /Users/constantine/Documents/work/code/projects/km/Sources/Shared/Services/AI/LLMRefactorService.swift (in target 'KM' from project 'KM')
    cd /Users/constantine/Documents/work/code/projects/km
    

SwiftDriverJobDiscovery normal arm64 Compiling resource_bundle_accessor.swift, Configuration.swift, Cursor.swift, Database+Schema.swift, Database+Statements.swift, Database.swift, DatabaseBackupProgress.swift, DatabaseCollation.swift, DatabaseError.swift, DatabaseFunction.swift (in target 'GRDB' from project 'GRDB')

SwiftCompile normal arm64 Compiling\ ColorSchemeMode.swift,\ CommandPaletteView.swift,\ ContentView.swift,\ CreatePageView.swift,\ CrossPlatform.swift,\ DataExportService.swift,\ DatabaseManager.swift,\ DeepLinkService.swift,\ DemoDataGenerator.swift,\ DocxProcessor.swift,\ DragDropComponents.swift /Users/constantine/Documents/work/code/projects/km/Sources/Shared/Infrastructure/Utilities/ColorSchemeMode.swift /Users/constantine/Documents/work/code/projects/km/Sources/Shared/Views/CommandPalette/CommandPaletteView.swift /Users/constantine/Documents/work/code/projects/km/Sources/Shared/Views/Core/ContentView.swift /Users/constantine/Documents/work/code/projects/km/Sources/Shared/Views/Pages/CreatePageView.swift /Users/constantine/Documents/work/code/projects/km/Sources/Shared/Infrastructure/Utilities/CrossPlatform.swift /Users/constantine/Documents/work/code/projects/km/Sources/Shared/Services/Infrastructure/DataExportService.swift /Users/constantine/Documents/work/code/projects/km/Sources/Shared/Services/Storage/DatabaseManager.swift /Users/constantine/Documents/work/code/projects/km/Sources/Shared/Services/Infrastructure/DeepLinkService.swift /Users/constantine/Documents/work/code/projects/km/Sources/Shared/Services/Infrastructure/DemoDataGenerator.swift /Users/constantine/Documents/work/code/projects/km/Sources/Shared/Utils/Processors/Document/DocxProcessor.swift /Users/constantine/Documents/work/code/projects/km/Sources/Shared/Views/Components/DragDropComponents.swift (in target 'KM' from project 'KM')

SwiftCompile normal arm64 /Users/constantine/Documents/work/code/projects/km/Sources/Shared/Infrastructure/Utilities/ColorSchemeMode.swift (in target 'KM' from project 'KM')
    cd /Users/constantine/Documents/work/code/projects/km
    

SwiftCompile normal arm64 /Users/constantine/Documents/work/code/projects/km/Sources/Shared/Views/CommandPalette/CommandPaletteView.swift (in target 'KM' from project 'KM')
    cd /Users/constantine/Documents/work/code/projects/km
    

SwiftCompile normal arm64 /Users/constantine/Documents/work/code/projects/km/Sources/Shared/Views/Core/ContentView.swift (in target 'KM' from project 'KM')
    cd /Users/constantine/Documents/work/code/projects/km
    

SwiftCompile normal arm64 /Users/constantine/Documents/work/code/projects/km/Sources/Shared/Views/Pages/CreatePageView.swift (in target 'KM' from project 'KM')
    cd /Users/constantine/Documents/work/code/projects/km
    

SwiftCompile normal arm64 /Users/constantine/Documents/work/code/projects/km/Sources/Shared/Infrastructure/Utilities/CrossPlatform.swift (in target 'KM' from project 'KM')
    cd /Users/constantine/Documents/work/code/projects/km
    

SwiftCompile normal arm64 /Users/constantine/Documents/work/code/projects/km/Sources/Shared/Services/Infrastructure/DataExportService.swift (in target 'KM' from project 'KM')
    cd /Users/constantine/Documents/work/code/projects/km
    

SwiftCompile normal arm64 /Users/constantine/Documents/work/code/projects/km/Sources/Shared/Services/Storage/DatabaseManager.swift (in target 'KM' from project 'KM')
    cd /Users/constantine/Documents/work/code/projects/km
    

SwiftCompile normal arm64 /Users/constantine/Documents/work/code/projects/km/Sources/Shared/Services/Infrastructure/DeepLinkService.swift (in target 'KM' from project 'KM')
    cd /Users/constantine/Documents/work/code/projects/km
    

SwiftCompile normal arm64 /Users/constantine/Documents/work/code/projects/km/Sources/Shared/Services/Infrastructure/DemoDataGenerator.swift (in target 'KM' from project 'KM')
    cd /Users/constantine/Documents/work/code/projects/km
    

SwiftCompile normal arm64 /Users/constantine/Documents/work/code/projects/km/Sources/Shared/Utils/Processors/Document/DocxProcessor.swift (in target 'KM' from project 'KM')
    cd /Users/constantine/Documents/work/code/projects/km
    

SwiftCompile normal arm64 /Users/constantine/Documents/work/code/projects/km/Sources/Shared/Views/Components/DragDropComponents.swift (in target 'KM' from project 'KM')
    cd /Users/constantine/Documents/work/code/projects/km
    

LinkAssetCatalog /Users/constantine/Documents/work/code/projects/km/Sources/Assets.xcassets (in target 'KM' from project 'KM')
    cd /Users/constantine/Documents/work/code/projects/km
    builtin-linkAssetCatalog --thinned /Users/constantine/Library/Developer/Xcode/DerivedData/KM-dumqlooxnczgiebhdhmwylfdzlpq/Build/Intermediates.noindex/KM.build/Debug-iphoneos/KM.build/assetcatalog_output/thinned --thinned-dependencies /Users/constantine/Library/Developer/Xcode/DerivedData/KM-dumqlooxnczgiebhdhmwylfdzlpq/Build/Intermediates.noindex/KM.build/Debug-iphoneos/KM.build/assetcatalog_dependencies_thinned --thinned-info-plist-content /Users/constantine/Library/Developer/Xcode/DerivedData/KM-dumqlooxnczgiebhdhmwylfdzlpq/Build/Intermediates.noindex/KM.build/Debug-iphoneos/KM.build/assetcatalog_generated_info.plist_thinned --unthinned /Users/constantine/Library/Developer/Xcode/DerivedData/KM-dumqlooxnczgiebhdhmwylfdzlpq/Build/Intermediates.noindex/KM.build/Debug-iphoneos/KM.build/assetcatalog_output/unthinned --unthinned-dependencies /Users/constantine/Library/Developer/Xcode/DerivedData/KM-dumqlooxnczgiebhdhmwylfdzlpq/Build/Intermediates.noindex/KM.build/Debug-iphoneos/KM.build/assetcatalog_dependencies_unthinned --unthinned-info-plist-content /Users/constantine/Library/Developer/Xcode/DerivedData/KM-dumqlooxnczgiebhdhmwylfdzlpq/Build/Intermediates.noindex/KM.build/Debug-iphoneos/KM.build/assetcatalog_generated_info.plist_unthinned --output /Users/constantine/Library/Developer/Xcode/DerivedData/KM-dumqlooxnczgiebhdhmwylfdzlpq/Build/Products/Debug-iphoneos/KM.app --plist-output /Users/constantine/Library/Developer/Xcode/DerivedData/KM-dumqlooxnczgiebhdhmwylfdzlpq/Build/Intermediates.noindex/KM.build/Debug-iphoneos/KM.build/assetcatalog_generated_info.plist
note: Emplaced /Users/constantine/Library/Developer/Xcode/DerivedData/KM-dumqlooxnczgiebhdhmwylfdzlpq/Build/Products/Debug-iphoneos/KM.app/AppIcon76x76@2x~ipad.png (in target 'KM' from project 'KM')
note: Emplaced /Users/constantine/Library/Developer/Xcode/DerivedData/KM-dumqlooxnczgiebhdhmwylfdzlpq/Build/Products/Debug-iphoneos/KM.app/AppIcon60x60@2x.png (in target 'KM' from project 'KM')
note: Emplaced /Users/constantine/Library/Developer/Xcode/DerivedData/KM-dumqlooxnczgiebhdhmwylfdzlpq/Build/Products/Debug-iphoneos/KM.app/Assets.car (in target 'KM' from project 'KM')

SwiftDriverJobDiscovery normal arm64 Compiling WikiToast.swift, WikiTooltip.swift, WikiUI.swift, WorkflowService.swift, XlsxStringsProcessor.swift, iCloudSyncComponents.swift, iCloudSyncCoordinator.swift, iCloudSyncManager.swift, iCloudSyncView.swift, GeneratedAssetSymbols.swift (in target 'KM' from project 'KM')

SwiftCompile normal arm64 Compiling\ GraphComponents.swift,\ GraphDataProvider.swift,\ GraphInsightDetection.swift,\ GraphLOD.swift,\ GraphLayoutProcessor.swift,\ GraphModels.swift,\ GraphView.swift,\ GraphViewModel.swift,\ HapticFeedback.swift,\ HostingSetupSheet.swift,\ IconPickerView.swift /Users/constantine/Documents/work/code/projects/km/Sources/Shared/Views/Components/GraphComponents.swift /Users/constantine/Documents/work/code/projects/km/Sources/Shared/Services/Infrastructure/GraphDataProvider.swift /Users/constantine/Documents/work/code/projects/km/Sources/Shared/Services/Graph/GraphInsightDetection.swift /Users/constantine/Documents/work/code/projects/km/Sources/Shared/Views/Components/GraphLOD.swift /Users/constantine/Documents/work/code/projects/km/Sources/Shared/Utils/Processors/Graph/GraphLayoutProcessor.swift /Users/constantine/Documents/work/code/projects/km/Sources/Shared/Models/GraphModels.swift /Users/constantine/Documents/work/code/projects/km/Sources/Shared/Views/Features/GraphView.swift /Users/constantine/Documents/work/code/projects/km/Sources/Shared/ViewModels/GraphViewModel.swift /Users/constantine/Documents/work/code/projects/km/Sources/Shared/Utils/System/HapticFeedback.swift /Users/constantine/Documents/work/code/projects/km/Sources/Shared/Views/Components/HostingSetupSheet.swift /Users/constantine/Documents/work/code/projects/km/Sources/Shared/Views/Editors/IconPickerView.swift (in target 'KM' from project 'KM')

SwiftCompile normal arm64 /Users/constantine/Documents/work/code/projects/km/Sources/Shared/Views/Components/GraphComponents.swift (in target 'KM' from project 'KM')
    cd /Users/constantine/Documents/work/code/projects/km
    

SwiftCompile normal arm64 /Users/constantine/Documents/work/code/projects/km/Sources/Shared/Services/Infrastructure/GraphDataProvider.swift (in target 'KM' from project 'KM')
    cd /Users/constantine/Documents/work/code/projects/km
    

SwiftCompile normal arm64 /Users/constantine/Documents/work/code/projects/km/Sources/Shared/Services/Graph/GraphInsightDetection.swift (in target 'KM' from project 'KM')
    cd /Users/constantine/Documents/work/code/projects/km
    

SwiftCompile normal arm64 /Users/constantine/Documents/work/code/projects/km/Sources/Shared/Views/Components/GraphLOD.swift (in target 'KM' from project 'KM')
    cd /Users/constantine/Documents/work/code/projects/km
    

SwiftCompile normal arm64 /Users/constantine/Documents/work/code/projects/km/Sources/Shared/Utils/Processors/Graph/GraphLayoutProcessor.swift (in target 'KM' from project 'KM')
    cd /Users/constantine/Documents/work/code/projects/km
    

SwiftCompile normal arm64 /Users/constantine/Documents/work/code/projects/km/Sources/Shared/Models/GraphModels.swift (in target 'KM' from project 'KM')
    cd /Users/constantine/Documents/work/code/projects/km
    

SwiftCompile normal arm64 /Users/constantine/Documents/work/code/projects/km/Sources/Shared/Views/Features/GraphView.swift (in target 'KM' from project 'KM')
    cd /Users/constantine/Documents/work/code/projects/km
    

SwiftCompile normal arm64 /Users/constantine/Documents/work/code/projects/km/Sources/Shared/ViewModels/GraphViewModel.swift (in target 'KM' from project 'KM')
    cd /Users/constantine/Documents/work/code/projects/km
    

SwiftCompile normal arm64 /Users/constantine/Documents/work/code/projects/km/Sources/Shared/Utils/System/HapticFeedback.swift (in target 'KM' from project 'KM')
    cd /Users/constantine/Documents/work/code/projects/km
    

SwiftCompile normal arm64 /Users/constantine/Documents/work/code/projects/km/Sources/Shared/Views/Components/HostingSetupSheet.swift (in target 'KM' from project 'KM')
    cd /Users/constantine/Documents/work/code/projects/km
    

SwiftCompile normal arm64 /Users/constantine/Documents/work/code/projects/km/Sources/Shared/Views/Editors/IconPickerView.swift (in target 'KM' from project 'KM')
    cd /Users/constantine/Documents/work/code/projects/km
    

SwiftDriverJobDiscovery normal arm64 Compiling AIPulseIndicator.swift, AISynthesisService.swift, AIWorkflowStore.swift, AccessibilityService.swift, ActivityService.swift, AdaptiveSidebarView.swift, AppConfig.swift, AppNotifications.swift, AppRouter.swift, AppTab.swift, AsyncStatus.swift (in target 'KM' from project 'KM')

SwiftDriver\ Compilation GRDB normal arm64 com.apple.xcode.tools.swift.compiler (in target 'GRDB' from project 'GRDB')
    cd /Users/constantine/Documents/work/code/projects/km/KM.xcodeproj
    builtin-Swift-Compilation -- /Applications/Xcode.app/Contents/Developer/Toolchains/XcodeDefault.xctoolchain/usr/bin/swiftc -module-name GRDB -Onone @/Users/constantine/Library/Developer/Xcode/DerivedData/KM-dumqlooxnczgiebhdhmwylfdzlpq/Build/Intermediates.noindex/GRDB.build/Debug-iphoneos/GRDB.build/Objects-normal/arm64/GRDB.SwiftFileList -DSWIFT_PACKAGE -DDEBUG -DSWIFT_MODULE_RESOURCE_BUNDLE_AVAILABLE -DSQLITE_ENABLE_FTS5 -Xcc -fmodule-map-file\=/Users/constantine/Library/Developer/Xcode/DerivedData/KM-dumqlooxnczgiebhdhmwylfdzlpq/SourcePackages/checkouts/GRDB.swift/Sources/CSQLite/module.modulemap -DXcode -plugin-path /Applications/Xcode.app/Contents/Developer/Toolchains/XcodeDefault.xctoolchain/usr/lib/swift/host/plugins/testing -enable-experimental-feature DebugDescriptionMacro -sdk /Applications/Xcode.app/Contents/Developer/Platforms/iPhoneOS.platform/Developer/SDKs/iPhoneOS26.4.sdk -target arm64-apple-ios12.0 -g -module-cache-path /Users/constantine/Library/Developer/Xcode/DerivedData/ModuleCache.noindex -Xfrontend -serialize-debugging-options -enable-testing -suppress-warnings -index-store-path /Users/constantine/Library/Developer/Xcode/DerivedData/KM-dumqlooxnczgiebhdhmwylfdzlpq/Index.noindex/DataStore -Xcc -D_LIBCPP_HARDENING_MODE\=_LIBCPP_HARDENING_MODE_DEBUG -swift-version 5 -I /Users/constantine/Library/Developer/Xcode/DerivedData/KM-dumqlooxnczgiebhdhmwylfdzlpq/Build/Products/Debug-iphoneos -Isystem /Applications/Xcode.app/Contents/Developer/Platforms/iPhoneOS.platform/Developer/usr/lib -F /Users/constantine/Library/Developer/Xcode/DerivedData/KM-dumqlooxnczgiebhdhmwylfdzlpq/Build/Products/Debug-iphoneos -F /Applications/Xcode.app/Contents/Developer/Platforms/iPhoneOS.platform/Developer/Library/Frameworks -F /Applications/Xcode.app/Contents/Developer/Platforms/iPhoneOS.platform/Developer/SDKs/iPhoneOS26.4.sdk/Developer/Library/Frameworks -emit-localized-strings -emit-localized-strings-path /Users/constantine/Library/Developer/Xcode/DerivedData/KM-dumqlooxnczgiebhdhmwylfdzlpq/Build/Intermediates.noindex/GRDB.build/Debug-iphoneos/GRDB.build/Objects-normal/arm64 -c -j18 -enable-batch-mode -incremental -Xcc -ivfsstatcache -Xcc /Users/constantine/Library/Developer/Xcode/DerivedData/SDKStatCaches.noindex/iphoneos26.4-23E252-68a138bb55de9ba35ce6c8c40d12849e.sdkstatcache -output-file-map /Users/constantine/Library/Developer/Xcode/DerivedData/KM-dumqlooxnczgiebhdhmwylfdzlpq/Build/Intermediates.noindex/GRDB.build/Debug-iphoneos/GRDB.build/Objects-normal/arm64/GRDB-OutputFileMap.json -use-frontend-parseable-output -save-temps -no-color-diagnostics -explicit-module-build -module-cache-path /Users/constantine/Library/Developer/Xcode/DerivedData/KM-dumqlooxnczgiebhdhmwylfdzlpq/Build/Intermediates.noindex/SwiftExplicitPrecompiledModules -clang-scanner-module-cache-path /Users/constantine/Library/Developer/Xcode/DerivedData/ModuleCache.noindex -sdk-module-cache-path /Users/constantine/Library/Developer/Xcode/DerivedData/ModuleCache.noindex -serialize-diagnostics -emit-dependencies -emit-module -emit-module-path /Users/constantine/Library/Developer/Xcode/DerivedData/KM-dumqlooxnczgiebhdhmwylfdzlpq/Build/Intermediates.noindex/GRDB.build/Debug-iphoneos/GRDB.build/Objects-normal/arm64/GRDB.swiftmodule -validate-clang-modules-once -clang-build-session-file /Users/constantine/Library/Developer/Xcode/DerivedData/ModuleCache.noindex/Session.modulevalidation -Xcc -I/Users/constantine/Library/Developer/Xcode/DerivedData/KM-dumqlooxnczgiebhdhmwylfdzlpq/Build/Intermediates.noindex/GRDB.build/Debug-iphoneos/GRDB.build/swift-overrides.hmap -emit-const-values -Xfrontend -const-gather-protocols-file -Xfrontend /Users/constantine/Library/Developer/Xcode/DerivedData/KM-dumqlooxnczgiebhdhmwylfdzlpq/Build/Intermediates.noindex/GRDB.build/Debug-iphoneos/GRDB.build/Objects-normal/arm64/GRDB_const_extract_protocols.json -Xcc -I/Users/constantine/Library/Developer/Xcode/DerivedData/KM-dumqlooxnczgiebhdhmwylfdzlpq/Build/Products/Debug-iphoneos/include -Xcc -I/Users/constantine/Library/Developer/Xcode/DerivedData/KM-dumqlooxnczgiebhdhmwylfdzlpq/Build/Intermediates.noindex/GRDB.build/Debug-iphoneos/GRDB.build/DerivedSources-normal/arm64 -Xcc -I/Users/constantine/Library/Developer/Xcode/DerivedData/KM-dumqlooxnczgiebhdhmwylfdzlpq/Build/Intermediates.noindex/GRDB.build/Debug-iphoneos/GRDB.build/DerivedSources/arm64 -Xcc -I/Users/constantine/Library/Developer/Xcode/DerivedData/KM-dumqlooxnczgiebhdhmwylfdzlpq/Build/Intermediates.noindex/GRDB.build/Debug-iphoneos/GRDB.build/DerivedSources -Xcc -DSWIFT_PACKAGE -Xcc -DDEBUG\=1 -emit-objc-header -emit-objc-header-path /Users/constantine/Library/Developer/Xcode/DerivedData/KM-dumqlooxnczgiebhdhmwylfdzlpq/Build/Intermediates.noindex/GRDB.build/Debug-iphoneos/GRDB.build/Objects-normal/arm64/GRDB-Swift.h -working-directory /Users/constantine/Documents/work/code/projects/km/KM.xcodeproj -experimental-emit-module-separately -disable-cmo

Ld /Users/constantine/Library/Developer/Xcode/DerivedData/KM-dumqlooxnczgiebhdhmwylfdzlpq/Build/Products/Debug-iphoneos/GRDB.o normal (in target 'GRDB' from project 'GRDB')
    cd /Users/constantine/Library/Developer/Xcode/DerivedData/KM-dumqlooxnczgiebhdhmwylfdzlpq/SourcePackages/checkouts/GRDB.swift
    /Applications/Xcode.app/Contents/Developer/Toolchains/XcodeDefault.xctoolchain/usr/bin/clang -Xlinker -reproducible -target arm64-apple-ios12.0 -r -isysroot /Applications/Xcode.app/Contents/Developer/Platforms/iPhoneOS.platform/Developer/SDKs/iPhoneOS26.4.sdk -O0 -w -F/Users/constantine/Library/Developer/Xcode/DerivedData/KM-dumqlooxnczgiebhdhmwylfdzlpq/Build/Intermediates.noindex/EagerLinkingTBDs/Debug-iphoneos -F/Users/constantine/Library/Developer/Xcode/DerivedData/KM-dumqlooxnczgiebhdhmwylfdzlpq/Build/Products/Debug-iphoneos -iframework /Applications/Xcode.app/Contents/Developer/Platforms/iPhoneOS.platform/Developer/Library/Frameworks -iframework /Applications/Xcode.app/Contents/Developer/Platforms/iPhoneOS.platform/Developer/SDKs/iPhoneOS26.4.sdk/Developer/Library/Frameworks -filelist /Users/constantine/Library/Developer/Xcode/DerivedData/KM-dumqlooxnczgiebhdhmwylfdzlpq/Build/Intermediates.noindex/GRDB.build/Debug-iphoneos/GRDB.build/Objects-normal/arm64/GRDB.LinkFileList -nostdlib -Xlinker -object_path_lto -Xlinker /Users/constantine/Library/Developer/Xcode/DerivedData/KM-dumqlooxnczgiebhdhmwylfdzlpq/Build/Intermediates.noindex/GRDB.build/Debug-iphoneos/GRDB.build/Objects-normal/arm64/GRDB_lto.o -Xlinker -no_deduplicate -Xlinker -dependency_info -Xlinker /Users/constantine/Library/Developer/Xcode/DerivedData/KM-dumqlooxnczgiebhdhmwylfdzlpq/Build/Intermediates.noindex/GRDB.build/Debug-iphoneos/GRDB.build/Objects-normal/arm64/GRDB_dependency_info.dat -fobjc-link-runtime -L/Applications/Xcode.app/Contents/Developer/Toolchains/XcodeDefault.xctoolchain/usr/lib/swift/iphoneos -L/usr/lib/swift -Xlinker -add_ast_path -Xlinker /Users/constantine/Library/Developer/Xcode/DerivedData/KM-dumqlooxnczgiebhdhmwylfdzlpq/Build/Intermediates.noindex/GRDB.build/Debug-iphoneos/GRDB.build/Objects-normal/arm64/GRDB.swiftmodule @/Users/constantine/Library/Developer/Xcode/DerivedData/KM-dumqlooxnczgiebhdhmwylfdzlpq/Build/Intermediates.noindex/GRDB.build/Debug-iphoneos/GRDB.build/Objects-normal/arm64/GRDB-linker-args.resp -o /Users/constantine/Library/Developer/Xcode/DerivedData/KM-dumqlooxnczgiebhdhmwylfdzlpq/Build/Products/Debug-iphoneos/GRDB.o

ExtractAppIntentsMetadata (in target 'GRDB' from project 'GRDB')
    cd /Users/constantine/Library/Developer/Xcode/DerivedData/KM-dumqlooxnczgiebhdhmwylfdzlpq/SourcePackages/checkouts/GRDB.swift
    /Applications/Xcode.app/Contents/Developer/Toolchains/XcodeDefault.xctoolchain/usr/bin/appintentsmetadataprocessor --toolchain-dir /Applications/Xcode.app/Contents/Developer/Toolchains/XcodeDefault.xctoolchain --module-name GRDB --sdk-root /Applications/Xcode.app/Contents/Developer/Platforms/iPhoneOS.platform/Developer/SDKs/iPhoneOS26.4.sdk --xcode-version 17E202 --platform-family iOS --deployment-target 12.0 --bundle-identifier grdb.swift.GRDB --output /Users/constantine/Library/Developer/Xcode/DerivedData/KM-dumqlooxnczgiebhdhmwylfdzlpq/Build/Products/Debug-iphoneos/GRDB.appintents --target-triple arm64-apple-ios12.0 --binary-file /Users/constantine/Library/Developer/Xcode/DerivedData/KM-dumqlooxnczgiebhdhmwylfdzlpq/Build/Products/Debug-iphoneos/GRDB.o --dependency-file /Users/constantine/Library/Developer/Xcode/DerivedData/KM-dumqlooxnczgiebhdhmwylfdzlpq/Build/Intermediates.noindex/GRDB.build/Debug-iphoneos/GRDB.build/Objects-normal/arm64/GRDB_dependency_info.dat --stringsdata-file /Users/constantine/Library/Developer/Xcode/DerivedData/KM-dumqlooxnczgiebhdhmwylfdzlpq/Build/Intermediates.noindex/GRDB.build/Debug-iphoneos/GRDB.build/Objects-normal/arm64/ExtractedAppShortcutsMetadata.stringsdata --source-file-list /Users/constantine/Library/Developer/Xcode/DerivedData/KM-dumqlooxnczgiebhdhmwylfdzlpq/Build/Intermediates.noindex/GRDB.build/Debug-iphoneos/GRDB.build/Objects-normal/arm64/GRDB.SwiftFileList --metadata-file-list /Users/constantine/Library/Developer/Xcode/DerivedData/KM-dumqlooxnczgiebhdhmwylfdzlpq/Build/Intermediates.noindex/GRDB.build/Debug-iphoneos/GRDB.build/GRDB.DependencyMetadataFileList --static-metadata-file-list /Users/constantine/Library/Developer/Xcode/DerivedData/KM-dumqlooxnczgiebhdhmwylfdzlpq/Build/Intermediates.noindex/GRDB.build/Debug-iphoneos/GRDB.build/GRDB.DependencyStaticMetadataFileList --swift-const-vals-list /Users/constantine/Library/Developer/Xcode/DerivedData/KM-dumqlooxnczgiebhdhmwylfdzlpq/Build/Intermediates.noindex/GRDB.build/Debug-iphoneos/GRDB.build/Objects-normal/arm64/GRDB.SwiftConstValuesFileList --force --compile-time-extraction --deployment-aware-processing --validate-assistant-intents --no-app-shortcuts-localization
2026-05-05 11:54:11.961 appintentsmetadataprocessor[45142:365520] Starting appintentsmetadataprocessor export
2026-05-05 11:54:11.978 appintentsmetadataprocessor[45142:365520] Extracted no relevant App Intents symbols, skipping writing output

RegisterExecutionPolicyException /Users/constantine/Library/Developer/Xcode/DerivedData/KM-dumqlooxnczgiebhdhmwylfdzlpq/Build/Products/Debug-iphoneos/GRDB.o (in target 'GRDB' from project 'GRDB')
    cd /Users/constantine/Library/Developer/Xcode/DerivedData/KM-dumqlooxnczgiebhdhmwylfdzlpq/SourcePackages/checkouts/GRDB.swift
    builtin-RegisterExecutionPolicyException /Users/constantine/Library/Developer/Xcode/DerivedData/KM-dumqlooxnczgiebhdhmwylfdzlpq/Build/Products/Debug-iphoneos/GRDB.o

Ld /Users/constantine/Library/Developer/Xcode/DerivedData/KM-dumqlooxnczgiebhdhmwylfdzlpq/Build/Products/Debug-iphoneos/KM.app/__preview.dylib normal (in target 'KM' from project 'KM')
    cd /Users/constantine/Documents/work/code/projects/km
    /Applications/Xcode.app/Contents/Developer/Toolchains/XcodeDefault.xctoolchain/usr/bin/clang -Xlinker -reproducible -target arm64-apple-ios17.0 -dynamiclib -isysroot /Applications/Xcode.app/Contents/Developer/Platforms/iPhoneOS.platform/Developer/SDKs/iPhoneOS26.4.sdk -O0 -L/Users/constantine/Library/Developer/Xcode/DerivedData/KM-dumqlooxnczgiebhdhmwylfdzlpq/Build/Products/Debug-iphoneos -F/Users/constantine/Library/Developer/Xcode/DerivedData/KM-dumqlooxnczgiebhdhmwylfdzlpq/Build/Products/Debug-iphoneos/PackageFrameworks -F/Users/constantine/Library/Developer/Xcode/DerivedData/KM-dumqlooxnczgiebhdhmwylfdzlpq/Build/Products/Debug-iphoneos -install_name @rpath/KM.debug.dylib -Xlinker -dead_strip -rdynamic -Xlinker -no_deduplicate -Xlinker -dependency_info -Xlinker /Users/constantine/Library/Developer/Xcode/DerivedData/KM-dumqlooxnczgiebhdhmwylfdzlpq/Build/Intermediates.noindex/KM.build/Debug-iphoneos/KM.build/Objects-normal/arm64/KM_dependency_info.dat -o /Users/constantine/Library/Developer/Xcode/DerivedData/KM-dumqlooxnczgiebhdhmwylfdzlpq/Build/Products/Debug-iphoneos/KM.app/__preview.dylib

CpResource /Users/constantine/Library/Developer/Xcode/DerivedData/KM-dumqlooxnczgiebhdhmwylfdzlpq/Build/Products/Debug-iphoneos/KM.app/pptxgen.bundle.js /Users/constantine/Documents/work/code/projects/km/Sources/Shared/Resources/js/pptxgen.bundle.js (in target 'KM' from project 'KM')
    cd /Users/constantine/Documents/work/code/projects/km
    builtin-copy -exclude .DS_Store -exclude CVS -exclude .svn -exclude .git -exclude .hg -resolve-src-symlinks /Users/constantine/Documents/work/code/projects/km/Sources/Shared/Resources/js/pptxgen.bundle.js /Users/constantine/Library/Developer/Xcode/DerivedData/KM-dumqlooxnczgiebhdhmwylfdzlpq/Build/Products/Debug-iphoneos/KM.app

CpResource /Users/constantine/Library/Developer/Xcode/DerivedData/KM-dumqlooxnczgiebhdhmwylfdzlpq/Build/Products/Debug-iphoneos/KM.app/mermaid.min.js /Users/constantine/Documents/work/code/projects/km/Sources/Shared/Resources/js/mermaid.min.js (in target 'KM' from project 'KM')
    cd /Users/constantine/Documents/work/code/projects/km
    builtin-copy -exclude .DS_Store -exclude CVS -exclude .svn -exclude .git -exclude .hg -resolve-src-symlinks /Users/constantine/Documents/work/code/projects/km/Sources/Shared/Resources/js/mermaid.min.js /Users/constantine/Library/Developer/Xcode/DerivedData/KM-dumqlooxnczgiebhdhmwylfdzlpq/Build/Products/Debug-iphoneos/KM.app

CpResource /Users/constantine/Library/Developer/Xcode/DerivedData/KM-dumqlooxnczgiebhdhmwylfdzlpq/Build/Products/Debug-iphoneos/KM.app/marked.min.js /Users/constantine/Documents/work/code/projects/km/Sources/Shared/Resources/js/marked.min.js (in target 'KM' from project 'KM')
    cd /Users/constantine/Documents/work/code/projects/km
    builtin-copy -exclude .DS_Store -exclude CVS -exclude .svn -exclude .git -exclude .hg -resolve-src-symlinks /Users/constantine/Documents/work/code/projects/km/Sources/Shared/Resources/js/marked.min.js /Users/constantine/Library/Developer/Xcode/DerivedData/KM-dumqlooxnczgiebhdhmwylfdzlpq/Build/Products/Debug-iphoneos/KM.app

CpResource /Users/constantine/Library/Developer/Xcode/DerivedData/KM-dumqlooxnczgiebhdhmwylfdzlpq/Build/Products/Debug-iphoneos/KM.app/LLMProviders.json /Users/constantine/Documents/work/code/projects/km/Sources/Shared/Services/AI/LLMProviders.json (in target 'KM' from project 'KM')
    cd /Users/constantine/Documents/work/code/projects/km
    builtin-copy -exclude .DS_Store -exclude CVS -exclude .svn -exclude .git -exclude .hg -resolve-src-symlinks /Users/constantine/Documents/work/code/projects/km/Sources/Shared/Services/AI/LLMProviders.json /Users/constantine/Library/Developer/Xcode/DerivedData/KM-dumqlooxnczgiebhdhmwylfdzlpq/Build/Products/Debug-iphoneos/KM.app

CpResource /Users/constantine/Library/Developer/Xcode/DerivedData/KM-dumqlooxnczgiebhdhmwylfdzlpq/Build/Products/Debug-iphoneos/KM.app/AppConfig.json /Users/constantine/Documents/work/code/projects/km/Sources/Resources/AppConfig.json (in target 'KM' from project 'KM')
    cd /Users/constantine/Documents/work/code/projects/km
    builtin-copy -exclude .DS_Store -exclude CVS -exclude .svn -exclude .git -exclude .hg -resolve-src-symlinks /Users/constantine/Documents/work/code/projects/km/Sources/Resources/AppConfig.json /Users/constantine/Library/Developer/Xcode/DerivedData/KM-dumqlooxnczgiebhdhmwylfdzlpq/Build/Products/Debug-iphoneos/KM.app

Copy /Users/constantine/Library/Developer/Xcode/DerivedData/KM-dumqlooxnczgiebhdhmwylfdzlpq/Build/Products/Debug-iphoneos/KM.app/GRDB_GRDB.bundle /Users/constantine/Library/Developer/Xcode/DerivedData/KM-dumqlooxnczgiebhdhmwylfdzlpq/Build/Products/Debug-iphoneos/GRDB_GRDB.bundle (in target 'KM' from project 'KM')
    cd /Users/constantine/Documents/work/code/projects/km
    builtin-copy -exclude .DS_Store -exclude CVS -exclude .svn -exclude .git -exclude .hg -resolve-src-symlinks /Users/constantine/Library/Developer/Xcode/DerivedData/KM-dumqlooxnczgiebhdhmwylfdzlpq/Build/Products/Debug-iphoneos/GRDB_GRDB.bundle /Users/constantine/Library/Developer/Xcode/DerivedData/KM-dumqlooxnczgiebhdhmwylfdzlpq/Build/Products/Debug-iphoneos/KM.app

CompileXCStrings /Users/constantine/Library/Developer/Xcode/DerivedData/KM-dumqlooxnczgiebhdhmwylfdzlpq/Build/Intermediates.noindex/KM.build/Debug-iphoneos/KM.build/ /Users/constantine/Documents/work/code/projects/km/Sources/Localization/Widget.xcstrings (in target 'KM' from project 'KM')
    cd /Users/constantine/Documents/work/code/projects/km
    /Applications/Xcode.app/Contents/Developer/usr/bin/xcstringstool compile --output-directory /Users/constantine/Library/Developer/Xcode/DerivedData/KM-dumqlooxnczgiebhdhmwylfdzlpq/Build/Intermediates.noindex/KM.build/Debug-iphoneos/KM.build /Users/constantine/Documents/work/code/projects/km/Sources/Localization/Widget.xcstrings

CompileXCStrings /Users/constantine/Library/Developer/Xcode/DerivedData/KM-dumqlooxnczgiebhdhmwylfdzlpq/Build/Intermediates.noindex/KM.build/Debug-iphoneos/KM.build/ /Users/constantine/Documents/work/code/projects/km/Sources/Localization/Watch.xcstrings (in target 'KM' from project 'KM')
    cd /Users/constantine/Documents/work/code/projects/km
    /Applications/Xcode.app/Contents/Developer/usr/bin/xcstringstool compile --output-directory /Users/constantine/Library/Developer/Xcode/DerivedData/KM-dumqlooxnczgiebhdhmwylfdzlpq/Build/Intermediates.noindex/KM.build/Debug-iphoneos/KM.build /Users/constantine/Documents/work/code/projects/km/Sources/Localization/Watch.xcstrings

CopyStringsFile /Users/constantine/Library/Developer/Xcode/DerivedData/KM-dumqlooxnczgiebhdhmwylfdzlpq/Build/Products/Debug-iphoneos/KM.app/zh-Hans.lproj/Widget.strings /Users/constantine/Library/Developer/Xcode/DerivedData/KM-dumqlooxnczgiebhdhmwylfdzlpq/Build/Intermediates.noindex/KM.build/Debug-iphoneos/KM.build/zh-Hans.lproj/Widget.strings (in target 'KM' from project 'KM')
    cd /Users/constantine/Documents/work/code/projects/km
    builtin-copyStrings --validate --outputencoding binary --outfilename Widget.strings --outdir /Users/constantine/Library/Developer/Xcode/DerivedData/KM-dumqlooxnczgiebhdhmwylfdzlpq/Build/Products/Debug-iphoneos/KM.app/zh-Hans.lproj -- /Users/constantine/Library/Developer/Xcode/DerivedData/KM-dumqlooxnczgiebhdhmwylfdzlpq/Build/Intermediates.noindex/KM.build/Debug-iphoneos/KM.build/zh-Hans.lproj/Widget.strings
/Users/constantine/Library/Developer/Xcode/DerivedData/KM-dumqlooxnczgiebhdhmwylfdzlpq/Build/Intermediates.noindex/KM.build/Debug-iphoneos/KM.build/zh-Hans.lproj/Widget.strings:1:1: note: detected encoding of input file as Unicode (UTF-8) (in target 'KM' from project 'KM')

CopyStringsFile /Users/constantine/Library/Developer/Xcode/DerivedData/KM-dumqlooxnczgiebhdhmwylfdzlpq/Build/Products/Debug-iphoneos/KM.app/zh-Hans.lproj/Watch.strings /Users/constantine/Library/Developer/Xcode/DerivedData/KM-dumqlooxnczgiebhdhmwylfdzlpq/Build/Intermediates.noindex/KM.build/Debug-iphoneos/KM.build/zh-Hans.lproj/Watch.strings (in target 'KM' from project 'KM')
    cd /Users/constantine/Documents/work/code/projects/km
    builtin-copyStrings --validate --outputencoding binary --outfilename Watch.strings --outdir /Users/constantine/Library/Developer/Xcode/DerivedData/KM-dumqlooxnczgiebhdhmwylfdzlpq/Build/Products/Debug-iphoneos/KM.app/zh-Hans.lproj -- /Users/constantine/Library/Developer/Xcode/DerivedData/KM-dumqlooxnczgiebhdhmwylfdzlpq/Build/Intermediates.noindex/KM.build/Debug-iphoneos/KM.build/zh-Hans.lproj/Watch.strings
/Users/constantine/Library/Developer/Xcode/DerivedData/KM-dumqlooxnczgiebhdhmwylfdzlpq/Build/Intermediates.noindex/KM.build/Debug-iphoneos/KM.build/zh-Hans.lproj/Watch.strings:1:1: note: detected encoding of input file as Unicode (UTF-8) (in target 'KM' from project 'KM')

CopyStringsFile /Users/constantine/Library/Developer/Xcode/DerivedData/KM-dumqlooxnczgiebhdhmwylfdzlpq/Build/Products/Debug-iphoneos/KM.app/en.lproj/Widget.strings /Users/constantine/Library/Developer/Xcode/DerivedData/KM-dumqlooxnczgiebhdhmwylfdzlpq/Build/Intermediates.noindex/KM.build/Debug-iphoneos/KM.build/en.lproj/Widget.strings (in target 'KM' from project 'KM')
    cd /Users/constantine/Documents/work/code/projects/km
    builtin-copyStrings --validate --outputencoding binary --outfilename Widget.strings --outdir /Users/constantine/Library/Developer/Xcode/DerivedData/KM-dumqlooxnczgiebhdhmwylfdzlpq/Build/Products/Debug-iphoneos/KM.app/en.lproj -- /Users/constantine/Library/Developer/Xcode/DerivedData/KM-dumqlooxnczgiebhdhmwylfdzlpq/Build/Intermediates.noindex/KM.build/Debug-iphoneos/KM.build/en.lproj/Widget.strings
/Users/constantine/Library/Developer/Xcode/DerivedData/KM-dumqlooxnczgiebhdhmwylfdzlpq/Build/Intermediates.noindex/KM.build/Debug-iphoneos/KM.build/en.lproj/Widget.strings:1:1: note: detected encoding of input file as Unicode (UTF-8) (in target 'KM' from project 'KM')

CopyStringsFile /Users/constantine/Library/Developer/Xcode/DerivedData/KM-dumqlooxnczgiebhdhmwylfdzlpq/Build/Products/Debug-iphoneos/KM.app/en.lproj/Watch.strings /Users/constantine/Library/Developer/Xcode/DerivedData/KM-dumqlooxnczgiebhdhmwylfdzlpq/Build/Intermediates.noindex/KM.build/Debug-iphoneos/KM.build/en.lproj/Watch.strings (in target 'KM' from project 'KM')
    cd /Users/constantine/Documents/work/code/projects/km
    builtin-copyStrings --validate --outputencoding binary --outfilename Watch.strings --outdir /Users/constantine/Library/Developer/Xcode/DerivedData/KM-dumqlooxnczgiebhdhmwylfdzlpq/Build/Products/Debug-iphoneos/KM.app/en.lproj -- /Users/constantine/Library/Developer/Xcode/DerivedData/KM-dumqlooxnczgiebhdhmwylfdzlpq/Build/Intermediates.noindex/KM.build/Debug-iphoneos/KM.build/en.lproj/Watch.strings
/Users/constantine/Library/Developer/Xcode/DerivedData/KM-dumqlooxnczgiebhdhmwylfdzlpq/Build/Intermediates.noindex/KM.build/Debug-iphoneos/KM.build/en.lproj/Watch.strings:1:1: note: detected encoding of input file as Unicode (UTF-8) (in target 'KM' from project 'KM')

CompileXCStrings /Users/constantine/Library/Developer/Xcode/DerivedData/KM-dumqlooxnczgiebhdhmwylfdzlpq/Build/Intermediates.noindex/KM.build/Debug-iphoneos/KM.build/ /Users/constantine/Documents/work/code/projects/km/Sources/Localization/Transfer.xcstrings (in target 'KM' from project 'KM')
    cd /Users/constantine/Documents/work/code/projects/km
    /Applications/Xcode.app/Contents/Developer/usr/bin/xcstringstool compile --output-directory /Users/constantine/Library/Developer/Xcode/DerivedData/KM-dumqlooxnczgiebhdhmwylfdzlpq/Build/Intermediates.noindex/KM.build/Debug-iphoneos/KM.build /Users/constantine/Documents/work/code/projects/km/Sources/Localization/Transfer.xcstrings

CompileXCStrings /Users/constantine/Library/Developer/Xcode/DerivedData/KM-dumqlooxnczgiebhdhmwylfdzlpq/Build/Intermediates.noindex/KM.build/Debug-iphoneos/KM.build/ /Users/constantine/Documents/work/code/projects/km/Sources/Localization/Settings.xcstrings (in target 'KM' from project 'KM')
    cd /Users/constantine/Documents/work/code/projects/km
    /Applications/Xcode.app/Contents/Developer/usr/bin/xcstringstool compile --output-directory /Users/constantine/Library/Developer/Xcode/DerivedData/KM-dumqlooxnczgiebhdhmwylfdzlpq/Build/Intermediates.noindex/KM.build/Debug-iphoneos/KM.build /Users/constantine/Documents/work/code/projects/km/Sources/Localization/Settings.xcstrings

CopyStringsFile /Users/constantine/Library/Developer/Xcode/DerivedData/KM-dumqlooxnczgiebhdhmwylfdzlpq/Build/Products/Debug-iphoneos/KM.app/zh-Hans.lproj/Transfer.strings /Users/constantine/Library/Developer/Xcode/DerivedData/KM-dumqlooxnczgiebhdhmwylfdzlpq/Build/Intermediates.noindex/KM.build/Debug-iphoneos/KM.build/zh-Hans.lproj/Transfer.strings (in target 'KM' from project 'KM')
    cd /Users/constantine/Documents/work/code/projects/km
    builtin-copyStrings --validate --outputencoding binary --outfilename Transfer.strings --outdir /Users/constantine/Library/Developer/Xcode/DerivedData/KM-dumqlooxnczgiebhdhmwylfdzlpq/Build/Products/Debug-iphoneos/KM.app/zh-Hans.lproj -- /Users/constantine/Library/Developer/Xcode/DerivedData/KM-dumqlooxnczgiebhdhmwylfdzlpq/Build/Intermediates.noindex/KM.build/Debug-iphoneos/KM.build/zh-Hans.lproj/Transfer.strings
/Users/constantine/Library/Developer/Xcode/DerivedData/KM-dumqlooxnczgiebhdhmwylfdzlpq/Build/Intermediates.noindex/KM.build/Debug-iphoneos/KM.build/zh-Hans.lproj/Transfer.strings:1:1: note: detected encoding of input file as Unicode (UTF-8) (in target 'KM' from project 'KM')

CopyStringsFile /Users/constantine/Library/Developer/Xcode/DerivedData/KM-dumqlooxnczgiebhdhmwylfdzlpq/Build/Products/Debug-iphoneos/KM.app/zh-Hans.lproj/Settings.strings /Users/constantine/Library/Developer/Xcode/DerivedData/KM-dumqlooxnczgiebhdhmwylfdzlpq/Build/Intermediates.noindex/KM.build/Debug-iphoneos/KM.build/zh-Hans.lproj/Settings.strings (in target 'KM' from project 'KM')
    cd /Users/constantine/Documents/work/code/projects/km
    builtin-copyStrings --validate --outputencoding binary --outfilename Settings.strings --outdir /Users/constantine/Library/Developer/Xcode/DerivedData/KM-dumqlooxnczgiebhdhmwylfdzlpq/Build/Products/Debug-iphoneos/KM.app/zh-Hans.lproj -- /Users/constantine/Library/Developer/Xcode/DerivedData/KM-dumqlooxnczgiebhdhmwylfdzlpq/Build/Intermediates.noindex/KM.build/Debug-iphoneos/KM.build/zh-Hans.lproj/Settings.strings
/Users/constantine/Library/Developer/Xcode/DerivedData/KM-dumqlooxnczgiebhdhmwylfdzlpq/Build/Intermediates.noindex/KM.build/Debug-iphoneos/KM.build/zh-Hans.lproj/Settings.strings:1:1: note: detected encoding of input file as Unicode (UTF-8) (in target 'KM' from project 'KM')

CopyStringsFile /Users/constantine/Library/Developer/Xcode/DerivedData/KM-dumqlooxnczgiebhdhmwylfdzlpq/Build/Products/Debug-iphoneos/KM.app/en.lproj/Transfer.strings /Users/constantine/Library/Developer/Xcode/DerivedData/KM-dumqlooxnczgiebhdhmwylfdzlpq/Build/Intermediates.noindex/KM.build/Debug-iphoneos/KM.build/en.lproj/Transfer.strings (in target 'KM' from project 'KM')
    cd /Users/constantine/Documents/work/code/projects/km
    builtin-copyStrings --validate --outputencoding binary --outfilename Transfer.strings --outdir /Users/constantine/Library/Developer/Xcode/DerivedData/KM-dumqlooxnczgiebhdhmwylfdzlpq/Build/Products/Debug-iphoneos/KM.app/en.lproj -- /Users/constantine/Library/Developer/Xcode/DerivedData/KM-dumqlooxnczgiebhdhmwylfdzlpq/Build/Intermediates.noindex/KM.build/Debug-iphoneos/KM.build/en.lproj/Transfer.strings
/Users/constantine/Library/Developer/Xcode/DerivedData/KM-dumqlooxnczgiebhdhmwylfdzlpq/Build/Intermediates.noindex/KM.build/Debug-iphoneos/KM.build/en.lproj/Transfer.strings:1:1: note: detected encoding of input file as Unicode (UTF-8) (in target 'KM' from project 'KM')

CopyStringsFile /Users/constantine/Library/Developer/Xcode/DerivedData/KM-dumqlooxnczgiebhdhmwylfdzlpq/Build/Products/Debug-iphoneos/KM.app/en.lproj/Settings.strings /Users/constantine/Library/Developer/Xcode/DerivedData/KM-dumqlooxnczgiebhdhmwylfdzlpq/Build/Intermediates.noindex/KM.build/Debug-iphoneos/KM.build/en.lproj/Settings.strings (in target 'KM' from project 'KM')
    cd /Users/constantine/Documents/work/code/projects/km
    builtin-copyStrings --validate --outputencoding binary --outfilename Settings.strings --outdir /Users/constantine/Library/Developer/Xcode/DerivedData/KM-dumqlooxnczgiebhdhmwylfdzlpq/Build/Products/Debug-iphoneos/KM.app/en.lproj -- /Users/constantine/Library/Developer/Xcode/DerivedData/KM-dumqlooxnczgiebhdhmwylfdzlpq/Build/Intermediates.noindex/KM.build/Debug-iphoneos/KM.build/en.lproj/Settings.strings
/Users/constantine/Library/Developer/Xcode/DerivedData/KM-dumqlooxnczgiebhdhmwylfdzlpq/Build/Intermediates.noindex/KM.build/Debug-iphoneos/KM.build/en.lproj/Settings.strings:1:1: note: detected encoding of input file as Unicode (UTF-8) (in target 'KM' from project 'KM')

CompileXCStrings /Users/constantine/Library/Developer/Xcode/DerivedData/KM-dumqlooxnczgiebhdhmwylfdzlpq/Build/Intermediates.noindex/KM.build/Debug-iphoneos/KM.build/ /Users/constantine/Documents/work/code/projects/km/Sources/Localization/Schema.xcstrings (in target 'KM' from project 'KM')
    cd /Users/constantine/Documents/work/code/projects/km
    /Applications/Xcode.app/Contents/Developer/usr/bin/xcstringstool compile --output-directory /Users/constantine/Library/Developer/Xcode/DerivedData/KM-dumqlooxnczgiebhdhmwylfdzlpq/Build/Intermediates.noindex/KM.build/Debug-iphoneos/KM.build /Users/constantine/Documents/work/code/projects/km/Sources/Localization/Schema.xcstrings

CompileXCStrings /Users/constantine/Library/Developer/Xcode/DerivedData/KM-dumqlooxnczgiebhdhmwylfdzlpq/Build/Intermediates.noindex/KM.build/Debug-iphoneos/KM.build/ /Users/constantine/Documents/work/code/projects/km/Sources/Localization/Localizable.xcstrings (in target 'KM' from project 'KM')
    cd /Users/constantine/Documents/work/code/projects/km
    /Applications/Xcode.app/Contents/Developer/usr/bin/xcstringstool compile --output-directory /Users/constantine/Library/Developer/Xcode/DerivedData/KM-dumqlooxnczgiebhdhmwylfdzlpq/Build/Intermediates.noindex/KM.build/Debug-iphoneos/KM.build /Users/constantine/Documents/work/code/projects/km/Sources/Localization/Localizable.xcstrings

CopyStringsFile /Users/constantine/Library/Developer/Xcode/DerivedData/KM-dumqlooxnczgiebhdhmwylfdzlpq/Build/Products/Debug-iphoneos/KM.app/zh-Hans.lproj/Schema.strings /Users/constantine/Library/Developer/Xcode/DerivedData/KM-dumqlooxnczgiebhdhmwylfdzlpq/Build/Intermediates.noindex/KM.build/Debug-iphoneos/KM.build/zh-Hans.lproj/Schema.strings (in target 'KM' from project 'KM')
    cd /Users/constantine/Documents/work/code/projects/km
    builtin-copyStrings --validate --outputencoding binary --outfilename Schema.strings --outdir /Users/constantine/Library/Developer/Xcode/DerivedData/KM-dumqlooxnczgiebhdhmwylfdzlpq/Build/Products/Debug-iphoneos/KM.app/zh-Hans.lproj -- /Users/constantine/Library/Developer/Xcode/DerivedData/KM-dumqlooxnczgiebhdhmwylfdzlpq/Build/Intermediates.noindex/KM.build/Debug-iphoneos/KM.build/zh-Hans.lproj/Schema.strings
/Users/constantine/Library/Developer/Xcode/DerivedData/KM-dumqlooxnczgiebhdhmwylfdzlpq/Build/Intermediates.noindex/KM.build/Debug-iphoneos/KM.build/zh-Hans.lproj/Schema.strings:1:1: note: detected encoding of input file as Unicode (UTF-8) (in target 'KM' from project 'KM')

CopyStringsFile /Users/constantine/Library/Developer/Xcode/DerivedData/KM-dumqlooxnczgiebhdhmwylfdzlpq/Build/Products/Debug-iphoneos/KM.app/zh-Hans.lproj/Localizable.strings /Users/constantine/Library/Developer/Xcode/DerivedData/KM-dumqlooxnczgiebhdhmwylfdzlpq/Build/Intermediates.noindex/KM.build/Debug-iphoneos/KM.build/zh-Hans.lproj/Localizable.strings (in target 'KM' from project 'KM')
    cd /Users/constantine/Documents/work/code/projects/km
    builtin-copyStrings --validate --outputencoding binary --outfilename Localizable.strings --outdir /Users/constantine/Library/Developer/Xcode/DerivedData/KM-dumqlooxnczgiebhdhmwylfdzlpq/Build/Products/Debug-iphoneos/KM.app/zh-Hans.lproj -- /Users/constantine/Library/Developer/Xcode/DerivedData/KM-dumqlooxnczgiebhdhmwylfdzlpq/Build/Intermediates.noindex/KM.build/Debug-iphoneos/KM.build/zh-Hans.lproj/Localizable.strings
/Users/constantine/Library/Developer/Xcode/DerivedData/KM-dumqlooxnczgiebhdhmwylfdzlpq/Build/Intermediates.noindex/KM.build/Debug-iphoneos/KM.build/zh-Hans.lproj/Localizable.strings:1:1: note: detected encoding of input file as Unicode (UTF-8) (in target 'KM' from project 'KM')

CopyStringsFile /Users/constantine/Library/Developer/Xcode/DerivedData/KM-dumqlooxnczgiebhdhmwylfdzlpq/Build/Products/Debug-iphoneos/KM.app/en.lproj/Schema.strings /Users/constantine/Library/Developer/Xcode/DerivedData/KM-dumqlooxnczgiebhdhmwylfdzlpq/Build/Intermediates.noindex/KM.build/Debug-iphoneos/KM.build/en.lproj/Schema.strings (in target 'KM' from project 'KM')
    cd /Users/constantine/Documents/work/code/projects/km
    builtin-copyStrings --validate --outputencoding binary --outfilename Schema.strings --outdir /Users/constantine/Library/Developer/Xcode/DerivedData/KM-dumqlooxnczgiebhdhmwylfdzlpq/Build/Products/Debug-iphoneos/KM.app/en.lproj -- /Users/constantine/Library/Developer/Xcode/DerivedData/KM-dumqlooxnczgiebhdhmwylfdzlpq/Build/Intermediates.noindex/KM.build/Debug-iphoneos/KM.build/en.lproj/Schema.strings
/Users/constantine/Library/Developer/Xcode/DerivedData/KM-dumqlooxnczgiebhdhmwylfdzlpq/Build/Intermediates.noindex/KM.build/Debug-iphoneos/KM.build/en.lproj/Schema.strings:1:1: note: detected encoding of input file as Unicode (UTF-8) (in target 'KM' from project 'KM')

SwiftDriverJobDiscovery normal arm64 Emitting module for KM (in target 'KM' from project 'KM')

SwiftDriver\ Compilation\ Requirements KM normal arm64 com.apple.xcode.tools.swift.compiler (in target 'KM' from project 'KM')
    cd /Users/constantine/Documents/work/code/projects/km
    builtin-Swift-Compilation-Requirements -- /Applications/Xcode.app/Contents/Developer/Toolchains/XcodeDefault.xctoolchain/usr/bin/swiftc -module-name KM -Onone @/Users/constantine/Library/Developer/Xcode/DerivedData/KM-dumqlooxnczgiebhdhmwylfdzlpq/Build/Intermediates.noindex/KM.build/Debug-iphoneos/KM.build/Objects-normal/arm64/KM.SwiftFileList -DDEBUG -Xcc -fmodule-map-file\=/Users/constantine/Library/Developer/Xcode/DerivedData/KM-dumqlooxnczgiebhdhmwylfdzlpq/SourcePackages/checkouts/GRDB.swift/Sources/CSQLite/module.modulemap -enable-upcoming-feature StrictConcurrency -enable-bare-slash-regex -enable-experimental-feature DebugDescriptionMacro -sdk /Applications/Xcode.app/Contents/Developer/Platforms/iPhoneOS.platform/Developer/SDKs/iPhoneOS26.4.sdk -target arm64-apple-ios17.0 -g -module-cache-path /Users/constantine/Library/Developer/Xcode/DerivedData/ModuleCache.noindex -Xfrontend -serialize-debugging-options -enable-testing -index-store-path /Users/constantine/Library/Developer/Xcode/DerivedData/KM-dumqlooxnczgiebhdhmwylfdzlpq/Index.noindex/DataStore -Xcc -D_LIBCPP_HARDENING_MODE\=_LIBCPP_HARDENING_MODE_DEBUG -swift-version 5 -I /Users/constantine/Library/Developer/Xcode/DerivedData/KM-dumqlooxnczgiebhdhmwylfdzlpq/Build/Products/Debug-iphoneos -F /Users/constantine/Library/Developer/Xcode/DerivedData/KM-dumqlooxnczgiebhdhmwylfdzlpq/Build/Products/Debug-iphoneos/PackageFrameworks -F /Users/constantine/Library/Developer/Xcode/DerivedData/KM-dumqlooxnczgiebhdhmwylfdzlpq/Build/Products/Debug-iphoneos -c -j18 -enable-batch-mode -incremental -Xcc -ivfsstatcache -Xcc /Users/constantine/Library/Developer/Xcode/DerivedData/SDKStatCaches.noindex/iphoneos26.4-23E252-68a138bb55de9ba35ce6c8c40d12849e.sdkstatcache -output-file-map /Users/constantine/Library/Developer/Xcode/DerivedData/KM-dumqlooxnczgiebhdhmwylfdzlpq/Build/Intermediates.noindex/KM.build/Debug-iphoneos/KM.build/Objects-normal/arm64/KM-OutputFileMap.json -use-frontend-parseable-output -save-temps -no-color-diagnostics -explicit-module-build -module-cache-path /Users/constantine/Library/Developer/Xcode/DerivedData/KM-dumqlooxnczgiebhdhmwylfdzlpq/Build/Intermediates.noindex/SwiftExplicitPrecompiledModules -clang-scanner-module-cache-path /Users/constantine/Library/Developer/Xcode/DerivedData/ModuleCache.noindex -sdk-module-cache-path /Users/constantine/Library/Developer/Xcode/DerivedData/ModuleCache.noindex -serialize-diagnostics -emit-dependencies -emit-module -emit-module-path /Users/constantine/Library/Developer/Xcode/DerivedData/KM-dumqlooxnczgiebhdhmwylfdzlpq/Build/Intermediates.noindex/KM.build/Debug-iphoneos/KM.build/Objects-normal/arm64/KM.swiftmodule -validate-clang-modules-once -clang-build-session-file /Users/constantine/Library/Developer/Xcode/DerivedData/ModuleCache.noindex/Session.modulevalidation -Xcc -I/Users/constantine/Library/Developer/Xcode/DerivedData/KM-dumqlooxnczgiebhdhmwylfdzlpq/Build/Intermediates.noindex/KM.build/Debug-iphoneos/KM.build/swift-overrides.hmap -emit-const-values -Xfrontend -const-gather-protocols-file -Xfrontend /Users/constantine/Library/Developer/Xcode/DerivedData/KM-dumqlooxnczgiebhdhmwylfdzlpq/Build/Intermediates.noindex/KM.build/Debug-iphoneos/KM.build/Objects-normal/arm64/KM_const_extract_protocols.json -Xcc -iquote -Xcc /Users/constantine/Library/Developer/Xcode/DerivedData/KM-dumqlooxnczgiebhdhmwylfdzlpq/Build/Intermediates.noindex/KM.build/Debug-iphoneos/KM.build/KM-generated-files.hmap -Xcc -I/Users/constantine/Library/Developer/Xcode/DerivedData/KM-dumqlooxnczgiebhdhmwylfdzlpq/Build/Intermediates.noindex/KM.build/Debug-iphoneos/KM.build/KM-own-target-headers.hmap -Xcc -I/Users/constantine/Library/Developer/Xcode/DerivedData/KM-dumqlooxnczgiebhdhmwylfdzlpq/Build/Intermediates.noindex/KM.build/Debug-iphoneos/KM.build/KM-all-non-framework-target-headers.hmap -Xcc -ivfsoverlay -Xcc /Users/constantine/Library/Developer/Xcode/DerivedData/KM-dumqlooxnczgiebhdhmwylfdzlpq/Build/Intermediates.noindex/KM.build/Debug-iphoneos/KM-05e6cc8c0e79676be58e6679ba008eb7-VFS-iphoneos/all-product-headers.yaml -Xcc -iquote -Xcc /Users/constantine/Library/Developer/Xcode/DerivedData/KM-dumqlooxnczgiebhdhmwylfdzlpq/Build/Intermediates.noindex/KM.build/Debug-iphoneos/KM.build/KM-project-headers.hmap -Xcc -I/Users/constantine/Library/Developer/Xcode/DerivedData/KM-dumqlooxnczgiebhdhmwylfdzlpq/Build/Products/Debug-iphoneos/include -Xcc -I/Users/constantine/Library/Developer/Xcode/DerivedData/KM-dumqlooxnczgiebhdhmwylfdzlpq/Build/Intermediates.noindex/KM.build/Debug-iphoneos/KM.build/DerivedSources-normal/arm64 -Xcc -I/Users/constantine/Library/Developer/Xcode/DerivedData/KM-dumqlooxnczgiebhdhmwylfdzlpq/Build/Intermediates.noindex/KM.build/Debug-iphoneos/KM.build/DerivedSources/arm64 -Xcc -I/Users/constantine/Library/Developer/Xcode/DerivedData/KM-dumqlooxnczgiebhdhmwylfdzlpq/Build/Intermediates.noindex/KM.build/Debug-iphoneos/KM.build/DerivedSources -Xcc -DDEBUG\=1 -emit-objc-header -emit-objc-header-path /Users/constantine/Library/Developer/Xcode/DerivedData/KM-dumqlooxnczgiebhdhmwylfdzlpq/Build/Intermediates.noindex/KM.build/Debug-iphoneos/KM.build/Objects-normal/arm64/KM-Swift.h -working-directory /Users/constantine/Documents/work/code/projects/km -experimental-emit-module-separately -disable-cmo

CopyStringsFile /Users/constantine/Library/Developer/Xcode/DerivedData/KM-dumqlooxnczgiebhdhmwylfdzlpq/Build/Products/Debug-iphoneos/KM.app/en.lproj/Localizable.strings /Users/constantine/Library/Developer/Xcode/DerivedData/KM-dumqlooxnczgiebhdhmwylfdzlpq/Build/Intermediates.noindex/KM.build/Debug-iphoneos/KM.build/en.lproj/Localizable.strings (in target 'KM' from project 'KM')
    cd /Users/constantine/Documents/work/code/projects/km
    builtin-copyStrings --validate --outputencoding binary --outfilename Localizable.strings --outdir /Users/constantine/Library/Developer/Xcode/DerivedData/KM-dumqlooxnczgiebhdhmwylfdzlpq/Build/Products/Debug-iphoneos/KM.app/en.lproj -- /Users/constantine/Library/Developer/Xcode/DerivedData/KM-dumqlooxnczgiebhdhmwylfdzlpq/Build/Intermediates.noindex/KM.build/Debug-iphoneos/KM.build/en.lproj/Localizable.strings
/Users/constantine/Library/Developer/Xcode/DerivedData/KM-dumqlooxnczgiebhdhmwylfdzlpq/Build/Intermediates.noindex/KM.build/Debug-iphoneos/KM.build/en.lproj/Localizable.strings:1:1: note: detected encoding of input file as Unicode (UTF-8) (in target 'KM' from project 'KM')

SwiftMergeGeneratedHeaders /Users/constantine/Library/Developer/Xcode/DerivedData/KM-dumqlooxnczgiebhdhmwylfdzlpq/Build/Intermediates.noindex/KM.build/Debug-iphoneos/KM.build/DerivedSources/KM-Swift.h /Users/constantine/Library/Developer/Xcode/DerivedData/KM-dumqlooxnczgiebhdhmwylfdzlpq/Build/Intermediates.noindex/KM.build/Debug-iphoneos/KM.build/Objects-normal/arm64/KM-Swift.h (in target 'KM' from project 'KM')
    cd /Users/constantine/Documents/work/code/projects/km
    builtin-swiftHeaderTool -arch arm64 /Users/constantine/Library/Developer/Xcode/DerivedData/KM-dumqlooxnczgiebhdhmwylfdzlpq/Build/Intermediates.noindex/KM.build/Debug-iphoneos/KM.build/Objects-normal/arm64/KM-Swift.h -o /Users/constantine/Library/Developer/Xcode/DerivedData/KM-dumqlooxnczgiebhdhmwylfdzlpq/Build/Intermediates.noindex/KM.build/Debug-iphoneos/KM.build/DerivedSources/KM-Swift.h

Copy /Users/constantine/Library/Developer/Xcode/DerivedData/KM-dumqlooxnczgiebhdhmwylfdzlpq/Build/Products/Debug-iphoneos/KM.swiftmodule/arm64-apple-ios.swiftmodule /Users/constantine/Library/Developer/Xcode/DerivedData/KM-dumqlooxnczgiebhdhmwylfdzlpq/Build/Intermediates.noindex/KM.build/Debug-iphoneos/KM.build/Objects-normal/arm64/KM.swiftmodule (in target 'KM' from project 'KM')
    cd /Users/constantine/Documents/work/code/projects/km
    builtin-copy -exclude .DS_Store -exclude CVS -exclude .svn -exclude .git -exclude .hg -resolve-src-symlinks -rename /Users/constantine/Library/Developer/Xcode/DerivedData/KM-dumqlooxnczgiebhdhmwylfdzlpq/Build/Intermediates.noindex/KM.build/Debug-iphoneos/KM.build/Objects-normal/arm64/KM.swiftmodule /Users/constantine/Library/Developer/Xcode/DerivedData/KM-dumqlooxnczgiebhdhmwylfdzlpq/Build/Products/Debug-iphoneos/KM.swiftmodule/arm64-apple-ios.swiftmodule

Copy /Users/constantine/Library/Developer/Xcode/DerivedData/KM-dumqlooxnczgiebhdhmwylfdzlpq/Build/Products/Debug-iphoneos/KM.swiftmodule/arm64-apple-ios.swiftdoc /Users/constantine/Library/Developer/Xcode/DerivedData/KM-dumqlooxnczgiebhdhmwylfdzlpq/Build/Intermediates.noindex/KM.build/Debug-iphoneos/KM.build/Objects-normal/arm64/KM.swiftdoc (in target 'KM' from project 'KM')
    cd /Users/constantine/Documents/work/code/projects/km
    builtin-copy -exclude .DS_Store -exclude CVS -exclude .svn -exclude .git -exclude .hg -resolve-src-symlinks -rename /Users/constantine/Library/Developer/Xcode/DerivedData/KM-dumqlooxnczgiebhdhmwylfdzlpq/Build/Intermediates.noindex/KM.build/Debug-iphoneos/KM.build/Objects-normal/arm64/KM.swiftdoc /Users/constantine/Library/Developer/Xcode/DerivedData/KM-dumqlooxnczgiebhdhmwylfdzlpq/Build/Products/Debug-iphoneos/KM.swiftmodule/arm64-apple-ios.swiftdoc

Copy /Users/constantine/Library/Developer/Xcode/DerivedData/KM-dumqlooxnczgiebhdhmwylfdzlpq/Build/Products/Debug-iphoneos/KM.swiftmodule/arm64-apple-ios.abi.json /Users/constantine/Library/Developer/Xcode/DerivedData/KM-dumqlooxnczgiebhdhmwylfdzlpq/Build/Intermediates.noindex/KM.build/Debug-iphoneos/KM.build/Objects-normal/arm64/KM.abi.json (in target 'KM' from project 'KM')
    cd /Users/constantine/Documents/work/code/projects/km
    builtin-copy -exclude .DS_Store -exclude CVS -exclude .svn -exclude .git -exclude .hg -resolve-src-symlinks -rename /Users/constantine/Library/Developer/Xcode/DerivedData/KM-dumqlooxnczgiebhdhmwylfdzlpq/Build/Intermediates.noindex/KM.build/Debug-iphoneos/KM.build/Objects-normal/arm64/KM.abi.json /Users/constantine/Library/Developer/Xcode/DerivedData/KM-dumqlooxnczgiebhdhmwylfdzlpq/Build/Products/Debug-iphoneos/KM.swiftmodule/arm64-apple-ios.abi.json

Copy /Users/constantine/Library/Developer/Xcode/DerivedData/KM-dumqlooxnczgiebhdhmwylfdzlpq/Build/Products/Debug-iphoneos/KM.swiftmodule/Project/arm64-apple-ios.swiftsourceinfo /Users/constantine/Library/Developer/Xcode/DerivedData/KM-dumqlooxnczgiebhdhmwylfdzlpq/Build/Intermediates.noindex/KM.build/Debug-iphoneos/KM.build/Objects-normal/arm64/KM.swiftsourceinfo (in target 'KM' from project 'KM')
    cd /Users/constantine/Documents/work/code/projects/km
    builtin-copy -exclude .DS_Store -exclude CVS -exclude .svn -exclude .git -exclude .hg -resolve-src-symlinks -rename /Users/constantine/Library/Developer/Xcode/DerivedData/KM-dumqlooxnczgiebhdhmwylfdzlpq/Build/Intermediates.noindex/KM.build/Debug-iphoneos/KM.build/Objects-normal/arm64/KM.swiftsourceinfo /Users/constantine/Library/Developer/Xcode/DerivedData/KM-dumqlooxnczgiebhdhmwylfdzlpq/Build/Products/Debug-iphoneos/KM.swiftmodule/Project/arm64-apple-ios.swiftsourceinfo

CompileXCStrings /Users/constantine/Library/Developer/Xcode/DerivedData/KM-dumqlooxnczgiebhdhmwylfdzlpq/Build/Intermediates.noindex/KM.build/Debug-iphoneos/KM.build/ /Users/constantine/Documents/work/code/projects/km/Sources/Localization/Lint.xcstrings (in target 'KM' from project 'KM')
    cd /Users/constantine/Documents/work/code/projects/km
    /Applications/Xcode.app/Contents/Developer/usr/bin/xcstringstool compile --output-directory /Users/constantine/Library/Developer/Xcode/DerivedData/KM-dumqlooxnczgiebhdhmwylfdzlpq/Build/Intermediates.noindex/KM.build/Debug-iphoneos/KM.build /Users/constantine/Documents/work/code/projects/km/Sources/Localization/Lint.xcstrings

CompileXCStrings /Users/constantine/Library/Developer/Xcode/DerivedData/KM-dumqlooxnczgiebhdhmwylfdzlpq/Build/Intermediates.noindex/KM.build/Debug-iphoneos/KM.build/ /Users/constantine/Documents/work/code/projects/km/Sources/Localization/Ingest.xcstrings (in target 'KM' from project 'KM')
    cd /Users/constantine/Documents/work/code/projects/km
    /Applications/Xcode.app/Contents/Developer/usr/bin/xcstringstool compile --output-directory /Users/constantine/Library/Developer/Xcode/DerivedData/KM-dumqlooxnczgiebhdhmwylfdzlpq/Build/Intermediates.noindex/KM.build/Debug-iphoneos/KM.build /Users/constantine/Documents/work/code/projects/km/Sources/Localization/Ingest.xcstrings

CompileXCStrings /Users/constantine/Library/Developer/Xcode/DerivedData/KM-dumqlooxnczgiebhdhmwylfdzlpq/Build/Intermediates.noindex/KM.build/Debug-iphoneos/KM.build/ /Users/constantine/Documents/work/code/projects/km/Sources/Localization/InfoPlist.xcstrings (in target 'KM' from project 'KM')
    cd /Users/constantine/Documents/work/code/projects/km
    /Applications/Xcode.app/Contents/Developer/usr/bin/xcstringstool compile --output-directory /Users/constantine/Library/Developer/Xcode/DerivedData/KM-dumqlooxnczgiebhdhmwylfdzlpq/Build/Intermediates.noindex/KM.build/Debug-iphoneos/KM.build /Users/constantine/Documents/work/code/projects/km/Sources/Localization/InfoPlist.xcstrings

CopyStringsFile /Users/constantine/Library/Developer/Xcode/DerivedData/KM-dumqlooxnczgiebhdhmwylfdzlpq/Build/Products/Debug-iphoneos/KM.app/zh-Hans.lproj/Lint.strings /Users/constantine/Library/Developer/Xcode/DerivedData/KM-dumqlooxnczgiebhdhmwylfdzlpq/Build/Intermediates.noindex/KM.build/Debug-iphoneos/KM.build/zh-Hans.lproj/Lint.strings (in target 'KM' from project 'KM')
    cd /Users/constantine/Documents/work/code/projects/km
    builtin-copyStrings --validate --outputencoding binary --outfilename Lint.strings --outdir /Users/constantine/Library/Developer/Xcode/DerivedData/KM-dumqlooxnczgiebhdhmwylfdzlpq/Build/Products/Debug-iphoneos/KM.app/zh-Hans.lproj -- /Users/constantine/Library/Developer/Xcode/DerivedData/KM-dumqlooxnczgiebhdhmwylfdzlpq/Build/Intermediates.noindex/KM.build/Debug-iphoneos/KM.build/zh-Hans.lproj/Lint.strings
/Users/constantine/Library/Developer/Xcode/DerivedData/KM-dumqlooxnczgiebhdhmwylfdzlpq/Build/Intermediates.noindex/KM.build/Debug-iphoneos/KM.build/zh-Hans.lproj/Lint.strings:1:1: note: detected encoding of input file as Unicode (UTF-8) (in target 'KM' from project 'KM')

CopyStringsFile /Users/constantine/Library/Developer/Xcode/DerivedData/KM-dumqlooxnczgiebhdhmwylfdzlpq/Build/Products/Debug-iphoneos/KM.app/zh-Hans.lproj/Ingest.strings /Users/constantine/Library/Developer/Xcode/DerivedData/KM-dumqlooxnczgiebhdhmwylfdzlpq/Build/Intermediates.noindex/KM.build/Debug-iphoneos/KM.build/zh-Hans.lproj/Ingest.strings (in target 'KM' from project 'KM')
    cd /Users/constantine/Documents/work/code/projects/km
    builtin-copyStrings --validate --outputencoding binary --outfilename Ingest.strings --outdir /Users/constantine/Library/Developer/Xcode/DerivedData/KM-dumqlooxnczgiebhdhmwylfdzlpq/Build/Products/Debug-iphoneos/KM.app/zh-Hans.lproj -- /Users/constantine/Library/Developer/Xcode/DerivedData/KM-dumqlooxnczgiebhdhmwylfdzlpq/Build/Intermediates.noindex/KM.build/Debug-iphoneos/KM.build/zh-Hans.lproj/Ingest.strings
/Users/constantine/Library/Developer/Xcode/DerivedData/KM-dumqlooxnczgiebhdhmwylfdzlpq/Build/Intermediates.noindex/KM.build/Debug-iphoneos/KM.build/zh-Hans.lproj/Ingest.strings:1:1: note: detected encoding of input file as Unicode (UTF-8) (in target 'KM' from project 'KM')

CopyStringsFile /Users/constantine/Library/Developer/Xcode/DerivedData/KM-dumqlooxnczgiebhdhmwylfdzlpq/Build/Products/Debug-iphoneos/KM.app/en.lproj/Lint.strings /Users/constantine/Library/Developer/Xcode/DerivedData/KM-dumqlooxnczgiebhdhmwylfdzlpq/Build/Intermediates.noindex/KM.build/Debug-iphoneos/KM.build/en.lproj/Lint.strings (in target 'KM' from project 'KM')
    cd /Users/constantine/Documents/work/code/projects/km
    builtin-copyStrings --validate --outputencoding binary --outfilename Lint.strings --outdir /Users/constantine/Library/Developer/Xcode/DerivedData/KM-dumqlooxnczgiebhdhmwylfdzlpq/Build/Products/Debug-iphoneos/KM.app/en.lproj -- /Users/constantine/Library/Developer/Xcode/DerivedData/KM-dumqlooxnczgiebhdhmwylfdzlpq/Build/Intermediates.noindex/KM.build/Debug-iphoneos/KM.build/en.lproj/Lint.strings
/Users/constantine/Library/Developer/Xcode/DerivedData/KM-dumqlooxnczgiebhdhmwylfdzlpq/Build/Intermediates.noindex/KM.build/Debug-iphoneos/KM.build/en.lproj/Lint.strings:1:1: note: detected encoding of input file as Unicode (UTF-8) (in target 'KM' from project 'KM')

CopyStringsFile /Users/constantine/Library/Developer/Xcode/DerivedData/KM-dumqlooxnczgiebhdhmwylfdzlpq/Build/Products/Debug-iphoneos/KM.app/en.lproj/Ingest.strings /Users/constantine/Library/Developer/Xcode/DerivedData/KM-dumqlooxnczgiebhdhmwylfdzlpq/Build/Intermediates.noindex/KM.build/Debug-iphoneos/KM.build/en.lproj/Ingest.strings (in target 'KM' from project 'KM')
    cd /Users/constantine/Documents/work/code/projects/km
    builtin-copyStrings --validate --outputencoding binary --outfilename Ingest.strings --outdir /Users/constantine/Library/Developer/Xcode/DerivedData/KM-dumqlooxnczgiebhdhmwylfdzlpq/Build/Products/Debug-iphoneos/KM.app/en.lproj -- /Users/constantine/Library/Developer/Xcode/DerivedData/KM-dumqlooxnczgiebhdhmwylfdzlpq/Build/Intermediates.noindex/KM.build/Debug-iphoneos/KM.build/en.lproj/Ingest.strings
/Users/constantine/Library/Developer/Xcode/DerivedData/KM-dumqlooxnczgiebhdhmwylfdzlpq/Build/Intermediates.noindex/KM.build/Debug-iphoneos/KM.build/en.lproj/Ingest.strings:1:1: note: detected encoding of input file as Unicode (UTF-8) (in target 'KM' from project 'KM')

CompileXCStrings /Users/constantine/Library/Developer/Xcode/DerivedData/KM-dumqlooxnczgiebhdhmwylfdzlpq/Build/Intermediates.noindex/KM.build/Debug-iphoneos/KM.build/ /Users/constantine/Documents/work/code/projects/km/Sources/Localization/ICloud.xcstrings (in target 'KM' from project 'KM')
    cd /Users/constantine/Documents/work/code/projects/km
    /Applications/Xcode.app/Contents/Developer/usr/bin/xcstringstool compile --output-directory /Users/constantine/Library/Developer/Xcode/DerivedData/KM-dumqlooxnczgiebhdhmwylfdzlpq/Build/Intermediates.noindex/KM.build/Debug-iphoneos/KM.build /Users/constantine/Documents/work/code/projects/km/Sources/Localization/ICloud.xcstrings

CompileXCStrings /Users/constantine/Library/Developer/Xcode/DerivedData/KM-dumqlooxnczgiebhdhmwylfdzlpq/Build/Intermediates.noindex/KM.build/Debug-iphoneos/KM.build/ /Users/constantine/Documents/work/code/projects/km/Sources/Localization/Graph.xcstrings (in target 'KM' from project 'KM')
    cd /Users/constantine/Documents/work/code/projects/km
    /Applications/Xcode.app/Contents/Developer/usr/bin/xcstringstool compile --output-directory /Users/constantine/Library/Developer/Xcode/DerivedData/KM-dumqlooxnczgiebhdhmwylfdzlpq/Build/Intermediates.noindex/KM.build/Debug-iphoneos/KM.build /Users/constantine/Documents/work/code/projects/km/Sources/Localization/Graph.xcstrings

CopyStringsFile /Users/constantine/Library/Developer/Xcode/DerivedData/KM-dumqlooxnczgiebhdhmwylfdzlpq/Build/Products/Debug-iphoneos/KM.app/zh-Hans.lproj/InfoPlist.strings /Users/constantine/Library/Developer/Xcode/DerivedData/KM-dumqlooxnczgiebhdhmwylfdzlpq/Build/Intermediates.noindex/KM.build/Debug-iphoneos/KM.build/zh-Hans.lproj/InfoPlist.strings (in target 'KM' from project 'KM')
    cd /Users/constantine/Documents/work/code/projects/km
    builtin-copyStrings --validate --outputencoding binary --outfilename InfoPlist.strings --outdir /Users/constantine/Library/Developer/Xcode/DerivedData/KM-dumqlooxnczgiebhdhmwylfdzlpq/Build/Products/Debug-iphoneos/KM.app/zh-Hans.lproj -- /Users/constantine/Library/Developer/Xcode/DerivedData/KM-dumqlooxnczgiebhdhmwylfdzlpq/Build/Intermediates.noindex/KM.build/Debug-iphoneos/KM.build/zh-Hans.lproj/InfoPlist.strings
/Users/constantine/Library/Developer/Xcode/DerivedData/KM-dumqlooxnczgiebhdhmwylfdzlpq/Build/Intermediates.noindex/KM.build/Debug-iphoneos/KM.build/zh-Hans.lproj/InfoPlist.strings:1:1: note: detected encoding of input file as Unicode (UTF-8) (in target 'KM' from project 'KM')

CopyStringsFile /Users/constantine/Library/Developer/Xcode/DerivedData/KM-dumqlooxnczgiebhdhmwylfdzlpq/Build/Products/Debug-iphoneos/KM.app/zh-Hans.lproj/ICloud.strings /Users/constantine/Library/Developer/Xcode/DerivedData/KM-dumqlooxnczgiebhdhmwylfdzlpq/Build/Intermediates.noindex/KM.build/Debug-iphoneos/KM.build/zh-Hans.lproj/ICloud.strings (in target 'KM' from project 'KM')
    cd /Users/constantine/Documents/work/code/projects/km
    builtin-copyStrings --validate --outputencoding binary --outfilename ICloud.strings --outdir /Users/constantine/Library/Developer/Xcode/DerivedData/KM-dumqlooxnczgiebhdhmwylfdzlpq/Build/Products/Debug-iphoneos/KM.app/zh-Hans.lproj -- /Users/constantine/Library/Developer/Xcode/DerivedData/KM-dumqlooxnczgiebhdhmwylfdzlpq/Build/Intermediates.noindex/KM.build/Debug-iphoneos/KM.build/zh-Hans.lproj/ICloud.strings
/Users/constantine/Library/Developer/Xcode/DerivedData/KM-dumqlooxnczgiebhdhmwylfdzlpq/Build/Intermediates.noindex/KM.build/Debug-iphoneos/KM.build/zh-Hans.lproj/ICloud.strings:1:1: note: detected encoding of input file as Unicode (UTF-8) (in target 'KM' from project 'KM')

CopyStringsFile /Users/constantine/Library/Developer/Xcode/DerivedData/KM-dumqlooxnczgiebhdhmwylfdzlpq/Build/Products/Debug-iphoneos/KM.app/zh-Hans.lproj/Graph.strings /Users/constantine/Library/Developer/Xcode/DerivedData/KM-dumqlooxnczgiebhdhmwylfdzlpq/Build/Intermediates.noindex/KM.build/Debug-iphoneos/KM.build/zh-Hans.lproj/Graph.strings (in target 'KM' from project 'KM')
    cd /Users/constantine/Documents/work/code/projects/km
    builtin-copyStrings --validate --outputencoding binary --outfilename Graph.strings --outdir /Users/constantine/Library/Developer/Xcode/DerivedData/KM-dumqlooxnczgiebhdhmwylfdzlpq/Build/Products/Debug-iphoneos/KM.app/zh-Hans.lproj -- /Users/constantine/Library/Developer/Xcode/DerivedData/KM-dumqlooxnczgiebhdhmwylfdzlpq/Build/Intermediates.noindex/KM.build/Debug-iphoneos/KM.build/zh-Hans.lproj/Graph.strings
/Users/constantine/Library/Developer/Xcode/DerivedData/KM-dumqlooxnczgiebhdhmwylfdzlpq/Build/Intermediates.noindex/KM.build/Debug-iphoneos/KM.build/zh-Hans.lproj/Graph.strings:1:1: note: detected encoding of input file as Unicode (UTF-8) (in target 'KM' from project 'KM')

CopyStringsFile /Users/constantine/Library/Developer/Xcode/DerivedData/KM-dumqlooxnczgiebhdhmwylfdzlpq/Build/Products/Debug-iphoneos/KM.app/en.lproj/InfoPlist.strings /Users/constantine/Library/Developer/Xcode/DerivedData/KM-dumqlooxnczgiebhdhmwylfdzlpq/Build/Intermediates.noindex/KM.build/Debug-iphoneos/KM.build/en.lproj/InfoPlist.strings (in target 'KM' from project 'KM')
    cd /Users/constantine/Documents/work/code/projects/km
    builtin-copyStrings --validate --outputencoding binary --outfilename InfoPlist.strings --outdir /Users/constantine/Library/Developer/Xcode/DerivedData/KM-dumqlooxnczgiebhdhmwylfdzlpq/Build/Products/Debug-iphoneos/KM.app/en.lproj -- /Users/constantine/Library/Developer/Xcode/DerivedData/KM-dumqlooxnczgiebhdhmwylfdzlpq/Build/Intermediates.noindex/KM.build/Debug-iphoneos/KM.build/en.lproj/InfoPlist.strings
/Users/constantine/Library/Developer/Xcode/DerivedData/KM-dumqlooxnczgiebhdhmwylfdzlpq/Build/Intermediates.noindex/KM.build/Debug-iphoneos/KM.build/en.lproj/InfoPlist.strings:1:1: note: detected encoding of input file as Unicode (UTF-8) (in target 'KM' from project 'KM')

CopyStringsFile /Users/constantine/Library/Developer/Xcode/DerivedData/KM-dumqlooxnczgiebhdhmwylfdzlpq/Build/Products/Debug-iphoneos/KM.app/en.lproj/ICloud.strings /Users/constantine/Library/Developer/Xcode/DerivedData/KM-dumqlooxnczgiebhdhmwylfdzlpq/Build/Intermediates.noindex/KM.build/Debug-iphoneos/KM.build/en.lproj/ICloud.strings (in target 'KM' from project 'KM')
    cd /Users/constantine/Documents/work/code/projects/km
    builtin-copyStrings --validate --outputencoding binary --outfilename ICloud.strings --outdir /Users/constantine/Library/Developer/Xcode/DerivedData/KM-dumqlooxnczgiebhdhmwylfdzlpq/Build/Products/Debug-iphoneos/KM.app/en.lproj -- /Users/constantine/Library/Developer/Xcode/DerivedData/KM-dumqlooxnczgiebhdhmwylfdzlpq/Build/Intermediates.noindex/KM.build/Debug-iphoneos/KM.build/en.lproj/ICloud.strings
/Users/constantine/Library/Developer/Xcode/DerivedData/KM-dumqlooxnczgiebhdhmwylfdzlpq/Build/Intermediates.noindex/KM.build/Debug-iphoneos/KM.build/en.lproj/ICloud.strings:1:1: note: detected encoding of input file as Unicode (UTF-8) (in target 'KM' from project 'KM')

CopyStringsFile /Users/constantine/Library/Developer/Xcode/DerivedData/KM-dumqlooxnczgiebhdhmwylfdzlpq/Build/Products/Debug-iphoneos/KM.app/en.lproj/Graph.strings /Users/constantine/Library/Developer/Xcode/DerivedData/KM-dumqlooxnczgiebhdhmwylfdzlpq/Build/Intermediates.noindex/KM.build/Debug-iphoneos/KM.build/en.lproj/Graph.strings (in target 'KM' from project 'KM')
    cd /Users/constantine/Documents/work/code/projects/km
    builtin-copyStrings --validate --outputencoding binary --outfilename Graph.strings --outdir /Users/constantine/Library/Developer/Xcode/DerivedData/KM-dumqlooxnczgiebhdhmwylfdzlpq/Build/Products/Debug-iphoneos/KM.app/en.lproj -- /Users/constantine/Library/Developer/Xcode/DerivedData/KM-dumqlooxnczgiebhdhmwylfdzlpq/Build/Intermediates.noindex/KM.build/Debug-iphoneos/KM.build/en.lproj/Graph.strings
/Users/constantine/Library/Developer/Xcode/DerivedData/KM-dumqlooxnczgiebhdhmwylfdzlpq/Build/Intermediates.noindex/KM.build/Debug-iphoneos/KM.build/en.lproj/Graph.strings:1:1: note: detected encoding of input file as Unicode (UTF-8) (in target 'KM' from project 'KM')

CompileXCStrings /Users/constantine/Library/Developer/Xcode/DerivedData/KM-dumqlooxnczgiebhdhmwylfdzlpq/Build/Intermediates.noindex/KM.build/Debug-iphoneos/KM.build/ /Users/constantine/Documents/work/code/projects/km/Sources/Localization/Editor.xcstrings (in target 'KM' from project 'KM')
    cd /Users/constantine/Documents/work/code/projects/km
    /Applications/Xcode.app/Contents/Developer/usr/bin/xcstringstool compile --output-directory /Users/constantine/Library/Developer/Xcode/DerivedData/KM-dumqlooxnczgiebhdhmwylfdzlpq/Build/Intermediates.noindex/KM.build/Debug-iphoneos/KM.build /Users/constantine/Documents/work/code/projects/km/Sources/Localization/Editor.xcstrings

CompileXCStrings /Users/constantine/Library/Developer/Xcode/DerivedData/KM-dumqlooxnczgiebhdhmwylfdzlpq/Build/Intermediates.noindex/KM.build/Debug-iphoneos/KM.build/ /Users/constantine/Documents/work/code/projects/km/Sources/Localization/Dashboard.xcstrings (in target 'KM' from project 'KM')
    cd /Users/constantine/Documents/work/code/projects/km
    /Applications/Xcode.app/Contents/Developer/usr/bin/xcstringstool compile --output-directory /Users/constantine/Library/Developer/Xcode/DerivedData/KM-dumqlooxnczgiebhdhmwylfdzlpq/Build/Intermediates.noindex/KM.build/Debug-iphoneos/KM.build /Users/constantine/Documents/work/code/projects/km/Sources/Localization/Dashboard.xcstrings

CompileXCStrings /Users/constantine/Library/Developer/Xcode/DerivedData/KM-dumqlooxnczgiebhdhmwylfdzlpq/Build/Intermediates.noindex/KM.build/Debug-iphoneos/KM.build/ /Users/constantine/Documents/work/code/projects/km/Sources/Localization/CoreModels.xcstrings (in target 'KM' from project 'KM')
    cd /Users/constantine/Documents/work/code/projects/km
    /Applications/Xcode.app/Contents/Developer/usr/bin/xcstringstool compile --output-directory /Users/constantine/Library/Developer/Xcode/DerivedData/KM-dumqlooxnczgiebhdhmwylfdzlpq/Build/Intermediates.noindex/KM.build/Debug-iphoneos/KM.build /Users/constantine/Documents/work/code/projects/km/Sources/Localization/CoreModels.xcstrings

CompileXCStrings /Users/constantine/Library/Developer/Xcode/DerivedData/KM-dumqlooxnczgiebhdhmwylfdzlpq/Build/Intermediates.noindex/KM.build/Debug-iphoneos/KM.build/ /Users/constantine/Documents/work/code/projects/km/Sources/Localization/Creation.xcstrings (in target 'KM' from project 'KM')
    cd /Users/constantine/Documents/work/code/projects/km
    /Applications/Xcode.app/Contents/Developer/usr/bin/xcstringstool compile --output-directory /Users/constantine/Library/Developer/Xcode/DerivedData/KM-dumqlooxnczgiebhdhmwylfdzlpq/Build/Intermediates.noindex/KM.build/Debug-iphoneos/KM.build /Users/constantine/Documents/work/code/projects/km/Sources/Localization/Creation.xcstrings

CopyStringsFile /Users/constantine/Library/Developer/Xcode/DerivedData/KM-dumqlooxnczgiebhdhmwylfdzlpq/Build/Products/Debug-iphoneos/KM.app/zh-Hans.lproj/Editor.strings /Users/constantine/Library/Developer/Xcode/DerivedData/KM-dumqlooxnczgiebhdhmwylfdzlpq/Build/Intermediates.noindex/KM.build/Debug-iphoneos/KM.build/zh-Hans.lproj/Editor.strings (in target 'KM' from project 'KM')
    cd /Users/constantine/Documents/work/code/projects/km
    builtin-copyStrings --validate --outputencoding binary --outfilename Editor.strings --outdir /Users/constantine/Library/Developer/Xcode/DerivedData/KM-dumqlooxnczgiebhdhmwylfdzlpq/Build/Products/Debug-iphoneos/KM.app/zh-Hans.lproj -- /Users/constantine/Library/Developer/Xcode/DerivedData/KM-dumqlooxnczgiebhdhmwylfdzlpq/Build/Intermediates.noindex/KM.build/Debug-iphoneos/KM.build/zh-Hans.lproj/Editor.strings
/Users/constantine/Library/Developer/Xcode/DerivedData/KM-dumqlooxnczgiebhdhmwylfdzlpq/Build/Intermediates.noindex/KM.build/Debug-iphoneos/KM.build/zh-Hans.lproj/Editor.strings:1:1: note: detected encoding of input file as Unicode (UTF-8) (in target 'KM' from project 'KM')

CopyStringsFile /Users/constantine/Library/Developer/Xcode/DerivedData/KM-dumqlooxnczgiebhdhmwylfdzlpq/Build/Products/Debug-iphoneos/KM.app/zh-Hans.lproj/Dashboard.strings /Users/constantine/Library/Developer/Xcode/DerivedData/KM-dumqlooxnczgiebhdhmwylfdzlpq/Build/Intermediates.noindex/KM.build/Debug-iphoneos/KM.build/zh-Hans.lproj/Dashboard.strings (in target 'KM' from project 'KM')
    cd /Users/constantine/Documents/work/code/projects/km
    builtin-copyStrings --validate --outputencoding binary --outfilename Dashboard.strings --outdir /Users/constantine/Library/Developer/Xcode/DerivedData/KM-dumqlooxnczgiebhdhmwylfdzlpq/Build/Products/Debug-iphoneos/KM.app/zh-Hans.lproj -- /Users/constantine/Library/Developer/Xcode/DerivedData/KM-dumqlooxnczgiebhdhmwylfdzlpq/Build/Intermediates.noindex/KM.build/Debug-iphoneos/KM.build/zh-Hans.lproj/Dashboard.strings
/Users/constantine/Library/Developer/Xcode/DerivedData/KM-dumqlooxnczgiebhdhmwylfdzlpq/Build/Intermediates.noindex/KM.build/Debug-iphoneos/KM.build/zh-Hans.lproj/Dashboard.strings:1:1: note: detected encoding of input file as Unicode (UTF-8) (in target 'KM' from project 'KM')

CopyStringsFile /Users/constantine/Library/Developer/Xcode/DerivedData/KM-dumqlooxnczgiebhdhmwylfdzlpq/Build/Products/Debug-iphoneos/KM.app/zh-Hans.lproj/Creation.strings /Users/constantine/Library/Developer/Xcode/DerivedData/KM-dumqlooxnczgiebhdhmwylfdzlpq/Build/Intermediates.noindex/KM.build/Debug-iphoneos/KM.build/zh-Hans.lproj/Creation.strings (in target 'KM' from project 'KM')
    cd /Users/constantine/Documents/work/code/projects/km
    builtin-copyStrings --validate --outputencoding binary --outfilename Creation.strings --outdir /Users/constantine/Library/Developer/Xcode/DerivedData/KM-dumqlooxnczgiebhdhmwylfdzlpq/Build/Products/Debug-iphoneos/KM.app/zh-Hans.lproj -- /Users/constantine/Library/Developer/Xcode/DerivedData/KM-dumqlooxnczgiebhdhmwylfdzlpq/Build/Intermediates.noindex/KM.build/Debug-iphoneos/KM.build/zh-Hans.lproj/Creation.strings
/Users/constantine/Library/Developer/Xcode/DerivedData/KM-dumqlooxnczgiebhdhmwylfdzlpq/Build/Intermediates.noindex/KM.build/Debug-iphoneos/KM.build/zh-Hans.lproj/Creation.strings:1:1: note: detected encoding of input file as Unicode (UTF-8) (in target 'KM' from project 'KM')

CopyStringsFile /Users/constantine/Library/Developer/Xcode/DerivedData/KM-dumqlooxnczgiebhdhmwylfdzlpq/Build/Products/Debug-iphoneos/KM.app/zh-Hans.lproj/CoreModels.strings /Users/constantine/Library/Developer/Xcode/DerivedData/KM-dumqlooxnczgiebhdhmwylfdzlpq/Build/Intermediates.noindex/KM.build/Debug-iphoneos/KM.build/zh-Hans.lproj/CoreModels.strings (in target 'KM' from project 'KM')
    cd /Users/constantine/Documents/work/code/projects/km
    builtin-copyStrings --validate --outputencoding binary --outfilename CoreModels.strings --outdir /Users/constantine/Library/Developer/Xcode/DerivedData/KM-dumqlooxnczgiebhdhmwylfdzlpq/Build/Products/Debug-iphoneos/KM.app/zh-Hans.lproj -- /Users/constantine/Library/Developer/Xcode/DerivedData/KM-dumqlooxnczgiebhdhmwylfdzlpq/Build/Intermediates.noindex/KM.build/Debug-iphoneos/KM.build/zh-Hans.lproj/CoreModels.strings
/Users/constantine/Library/Developer/Xcode/DerivedData/KM-dumqlooxnczgiebhdhmwylfdzlpq/Build/Intermediates.noindex/KM.build/Debug-iphoneos/KM.build/zh-Hans.lproj/CoreModels.strings:1:1: note: detected encoding of input file as Unicode (UTF-8) (in target 'KM' from project 'KM')

CopyStringsFile /Users/constantine/Library/Developer/Xcode/DerivedData/KM-dumqlooxnczgiebhdhmwylfdzlpq/Build/Products/Debug-iphoneos/KM.app/en.lproj/Editor.strings /Users/constantine/Library/Developer/Xcode/DerivedData/KM-dumqlooxnczgiebhdhmwylfdzlpq/Build/Intermediates.noindex/KM.build/Debug-iphoneos/KM.build/en.lproj/Editor.strings (in target 'KM' from project 'KM')
    cd /Users/constantine/Documents/work/code/projects/km
    builtin-copyStrings --validate --outputencoding binary --outfilename Editor.strings --outdir /Users/constantine/Library/Developer/Xcode/DerivedData/KM-dumqlooxnczgiebhdhmwylfdzlpq/Build/Products/Debug-iphoneos/KM.app/en.lproj -- /Users/constantine/Library/Developer/Xcode/DerivedData/KM-dumqlooxnczgiebhdhmwylfdzlpq/Build/Intermediates.noindex/KM.build/Debug-iphoneos/KM.build/en.lproj/Editor.strings
/Users/constantine/Library/Developer/Xcode/DerivedData/KM-dumqlooxnczgiebhdhmwylfdzlpq/Build/Intermediates.noindex/KM.build/Debug-iphoneos/KM.build/en.lproj/Editor.strings:1:1: note: detected encoding of input file as Unicode (UTF-8) (in target 'KM' from project 'KM')

CopyStringsFile /Users/constantine/Library/Developer/Xcode/DerivedData/KM-dumqlooxnczgiebhdhmwylfdzlpq/Build/Products/Debug-iphoneos/KM.app/en.lproj/Dashboard.strings /Users/constantine/Library/Developer/Xcode/DerivedData/KM-dumqlooxnczgiebhdhmwylfdzlpq/Build/Intermediates.noindex/KM.build/Debug-iphoneos/KM.build/en.lproj/Dashboard.strings (in target 'KM' from project 'KM')
    cd /Users/constantine/Documents/work/code/projects/km
    builtin-copyStrings --validate --outputencoding binary --outfilename Dashboard.strings --outdir /Users/constantine/Library/Developer/Xcode/DerivedData/KM-dumqlooxnczgiebhdhmwylfdzlpq/Build/Products/Debug-iphoneos/KM.app/en.lproj -- /Users/constantine/Library/Developer/Xcode/DerivedData/KM-dumqlooxnczgiebhdhmwylfdzlpq/Build/Intermediates.noindex/KM.build/Debug-iphoneos/KM.build/en.lproj/Dashboard.strings
/Users/constantine/Library/Developer/Xcode/DerivedData/KM-dumqlooxnczgiebhdhmwylfdzlpq/Build/Intermediates.noindex/KM.build/Debug-iphoneos/KM.build/en.lproj/Dashboard.strings:1:1: note: detected encoding of input file as Unicode (UTF-8) (in target 'KM' from project 'KM')

CopyStringsFile /Users/constantine/Library/Developer/Xcode/DerivedData/KM-dumqlooxnczgiebhdhmwylfdzlpq/Build/Products/Debug-iphoneos/KM.app/en.lproj/Creation.strings /Users/constantine/Library/Developer/Xcode/DerivedData/KM-dumqlooxnczgiebhdhmwylfdzlpq/Build/Intermediates.noindex/KM.build/Debug-iphoneos/KM.build/en.lproj/Creation.strings (in target 'KM' from project 'KM')
    cd /Users/constantine/Documents/work/code/projects/km
    builtin-copyStrings --validate --outputencoding binary --outfilename Creation.strings --outdir /Users/constantine/Library/Developer/Xcode/DerivedData/KM-dumqlooxnczgiebhdhmwylfdzlpq/Build/Products/Debug-iphoneos/KM.app/en.lproj -- /Users/constantine/Library/Developer/Xcode/DerivedData/KM-dumqlooxnczgiebhdhmwylfdzlpq/Build/Intermediates.noindex/KM.build/Debug-iphoneos/KM.build/en.lproj/Creation.strings
/Users/constantine/Library/Developer/Xcode/DerivedData/KM-dumqlooxnczgiebhdhmwylfdzlpq/Build/Intermediates.noindex/KM.build/Debug-iphoneos/KM.build/en.lproj/Creation.strings:1:1: note: detected encoding of input file as Unicode (UTF-8) (in target 'KM' from project 'KM')

CopyStringsFile /Users/constantine/Library/Developer/Xcode/DerivedData/KM-dumqlooxnczgiebhdhmwylfdzlpq/Build/Products/Debug-iphoneos/KM.app/en.lproj/CoreModels.strings /Users/constantine/Library/Developer/Xcode/DerivedData/KM-dumqlooxnczgiebhdhmwylfdzlpq/Build/Intermediates.noindex/KM.build/Debug-iphoneos/KM.build/en.lproj/CoreModels.strings (in target 'KM' from project 'KM')
    cd /Users/constantine/Documents/work/code/projects/km
    builtin-copyStrings --validate --outputencoding binary --outfilename CoreModels.strings --outdir /Users/constantine/Library/Developer/Xcode/DerivedData/KM-dumqlooxnczgiebhdhmwylfdzlpq/Build/Products/Debug-iphoneos/KM.app/en.lproj -- /Users/constantine/Library/Developer/Xcode/DerivedData/KM-dumqlooxnczgiebhdhmwylfdzlpq/Build/Intermediates.noindex/KM.build/Debug-iphoneos/KM.build/en.lproj/CoreModels.strings
/Users/constantine/Library/Developer/Xcode/DerivedData/KM-dumqlooxnczgiebhdhmwylfdzlpq/Build/Intermediates.noindex/KM.build/Debug-iphoneos/KM.build/en.lproj/CoreModels.strings:1:1: note: detected encoding of input file as Unicode (UTF-8) (in target 'KM' from project 'KM')

CompileXCStrings /Users/constantine/Library/Developer/Xcode/DerivedData/KM-dumqlooxnczgiebhdhmwylfdzlpq/Build/Intermediates.noindex/KM.build/Debug-iphoneos/KM.build/ /Users/constantine/Documents/work/code/projects/km/Sources/Localization/Components.xcstrings (in target 'KM' from project 'KM')
    cd /Users/constantine/Documents/work/code/projects/km
    /Applications/Xcode.app/Contents/Developer/usr/bin/xcstringstool compile --output-directory /Users/constantine/Library/Developer/Xcode/DerivedData/KM-dumqlooxnczgiebhdhmwylfdzlpq/Build/Intermediates.noindex/KM.build/Debug-iphoneos/KM.build /Users/constantine/Documents/work/code/projects/km/Sources/Localization/Components.xcstrings

CompileXCStrings /Users/constantine/Library/Developer/Xcode/DerivedData/KM-dumqlooxnczgiebhdhmwylfdzlpq/Build/Intermediates.noindex/KM.build/Debug-iphoneos/KM.build/ /Users/constantine/Documents/work/code/projects/km/Sources/Localization/Common.xcstrings (in target 'KM' from project 'KM')
    cd /Users/constantine/Documents/work/code/projects/km
    /Applications/Xcode.app/Contents/Developer/usr/bin/xcstringstool compile --output-directory /Users/constantine/Library/Developer/Xcode/DerivedData/KM-dumqlooxnczgiebhdhmwylfdzlpq/Build/Intermediates.noindex/KM.build/Debug-iphoneos/KM.build /Users/constantine/Documents/work/code/projects/km/Sources/Localization/Common.xcstrings

CompileXCStrings /Users/constantine/Library/Developer/Xcode/DerivedData/KM-dumqlooxnczgiebhdhmwylfdzlpq/Build/Intermediates.noindex/KM.build/Debug-iphoneos/KM.build/ /Users/constantine/Documents/work/code/projects/km/Sources/Localization/Collaboration.xcstrings (in target 'KM' from project 'KM')
    cd /Users/constantine/Documents/work/code/projects/km
    /Applications/Xcode.app/Contents/Developer/usr/bin/xcstringstool compile --output-directory /Users/constantine/Library/Developer/Xcode/DerivedData/KM-dumqlooxnczgiebhdhmwylfdzlpq/Build/Intermediates.noindex/KM.build/Debug-iphoneos/KM.build /Users/constantine/Documents/work/code/projects/km/Sources/Localization/Collaboration.xcstrings

CopyStringsFile /Users/constantine/Library/Developer/Xcode/DerivedData/KM-dumqlooxnczgiebhdhmwylfdzlpq/Build/Products/Debug-iphoneos/KM.app/zh-Hans.lproj/Components.strings /Users/constantine/Library/Developer/Xcode/DerivedData/KM-dumqlooxnczgiebhdhmwylfdzlpq/Build/Intermediates.noindex/KM.build/Debug-iphoneos/KM.build/zh-Hans.lproj/Components.strings (in target 'KM' from project 'KM')
    cd /Users/constantine/Documents/work/code/projects/km
    builtin-copyStrings --validate --outputencoding binary --outfilename Components.strings --outdir /Users/constantine/Library/Developer/Xcode/DerivedData/KM-dumqlooxnczgiebhdhmwylfdzlpq/Build/Products/Debug-iphoneos/KM.app/zh-Hans.lproj -- /Users/constantine/Library/Developer/Xcode/DerivedData/KM-dumqlooxnczgiebhdhmwylfdzlpq/Build/Intermediates.noindex/KM.build/Debug-iphoneos/KM.build/zh-Hans.lproj/Components.strings
/Users/constantine/Library/Developer/Xcode/DerivedData/KM-dumqlooxnczgiebhdhmwylfdzlpq/Build/Intermediates.noindex/KM.build/Debug-iphoneos/KM.build/zh-Hans.lproj/Components.strings:1:1: note: detected encoding of input file as Unicode (UTF-8) (in target 'KM' from project 'KM')

CopyStringsFile /Users/constantine/Library/Developer/Xcode/DerivedData/KM-dumqlooxnczgiebhdhmwylfdzlpq/Build/Products/Debug-iphoneos/KM.app/zh-Hans.lproj/Common.strings /Users/constantine/Library/Developer/Xcode/DerivedData/KM-dumqlooxnczgiebhdhmwylfdzlpq/Build/Intermediates.noindex/KM.build/Debug-iphoneos/KM.build/zh-Hans.lproj/Common.strings (in target 'KM' from project 'KM')
    cd /Users/constantine/Documents/work/code/projects/km
    builtin-copyStrings --validate --outputencoding binary --outfilename Common.strings --outdir /Users/constantine/Library/Developer/Xcode/DerivedData/KM-dumqlooxnczgiebhdhmwylfdzlpq/Build/Products/Debug-iphoneos/KM.app/zh-Hans.lproj -- /Users/constantine/Library/Developer/Xcode/DerivedData/KM-dumqlooxnczgiebhdhmwylfdzlpq/Build/Intermediates.noindex/KM.build/Debug-iphoneos/KM.build/zh-Hans.lproj/Common.strings
/Users/constantine/Library/Developer/Xcode/DerivedData/KM-dumqlooxnczgiebhdhmwylfdzlpq/Build/Intermediates.noindex/KM.build/Debug-iphoneos/KM.build/zh-Hans.lproj/Common.strings:1:1: note: detected encoding of input file as Unicode (UTF-8) (in target 'KM' from project 'KM')

CopyStringsFile /Users/constantine/Library/Developer/Xcode/DerivedData/KM-dumqlooxnczgiebhdhmwylfdzlpq/Build/Products/Debug-iphoneos/KM.app/en.lproj/Components.strings /Users/constantine/Library/Developer/Xcode/DerivedData/KM-dumqlooxnczgiebhdhmwylfdzlpq/Build/Intermediates.noindex/KM.build/Debug-iphoneos/KM.build/en.lproj/Components.strings (in target 'KM' from project 'KM')
    cd /Users/constantine/Documents/work/code/projects/km
    builtin-copyStrings --validate --outputencoding binary --outfilename Components.strings --outdir /Users/constantine/Library/Developer/Xcode/DerivedData/KM-dumqlooxnczgiebhdhmwylfdzlpq/Build/Products/Debug-iphoneos/KM.app/en.lproj -- /Users/constantine/Library/Developer/Xcode/DerivedData/KM-dumqlooxnczgiebhdhmwylfdzlpq/Build/Intermediates.noindex/KM.build/Debug-iphoneos/KM.build/en.lproj/Components.strings
/Users/constantine/Library/Developer/Xcode/DerivedData/KM-dumqlooxnczgiebhdhmwylfdzlpq/Build/Intermediates.noindex/KM.build/Debug-iphoneos/KM.build/en.lproj/Components.strings:1:1: note: detected encoding of input file as Unicode (UTF-8) (in target 'KM' from project 'KM')

CopyStringsFile /Users/constantine/Library/Developer/Xcode/DerivedData/KM-dumqlooxnczgiebhdhmwylfdzlpq/Build/Products/Debug-iphoneos/KM.app/en.lproj/Common.strings /Users/constantine/Library/Developer/Xcode/DerivedData/KM-dumqlooxnczgiebhdhmwylfdzlpq/Build/Intermediates.noindex/KM.build/Debug-iphoneos/KM.build/en.lproj/Common.strings (in target 'KM' from project 'KM')
    cd /Users/constantine/Documents/work/code/projects/km
    builtin-copyStrings --validate --outputencoding binary --outfilename Common.strings --outdir /Users/constantine/Library/Developer/Xcode/DerivedData/KM-dumqlooxnczgiebhdhmwylfdzlpq/Build/Products/Debug-iphoneos/KM.app/en.lproj -- /Users/constantine/Library/Developer/Xcode/DerivedData/KM-dumqlooxnczgiebhdhmwylfdzlpq/Build/Intermediates.noindex/KM.build/Debug-iphoneos/KM.build/en.lproj/Common.strings
/Users/constantine/Library/Developer/Xcode/DerivedData/KM-dumqlooxnczgiebhdhmwylfdzlpq/Build/Intermediates.noindex/KM.build/Debug-iphoneos/KM.build/en.lproj/Common.strings:1:1: note: detected encoding of input file as Unicode (UTF-8) (in target 'KM' from project 'KM')

CompileXCStrings /Users/constantine/Library/Developer/Xcode/DerivedData/KM-dumqlooxnczgiebhdhmwylfdzlpq/Build/Intermediates.noindex/KM.build/Debug-iphoneos/KM.build/ /Users/constantine/Documents/work/code/projects/km/Sources/Localization/Coachmark.xcstrings (in target 'KM' from project 'KM')
    cd /Users/constantine/Documents/work/code/projects/km
    /Applications/Xcode.app/Contents/Developer/usr/bin/xcstringstool compile --output-directory /Users/constantine/Library/Developer/Xcode/DerivedData/KM-dumqlooxnczgiebhdhmwylfdzlpq/Build/Intermediates.noindex/KM.build/Debug-iphoneos/KM.build /Users/constantine/Documents/work/code/projects/km/Sources/Localization/Coachmark.xcstrings

CompileXCStrings /Users/constantine/Library/Developer/Xcode/DerivedData/KM-dumqlooxnczgiebhdhmwylfdzlpq/Build/Intermediates.noindex/KM.build/Debug-iphoneos/KM.build/ /Users/constantine/Documents/work/code/projects/km/Sources/Localization/Chat.xcstrings (in target 'KM' from project 'KM')
    cd /Users/constantine/Documents/work/code/projects/km
    /Applications/Xcode.app/Contents/Developer/usr/bin/xcstringstool compile --output-directory /Users/constantine/Library/Developer/Xcode/DerivedData/KM-dumqlooxnczgiebhdhmwylfdzlpq/Build/Intermediates.noindex/KM.build/Debug-iphoneos/KM.build /Users/constantine/Documents/work/code/projects/km/Sources/Localization/Chat.xcstrings

CopyStringsFile /Users/constantine/Library/Developer/Xcode/DerivedData/KM-dumqlooxnczgiebhdhmwylfdzlpq/Build/Products/Debug-iphoneos/KM.app/zh-Hans.lproj/Collaboration.strings /Users/constantine/Library/Developer/Xcode/DerivedData/KM-dumqlooxnczgiebhdhmwylfdzlpq/Build/Intermediates.noindex/KM.build/Debug-iphoneos/KM.build/zh-Hans.lproj/Collaboration.strings (in target 'KM' from project 'KM')
    cd /Users/constantine/Documents/work/code/projects/km
    builtin-copyStrings --validate --outputencoding binary --outfilename Collaboration.strings --outdir /Users/constantine/Library/Developer/Xcode/DerivedData/KM-dumqlooxnczgiebhdhmwylfdzlpq/Build/Products/Debug-iphoneos/KM.app/zh-Hans.lproj -- /Users/constantine/Library/Developer/Xcode/DerivedData/KM-dumqlooxnczgiebhdhmwylfdzlpq/Build/Intermediates.noindex/KM.build/Debug-iphoneos/KM.build/zh-Hans.lproj/Collaboration.strings
/Users/constantine/Library/Developer/Xcode/DerivedData/KM-dumqlooxnczgiebhdhmwylfdzlpq/Build/Intermediates.noindex/KM.build/Debug-iphoneos/KM.build/zh-Hans.lproj/Collaboration.strings:1:1: note: detected encoding of input file as Unicode (UTF-8) (in target 'KM' from project 'KM')

CopyStringsFile /Users/constantine/Library/Developer/Xcode/DerivedData/KM-dumqlooxnczgiebhdhmwylfdzlpq/Build/Products/Debug-iphoneos/KM.app/zh-Hans.lproj/Coachmark.strings /Users/constantine/Library/Developer/Xcode/DerivedData/KM-dumqlooxnczgiebhdhmwylfdzlpq/Build/Intermediates.noindex/KM.build/Debug-iphoneos/KM.build/zh-Hans.lproj/Coachmark.strings (in target 'KM' from project 'KM')
    cd /Users/constantine/Documents/work/code/projects/km
    builtin-copyStrings --validate --outputencoding binary --outfilename Coachmark.strings --outdir /Users/constantine/Library/Developer/Xcode/DerivedData/KM-dumqlooxnczgiebhdhmwylfdzlpq/Build/Products/Debug-iphoneos/KM.app/zh-Hans.lproj -- /Users/constantine/Library/Developer/Xcode/DerivedData/KM-dumqlooxnczgiebhdhmwylfdzlpq/Build/Intermediates.noindex/KM.build/Debug-iphoneos/KM.build/zh-Hans.lproj/Coachmark.strings
/Users/constantine/Library/Developer/Xcode/DerivedData/KM-dumqlooxnczgiebhdhmwylfdzlpq/Build/Intermediates.noindex/KM.build/Debug-iphoneos/KM.build/zh-Hans.lproj/Coachmark.strings:1:1: note: detected encoding of input file as Unicode (UTF-8) (in target 'KM' from project 'KM')

CopyStringsFile /Users/constantine/Library/Developer/Xcode/DerivedData/KM-dumqlooxnczgiebhdhmwylfdzlpq/Build/Products/Debug-iphoneos/KM.app/en.lproj/Collaboration.strings /Users/constantine/Library/Developer/Xcode/DerivedData/KM-dumqlooxnczgiebhdhmwylfdzlpq/Build/Intermediates.noindex/KM.build/Debug-iphoneos/KM.build/en.lproj/Collaboration.strings (in target 'KM' from project 'KM')
    cd /Users/constantine/Documents/work/code/projects/km
    builtin-copyStrings --validate --outputencoding binary --outfilename Collaboration.strings --outdir /Users/constantine/Library/Developer/Xcode/DerivedData/KM-dumqlooxnczgiebhdhmwylfdzlpq/Build/Products/Debug-iphoneos/KM.app/en.lproj -- /Users/constantine/Library/Developer/Xcode/DerivedData/KM-dumqlooxnczgiebhdhmwylfdzlpq/Build/Intermediates.noindex/KM.build/Debug-iphoneos/KM.build/en.lproj/Collaboration.strings
/Users/constantine/Library/Developer/Xcode/DerivedData/KM-dumqlooxnczgiebhdhmwylfdzlpq/Build/Intermediates.noindex/KM.build/Debug-iphoneos/KM.build/en.lproj/Collaboration.strings:1:1: note: detected encoding of input file as Unicode (UTF-8) (in target 'KM' from project 'KM')

CopyStringsFile /Users/constantine/Library/Developer/Xcode/DerivedData/KM-dumqlooxnczgiebhdhmwylfdzlpq/Build/Products/Debug-iphoneos/KM.app/en.lproj/Coachmark.strings /Users/constantine/Library/Developer/Xcode/DerivedData/KM-dumqlooxnczgiebhdhmwylfdzlpq/Build/Intermediates.noindex/KM.build/Debug-iphoneos/KM.build/en.lproj/Coachmark.strings (in target 'KM' from project 'KM')
    cd /Users/constantine/Documents/work/code/projects/km
    builtin-copyStrings --validate --outputencoding binary --outfilename Coachmark.strings --outdir /Users/constantine/Library/Developer/Xcode/DerivedData/KM-dumqlooxnczgiebhdhmwylfdzlpq/Build/Products/Debug-iphoneos/KM.app/en.lproj -- /Users/constantine/Library/Developer/Xcode/DerivedData/KM-dumqlooxnczgiebhdhmwylfdzlpq/Build/Intermediates.noindex/KM.build/Debug-iphoneos/KM.build/en.lproj/Coachmark.strings
/Users/constantine/Library/Developer/Xcode/DerivedData/KM-dumqlooxnczgiebhdhmwylfdzlpq/Build/Intermediates.noindex/KM.build/Debug-iphoneos/KM.build/en.lproj/Coachmark.strings:1:1: note: detected encoding of input file as Unicode (UTF-8) (in target 'KM' from project 'KM')

CompileXCStrings /Users/constantine/Library/Developer/Xcode/DerivedData/KM-dumqlooxnczgiebhdhmwylfdzlpq/Build/Intermediates.noindex/KM.build/Debug-iphoneos/KM.build/ /Users/constantine/Documents/work/code/projects/km/Sources/Localization/Backup.xcstrings (in target 'KM' from project 'KM')
    cd /Users/constantine/Documents/work/code/projects/km
    /Applications/Xcode.app/Contents/Developer/usr/bin/xcstringstool compile --output-directory /Users/constantine/Library/Developer/Xcode/DerivedData/KM-dumqlooxnczgiebhdhmwylfdzlpq/Build/Intermediates.noindex/KM.build/Debug-iphoneos/KM.build /Users/constantine/Documents/work/code/projects/km/Sources/Localization/Backup.xcstrings

CompileXCStrings /Users/constantine/Library/Developer/Xcode/DerivedData/KM-dumqlooxnczgiebhdhmwylfdzlpq/Build/Intermediates.noindex/KM.build/Debug-iphoneos/KM.build/ /Users/constantine/Documents/work/code/projects/km/Sources/Localization/Actions.xcstrings (in target 'KM' from project 'KM')
    cd /Users/constantine/Documents/work/code/projects/km
    /Applications/Xcode.app/Contents/Developer/usr/bin/xcstringstool compile --output-directory /Users/constantine/Library/Developer/Xcode/DerivedData/KM-dumqlooxnczgiebhdhmwylfdzlpq/Build/Intermediates.noindex/KM.build/Debug-iphoneos/KM.build /Users/constantine/Documents/work/code/projects/km/Sources/Localization/Actions.xcstrings

CopyStringsFile /Users/constantine/Library/Developer/Xcode/DerivedData/KM-dumqlooxnczgiebhdhmwylfdzlpq/Build/Products/Debug-iphoneos/KM.app/zh-Hans.lproj/Chat.strings /Users/constantine/Library/Developer/Xcode/DerivedData/KM-dumqlooxnczgiebhdhmwylfdzlpq/Build/Intermediates.noindex/KM.build/Debug-iphoneos/KM.build/zh-Hans.lproj/Chat.strings (in target 'KM' from project 'KM')
    cd /Users/constantine/Documents/work/code/projects/km
    builtin-copyStrings --validate --outputencoding binary --outfilename Chat.strings --outdir /Users/constantine/Library/Developer/Xcode/DerivedData/KM-dumqlooxnczgiebhdhmwylfdzlpq/Build/Products/Debug-iphoneos/KM.app/zh-Hans.lproj -- /Users/constantine/Library/Developer/Xcode/DerivedData/KM-dumqlooxnczgiebhdhmwylfdzlpq/Build/Intermediates.noindex/KM.build/Debug-iphoneos/KM.build/zh-Hans.lproj/Chat.strings
/Users/constantine/Library/Developer/Xcode/DerivedData/KM-dumqlooxnczgiebhdhmwylfdzlpq/Build/Intermediates.noindex/KM.build/Debug-iphoneos/KM.build/zh-Hans.lproj/Chat.strings:1:1: note: detected encoding of input file as Unicode (UTF-8) (in target 'KM' from project 'KM')

CopyStringsFile /Users/constantine/Library/Developer/Xcode/DerivedData/KM-dumqlooxnczgiebhdhmwylfdzlpq/Build/Products/Debug-iphoneos/KM.app/zh-Hans.lproj/Backup.strings /Users/constantine/Library/Developer/Xcode/DerivedData/KM-dumqlooxnczgiebhdhmwylfdzlpq/Build/Intermediates.noindex/KM.build/Debug-iphoneos/KM.build/zh-Hans.lproj/Backup.strings (in target 'KM' from project 'KM')
    cd /Users/constantine/Documents/work/code/projects/km
    builtin-copyStrings --validate --outputencoding binary --outfilename Backup.strings --outdir /Users/constantine/Library/Developer/Xcode/DerivedData/KM-dumqlooxnczgiebhdhmwylfdzlpq/Build/Products/Debug-iphoneos/KM.app/zh-Hans.lproj -- /Users/constantine/Library/Developer/Xcode/DerivedData/KM-dumqlooxnczgiebhdhmwylfdzlpq/Build/Intermediates.noindex/KM.build/Debug-iphoneos/KM.build/zh-Hans.lproj/Backup.strings
/Users/constantine/Library/Developer/Xcode/DerivedData/KM-dumqlooxnczgiebhdhmwylfdzlpq/Build/Intermediates.noindex/KM.build/Debug-iphoneos/KM.build/zh-Hans.lproj/Backup.strings:1:1: note: detected encoding of input file as Unicode (UTF-8) (in target 'KM' from project 'KM')

CopyStringsFile /Users/constantine/Library/Developer/Xcode/DerivedData/KM-dumqlooxnczgiebhdhmwylfdzlpq/Build/Products/Debug-iphoneos/KM.app/en.lproj/Chat.strings /Users/constantine/Library/Developer/Xcode/DerivedData/KM-dumqlooxnczgiebhdhmwylfdzlpq/Build/Intermediates.noindex/KM.build/Debug-iphoneos/KM.build/en.lproj/Chat.strings (in target 'KM' from project 'KM')
    cd /Users/constantine/Documents/work/code/projects/km
    builtin-copyStrings --validate --outputencoding binary --outfilename Chat.strings --outdir /Users/constantine/Library/Developer/Xcode/DerivedData/KM-dumqlooxnczgiebhdhmwylfdzlpq/Build/Products/Debug-iphoneos/KM.app/en.lproj -- /Users/constantine/Library/Developer/Xcode/DerivedData/KM-dumqlooxnczgiebhdhmwylfdzlpq/Build/Intermediates.noindex/KM.build/Debug-iphoneos/KM.build/en.lproj/Chat.strings
/Users/constantine/Library/Developer/Xcode/DerivedData/KM-dumqlooxnczgiebhdhmwylfdzlpq/Build/Intermediates.noindex/KM.build/Debug-iphoneos/KM.build/en.lproj/Chat.strings:1:1: note: detected encoding of input file as Unicode (UTF-8) (in target 'KM' from project 'KM')

CopyStringsFile /Users/constantine/Library/Developer/Xcode/DerivedData/KM-dumqlooxnczgiebhdhmwylfdzlpq/Build/Products/Debug-iphoneos/KM.app/en.lproj/Backup.strings /Users/constantine/Library/Developer/Xcode/DerivedData/KM-dumqlooxnczgiebhdhmwylfdzlpq/Build/Intermediates.noindex/KM.build/Debug-iphoneos/KM.build/en.lproj/Backup.strings (in target 'KM' from project 'KM')
    cd /Users/constantine/Documents/work/code/projects/km
    builtin-copyStrings --validate --outputencoding binary --outfilename Backup.strings --outdir /Users/constantine/Library/Developer/Xcode/DerivedData/KM-dumqlooxnczgiebhdhmwylfdzlpq/Build/Products/Debug-iphoneos/KM.app/en.lproj -- /Users/constantine/Library/Developer/Xcode/DerivedData/KM-dumqlooxnczgiebhdhmwylfdzlpq/Build/Intermediates.noindex/KM.build/Debug-iphoneos/KM.build/en.lproj/Backup.strings
/Users/constantine/Library/Developer/Xcode/DerivedData/KM-dumqlooxnczgiebhdhmwylfdzlpq/Build/Intermediates.noindex/KM.build/Debug-iphoneos/KM.build/en.lproj/Backup.strings:1:1: note: detected encoding of input file as Unicode (UTF-8) (in target 'KM' from project 'KM')

CompileXCStrings /Users/constantine/Library/Developer/Xcode/DerivedData/KM-dumqlooxnczgiebhdhmwylfdzlpq/Build/Intermediates.noindex/KM.build/Debug-iphoneos/KM.build/ /Users/constantine/Documents/work/code/projects/km/Sources/Localization/Accessibility.xcstrings (in target 'KM' from project 'KM')
    cd /Users/constantine/Documents/work/code/projects/km
    /Applications/Xcode.app/Contents/Developer/usr/bin/xcstringstool compile --output-directory /Users/constantine/Library/Developer/Xcode/DerivedData/KM-dumqlooxnczgiebhdhmwylfdzlpq/Build/Intermediates.noindex/KM.build/Debug-iphoneos/KM.build /Users/constantine/Documents/work/code/projects/km/Sources/Localization/Accessibility.xcstrings

CompileXCStrings /Users/constantine/Library/Developer/Xcode/DerivedData/KM-dumqlooxnczgiebhdhmwylfdzlpq/Build/Intermediates.noindex/KM.build/Debug-iphoneos/KM.build/ /Users/constantine/Documents/work/code/projects/km/Sources/Localization/AITasks.xcstrings (in target 'KM' from project 'KM')
    cd /Users/constantine/Documents/work/code/projects/km
    /Applications/Xcode.app/Contents/Developer/usr/bin/xcstringstool compile --output-directory /Users/constantine/Library/Developer/Xcode/DerivedData/KM-dumqlooxnczgiebhdhmwylfdzlpq/Build/Intermediates.noindex/KM.build/Debug-iphoneos/KM.build /Users/constantine/Documents/work/code/projects/km/Sources/Localization/AITasks.xcstrings

CopyStringsFile /Users/constantine/Library/Developer/Xcode/DerivedData/KM-dumqlooxnczgiebhdhmwylfdzlpq/Build/Products/Debug-iphoneos/KM.app/zh-Hans.lproj/Actions.strings /Users/constantine/Library/Developer/Xcode/DerivedData/KM-dumqlooxnczgiebhdhmwylfdzlpq/Build/Intermediates.noindex/KM.build/Debug-iphoneos/KM.build/zh-Hans.lproj/Actions.strings (in target 'KM' from project 'KM')
    cd /Users/constantine/Documents/work/code/projects/km
    builtin-copyStrings --validate --outputencoding binary --outfilename Actions.strings --outdir /Users/constantine/Library/Developer/Xcode/DerivedData/KM-dumqlooxnczgiebhdhmwylfdzlpq/Build/Products/Debug-iphoneos/KM.app/zh-Hans.lproj -- /Users/constantine/Library/Developer/Xcode/DerivedData/KM-dumqlooxnczgiebhdhmwylfdzlpq/Build/Intermediates.noindex/KM.build/Debug-iphoneos/KM.build/zh-Hans.lproj/Actions.strings
/Users/constantine/Library/Developer/Xcode/DerivedData/KM-dumqlooxnczgiebhdhmwylfdzlpq/Build/Intermediates.noindex/KM.build/Debug-iphoneos/KM.build/zh-Hans.lproj/Actions.strings:1:1: note: detected encoding of input file as Unicode (UTF-8) (in target 'KM' from project 'KM')

CopyStringsFile /Users/constantine/Library/Developer/Xcode/DerivedData/KM-dumqlooxnczgiebhdhmwylfdzlpq/Build/Products/Debug-iphoneos/KM.app/zh-Hans.lproj/Accessibility.strings /Users/constantine/Library/Developer/Xcode/DerivedData/KM-dumqlooxnczgiebhdhmwylfdzlpq/Build/Intermediates.noindex/KM.build/Debug-iphoneos/KM.build/zh-Hans.lproj/Accessibility.strings (in target 'KM' from project 'KM')
    cd /Users/constantine/Documents/work/code/projects/km
    builtin-copyStrings --validate --outputencoding binary --outfilename Accessibility.strings --outdir /Users/constantine/Library/Developer/Xcode/DerivedData/KM-dumqlooxnczgiebhdhmwylfdzlpq/Build/Products/Debug-iphoneos/KM.app/zh-Hans.lproj -- /Users/constantine/Library/Developer/Xcode/DerivedData/KM-dumqlooxnczgiebhdhmwylfdzlpq/Build/Intermediates.noindex/KM.build/Debug-iphoneos/KM.build/zh-Hans.lproj/Accessibility.strings
/Users/constantine/Library/Developer/Xcode/DerivedData/KM-dumqlooxnczgiebhdhmwylfdzlpq/Build/Intermediates.noindex/KM.build/Debug-iphoneos/KM.build/zh-Hans.lproj/Accessibility.strings:1:1: note: detected encoding of input file as Unicode (UTF-8) (in target 'KM' from project 'KM')

CopyStringsFile /Users/constantine/Library/Developer/Xcode/DerivedData/KM-dumqlooxnczgiebhdhmwylfdzlpq/Build/Products/Debug-iphoneos/KM.app/en.lproj/Actions.strings /Users/constantine/Library/Developer/Xcode/DerivedData/KM-dumqlooxnczgiebhdhmwylfdzlpq/Build/Intermediates.noindex/KM.build/Debug-iphoneos/KM.build/en.lproj/Actions.strings (in target 'KM' from project 'KM')
    cd /Users/constantine/Documents/work/code/projects/km
    builtin-copyStrings --validate --outputencoding binary --outfilename Actions.strings --outdir /Users/constantine/Library/Developer/Xcode/DerivedData/KM-dumqlooxnczgiebhdhmwylfdzlpq/Build/Products/Debug-iphoneos/KM.app/en.lproj -- /Users/constantine/Library/Developer/Xcode/DerivedData/KM-dumqlooxnczgiebhdhmwylfdzlpq/Build/Intermediates.noindex/KM.build/Debug-iphoneos/KM.build/en.lproj/Actions.strings
/Users/constantine/Library/Developer/Xcode/DerivedData/KM-dumqlooxnczgiebhdhmwylfdzlpq/Build/Intermediates.noindex/KM.build/Debug-iphoneos/KM.build/en.lproj/Actions.strings:1:1: note: detected encoding of input file as Unicode (UTF-8) (in target 'KM' from project 'KM')

CopyStringsFile /Users/constantine/Library/Developer/Xcode/DerivedData/KM-dumqlooxnczgiebhdhmwylfdzlpq/Build/Products/Debug-iphoneos/KM.app/en.lproj/Accessibility.strings /Users/constantine/Library/Developer/Xcode/DerivedData/KM-dumqlooxnczgiebhdhmwylfdzlpq/Build/Intermediates.noindex/KM.build/Debug-iphoneos/KM.build/en.lproj/Accessibility.strings (in target 'KM' from project 'KM')
    cd /Users/constantine/Documents/work/code/projects/km
    builtin-copyStrings --validate --outputencoding binary --outfilename Accessibility.strings --outdir /Users/constantine/Library/Developer/Xcode/DerivedData/KM-dumqlooxnczgiebhdhmwylfdzlpq/Build/Products/Debug-iphoneos/KM.app/en.lproj -- /Users/constantine/Library/Developer/Xcode/DerivedData/KM-dumqlooxnczgiebhdhmwylfdzlpq/Build/Intermediates.noindex/KM.build/Debug-iphoneos/KM.build/en.lproj/Accessibility.strings
/Users/constantine/Library/Developer/Xcode/DerivedData/KM-dumqlooxnczgiebhdhmwylfdzlpq/Build/Intermediates.noindex/KM.build/Debug-iphoneos/KM.build/en.lproj/Accessibility.strings:1:1: note: detected encoding of input file as Unicode (UTF-8) (in target 'KM' from project 'KM')

CompileStoryboard /Users/constantine/Documents/work/code/projects/km/Sources/Base.lproj/LaunchScreen.storyboard (in target 'KM' from project 'KM')
    cd /Users/constantine/Documents/work/code/projects/km
    /Applications/Xcode.app/Contents/Developer/usr/bin/ibtool --errors --warnings --notices --module KM --output-partial-info-plist /Users/constantine/Library/Developer/Xcode/DerivedData/KM-dumqlooxnczgiebhdhmwylfdzlpq/Build/Intermediates.noindex/KM.build/Debug-iphoneos/KM.build/Base.lproj/LaunchScreen-SBPartialInfo.plist --auto-activate-custom-fonts --target-device iphone --target-device ipad --minimum-deployment-target 17.0 --output-format human-readable-text /Users/constantine/Documents/work/code/projects/km/Sources/Base.lproj/LaunchScreen.storyboard --compilation-directory /Users/constantine/Library/Developer/Xcode/DerivedData/KM-dumqlooxnczgiebhdhmwylfdzlpq/Build/Intermediates.noindex/KM.build/Debug-iphoneos/KM.build/Base.lproj

CopyStringsFile /Users/constantine/Library/Developer/Xcode/DerivedData/KM-dumqlooxnczgiebhdhmwylfdzlpq/Build/Products/Debug-iphoneos/KM.app/zh-Hans.lproj/AITasks.strings /Users/constantine/Library/Developer/Xcode/DerivedData/KM-dumqlooxnczgiebhdhmwylfdzlpq/Build/Intermediates.noindex/KM.build/Debug-iphoneos/KM.build/zh-Hans.lproj/AITasks.strings (in target 'KM' from project 'KM')
    cd /Users/constantine/Documents/work/code/projects/km
    builtin-copyStrings --validate --outputencoding binary --outfilename AITasks.strings --outdir /Users/constantine/Library/Developer/Xcode/DerivedData/KM-dumqlooxnczgiebhdhmwylfdzlpq/Build/Products/Debug-iphoneos/KM.app/zh-Hans.lproj -- /Users/constantine/Library/Developer/Xcode/DerivedData/KM-dumqlooxnczgiebhdhmwylfdzlpq/Build/Intermediates.noindex/KM.build/Debug-iphoneos/KM.build/zh-Hans.lproj/AITasks.strings
/Users/constantine/Library/Developer/Xcode/DerivedData/KM-dumqlooxnczgiebhdhmwylfdzlpq/Build/Intermediates.noindex/KM.build/Debug-iphoneos/KM.build/zh-Hans.lproj/AITasks.strings:1:1: note: detected encoding of input file as Unicode (UTF-8) (in target 'KM' from project 'KM')

CopyStringsFile /Users/constantine/Library/Developer/Xcode/DerivedData/KM-dumqlooxnczgiebhdhmwylfdzlpq/Build/Products/Debug-iphoneos/KM.app/en.lproj/AITasks.strings /Users/constantine/Library/Developer/Xcode/DerivedData/KM-dumqlooxnczgiebhdhmwylfdzlpq/Build/Intermediates.noindex/KM.build/Debug-iphoneos/KM.build/en.lproj/AITasks.strings (in target 'KM' from project 'KM')
    cd /Users/constantine/Documents/work/code/projects/km
    builtin-copyStrings --validate --outputencoding binary --outfilename AITasks.strings --outdir /Users/constantine/Library/Developer/Xcode/DerivedData/KM-dumqlooxnczgiebhdhmwylfdzlpq/Build/Products/Debug-iphoneos/KM.app/en.lproj -- /Users/constantine/Library/Developer/Xcode/DerivedData/KM-dumqlooxnczgiebhdhmwylfdzlpq/Build/Intermediates.noindex/KM.build/Debug-iphoneos/KM.build/en.lproj/AITasks.strings
/Users/constantine/Library/Developer/Xcode/DerivedData/KM-dumqlooxnczgiebhdhmwylfdzlpq/Build/Intermediates.noindex/KM.build/Debug-iphoneos/KM.build/en.lproj/AITasks.strings:1:1: note: detected encoding of input file as Unicode (UTF-8) (in target 'KM' from project 'KM')

SwiftDriverJobDiscovery normal arm64 Compiling EditorComponents.swift, EmbeddingManager.swift, EmbeddingProvider.swift, ExcelProcessor.swift, ExportReportView.swift, FileSystemSyncService.swift, FlowLayout.swift, Graph3DComponents.swift, Graph3DView.swift, GraphClusteringService.swift, GraphCommunityProcessor.swift (in target 'KM' from project 'KM')

SwiftDriverJobDiscovery normal arm64 Compiling ColorSchemeMode.swift, CommandPaletteView.swift, ContentView.swift, CreatePageView.swift, CrossPlatform.swift, DataExportService.swift, DatabaseManager.swift, DeepLinkService.swift, DemoDataGenerator.swift, DocxProcessor.swift, DragDropComponents.swift (in target 'KM' from project 'KM')

SwiftDriverJobDiscovery normal arm64 Compiling SQLiteStore.swift, SearchDiagnosticInfo.swift, SearchStore.swift, SearchView.swift, SecurityManager.swift, SecurityReinforcement.swift, ServiceContainer.swift, SettingsAboutView.swift, SettingsComponents.swift, SettingsStore.swift (in target 'KM' from project 'KM')

ProcessInfoPlistFile /Users/constantine/Library/Developer/Xcode/DerivedData/KM-dumqlooxnczgiebhdhmwylfdzlpq/Build/Products/Debug-iphoneos/KM.app/Info.plist /Users/constantine/Documents/work/code/projects/km/Sources/Info.plist (in target 'KM' from project 'KM')
    cd /Users/constantine/Documents/work/code/projects/km
    builtin-infoPlistUtility /Users/constantine/Documents/work/code/projects/km/Sources/Info.plist -producttype com.apple.product-type.application -genpkginfo /Users/constantine/Library/Developer/Xcode/DerivedData/KM-dumqlooxnczgiebhdhmwylfdzlpq/Build/Products/Debug-iphoneos/KM.app/PkgInfo -expandbuildsettings -format binary -platform iphoneos -additionalcontentfile /Users/constantine/Library/Developer/Xcode/DerivedData/KM-dumqlooxnczgiebhdhmwylfdzlpq/Build/Intermediates.noindex/KM.build/Debug-iphoneos/KM.build/Base.lproj/LaunchScreen-SBPartialInfo.plist -additionalcontentfile /Users/constantine/Library/Developer/Xcode/DerivedData/KM-dumqlooxnczgiebhdhmwylfdzlpq/Build/Intermediates.noindex/KM.build/Debug-iphoneos/KM.build/assetcatalog_generated_info.plist -scanforprivacyfile /Users/constantine/Library/Developer/Xcode/DerivedData/KM-dumqlooxnczgiebhdhmwylfdzlpq/Build/Products/Debug-iphoneos/KM.app/GRDB_GRDB.bundle -requiredArchitecture arm64 -o /Users/constantine/Library/Developer/Xcode/DerivedData/KM-dumqlooxnczgiebhdhmwylfdzlpq/Build/Products/Debug-iphoneos/KM.app/Info.plist

LinkStoryboards (in target 'KM' from project 'KM')
    cd /Users/constantine/Documents/work/code/projects/km
    /Applications/Xcode.app/Contents/Developer/usr/bin/ibtool --errors --warnings --notices --module KM --target-device iphone --target-device ipad --minimum-deployment-target 17.0 --output-format human-readable-text --link /Users/constantine/Library/Developer/Xcode/DerivedData/KM-dumqlooxnczgiebhdhmwylfdzlpq/Build/Products/Debug-iphoneos/KM.app /Users/constantine/Library/Developer/Xcode/DerivedData/KM-dumqlooxnczgiebhdhmwylfdzlpq/Build/Intermediates.noindex/KM.build/Debug-iphoneos/KM.build/Base.lproj/LaunchScreen.storyboardc

SwiftDriverJobDiscovery normal arm64 Compiling WidgetAndWatchViews.swift, WikiCard.swift, WikiCardComponents.swift, WikiColors.swift, WikiDecorators.swift, WikiEmptyState.swift, WikiEventBus.swift, WikiLoadingOverlay.swift, WikiPage.swift, WikiPageStore.swift (in target 'KM' from project 'KM')

SwiftDriverJobDiscovery normal arm64 Compiling SettingsView.swift, Shimmer.swift, ShortcutManager.swift, SidebarView.swift, SnapshotService.swift, SpeechProcessor.swift, SplashComponents.swift, SplashView.swift, SpotlightService.swift, SynthesisProcessor.swift (in target 'KM' from project 'KM')

SwiftDriverJobDiscovery normal arm64 Compiling KMiCloudSyncService.swift, KeychainService.swift, KnowledgeDashboardView.swift, KnowledgeInsightService.swift, LLMAdapters.swift, LLMChatService.swift, LLMClient.swift, LLMContextBuilder.swift, LLMModels.swift, LLMProtocols.swift, LLMRefactorService.swift (in target 'KM' from project 'KM')

SwiftDriverJobDiscovery normal arm64 Compiling PerformanceService.swift, PluginCenterView.swift, PluginDetailView.swift, PluginMarketService.swift, PluginProtocols.swift, PluginRegistry.swift, PromptService.swift, PromptWorkshopView.swift, QuizProcessor.swift, QuizView.swift, ReadabilityModifiers.swift (in target 'KM' from project 'KM')

SwiftDriverJobDiscovery normal arm64 Compiling VaultStorageSecurityService.swift, VaultStorageService.swift, ViewFactory.swift, VisionProSpatialView.swift, VoiceNoteComponents.swift, VoiceNoteView.swift, WatchConnectivityService.swift, WebViewExportService.swift, WeeklyInsightCard.swift, WelcomeView.swift (in target 'KM' from project 'KM')

SwiftDriverJobDiscovery normal arm64 Compiling LLMResponseProcessor.swift, LLMService.swift, LLMServiceProtocol.swift, LLMSettingsView.swift, LinkProcessor.swift, LinkService.swift, LintIssue.swift, LintService.swift, LintView.swift, LocalAnalyticsService.swift, Localized.swift (in target 'KM' from project 'KM')

SwiftDriverJobDiscovery normal arm64 Compiling LockOverlayView.swift, LogAction.swift, LogView.swift, Logger.swift, MCSessionDelegateImpl.swift, MarkdownEditorView.swift, MarkdownProcessor.swift, MarkdownRendererView.swift, MarkdownTextView.swift, MedalComponents.swift, MedalService.swift (in target 'KM' from project 'KM')

SwiftDriverJobDiscovery normal arm64 Compiling MedalWallView.swift, MermaidWebView.swift, NavigationView.swift, OCRProcessor.swift, OCRScanComponents.swift, OCRScanView.swift, OnDeviceComponents.swift, OnDeviceLLMService.swift, OnDeviceLLMSettingsView.swift, OnboardingService.swift, PDFComponents.swift (in target 'KM' from project 'KM')

SwiftDriverJobDiscovery normal arm64 Compiling PDFProcessor.swift, PDFReaderView.swift, PPTXProcessor.swift, PageDetailHeader.swift, PageDetailView.swift, PageDetailViewModel.swift, PageHistoryView.swift, PageSchema.swift, PageType.swift, PencilManager.swift, PerformanceBenchmarker.swift (in target 'KM' from project 'KM')

SwiftDriverJobDiscovery normal arm64 Compiling IndexView.swift, IngestQueue.swift, IngestService.swift, IngestStore.swift, IngestView.swift, IngestViewComponents.swift, KMApp.swift, KMBackupService.swift, KMKeyboardShortcuts.swift, KMStore.swift, KMWindowSceneDelegate.swift (in target 'KM' from project 'KM')

SwiftDriverJobDiscovery normal arm64 Compiling BacklinksView.swift, BackupView.swift, BreadcrumbView.swift, Character+CJK.swift, ChatComponents.swift, ChatView.swift, ChatViewModel.swift, CollaborationComponents.swift, CollaborationModels.swift, CollaborationService.swift, CollaborationView.swift (in target 'KM' from project 'KM')

SwiftDriverJobDiscovery normal arm64 Compiling GraphComponents.swift, GraphDataProvider.swift, GraphInsightDetection.swift, GraphLOD.swift, GraphLayoutProcessor.swift, GraphModels.swift, GraphView.swift, GraphViewModel.swift, HapticFeedback.swift, HostingSetupSheet.swift, IconPickerView.swift (in target 'KM' from project 'KM')

SwiftDriverJobDiscovery normal arm64 Compiling SynthesisStore.swift, SynthesisView.swift, TagCapsule.swift, TagCloudView.swift, TaskCenter.swift, TaskCenterView.swift, TextChunkerProcessor.swift, ThemeManager.swift, TooltipManager.swift, UndoService.swift (in target 'KM' from project 'KM')

SwiftDriver\ Compilation KM normal arm64 com.apple.xcode.tools.swift.compiler (in target 'KM' from project 'KM')
    cd /Users/constantine/Documents/work/code/projects/km
    builtin-Swift-Compilation -- /Applications/Xcode.app/Contents/Developer/Toolchains/XcodeDefault.xctoolchain/usr/bin/swiftc -module-name KM -Onone @/Users/constantine/Library/Developer/Xcode/DerivedData/KM-dumqlooxnczgiebhdhmwylfdzlpq/Build/Intermediates.noindex/KM.build/Debug-iphoneos/KM.build/Objects-normal/arm64/KM.SwiftFileList -DDEBUG -Xcc -fmodule-map-file\=/Users/constantine/Library/Developer/Xcode/DerivedData/KM-dumqlooxnczgiebhdhmwylfdzlpq/SourcePackages/checkouts/GRDB.swift/Sources/CSQLite/module.modulemap -enable-upcoming-feature StrictConcurrency -enable-bare-slash-regex -enable-experimental-feature DebugDescriptionMacro -sdk /Applications/Xcode.app/Contents/Developer/Platforms/iPhoneOS.platform/Developer/SDKs/iPhoneOS26.4.sdk -target arm64-apple-ios17.0 -g -module-cache-path /Users/constantine/Library/Developer/Xcode/DerivedData/ModuleCache.noindex -Xfrontend -serialize-debugging-options -enable-testing -index-store-path /Users/constantine/Library/Developer/Xcode/DerivedData/KM-dumqlooxnczgiebhdhmwylfdzlpq/Index.noindex/DataStore -Xcc -D_LIBCPP_HARDENING_MODE\=_LIBCPP_HARDENING_MODE_DEBUG -swift-version 5 -I /Users/constantine/Library/Developer/Xcode/DerivedData/KM-dumqlooxnczgiebhdhmwylfdzlpq/Build/Products/Debug-iphoneos -F /Users/constantine/Library/Developer/Xcode/DerivedData/KM-dumqlooxnczgiebhdhmwylfdzlpq/Build/Products/Debug-iphoneos/PackageFrameworks -F /Users/constantine/Library/Developer/Xcode/DerivedData/KM-dumqlooxnczgiebhdhmwylfdzlpq/Build/Products/Debug-iphoneos -c -j18 -enable-batch-mode -incremental -Xcc -ivfsstatcache -Xcc /Users/constantine/Library/Developer/Xcode/DerivedData/SDKStatCaches.noindex/iphoneos26.4-23E252-68a138bb55de9ba35ce6c8c40d12849e.sdkstatcache -output-file-map /Users/constantine/Library/Developer/Xcode/DerivedData/KM-dumqlooxnczgiebhdhmwylfdzlpq/Build/Intermediates.noindex/KM.build/Debug-iphoneos/KM.build/Objects-normal/arm64/KM-OutputFileMap.json -use-frontend-parseable-output -save-temps -no-color-diagnostics -explicit-module-build -module-cache-path /Users/constantine/Library/Developer/Xcode/DerivedData/KM-dumqlooxnczgiebhdhmwylfdzlpq/Build/Intermediates.noindex/SwiftExplicitPrecompiledModules -clang-scanner-module-cache-path /Users/constantine/Library/Developer/Xcode/DerivedData/ModuleCache.noindex -sdk-module-cache-path /Users/constantine/Library/Developer/Xcode/DerivedData/ModuleCache.noindex -serialize-diagnostics -emit-dependencies -emit-module -emit-module-path /Users/constantine/Library/Developer/Xcode/DerivedData/KM-dumqlooxnczgiebhdhmwylfdzlpq/Build/Intermediates.noindex/KM.build/Debug-iphoneos/KM.build/Objects-normal/arm64/KM.swiftmodule -validate-clang-modules-once -clang-build-session-file /Users/constantine/Library/Developer/Xcode/DerivedData/ModuleCache.noindex/Session.modulevalidation -Xcc -I/Users/constantine/Library/Developer/Xcode/DerivedData/KM-dumqlooxnczgiebhdhmwylfdzlpq/Build/Intermediates.noindex/KM.build/Debug-iphoneos/KM.build/swift-overrides.hmap -emit-const-values -Xfrontend -const-gather-protocols-file -Xfrontend /Users/constantine/Library/Developer/Xcode/DerivedData/KM-dumqlooxnczgiebhdhmwylfdzlpq/Build/Intermediates.noindex/KM.build/Debug-iphoneos/KM.build/Objects-normal/arm64/KM_const_extract_protocols.json -Xcc -iquote -Xcc /Users/constantine/Library/Developer/Xcode/DerivedData/KM-dumqlooxnczgiebhdhmwylfdzlpq/Build/Intermediates.noindex/KM.build/Debug-iphoneos/KM.build/KM-generated-files.hmap -Xcc -I/Users/constantine/Library/Developer/Xcode/DerivedData/KM-dumqlooxnczgiebhdhmwylfdzlpq/Build/Intermediates.noindex/KM.build/Debug-iphoneos/KM.build/KM-own-target-headers.hmap -Xcc -I/Users/constantine/Library/Developer/Xcode/DerivedData/KM-dumqlooxnczgiebhdhmwylfdzlpq/Build/Intermediates.noindex/KM.build/Debug-iphoneos/KM.build/KM-all-non-framework-target-headers.hmap -Xcc -ivfsoverlay -Xcc /Users/constantine/Library/Developer/Xcode/DerivedData/KM-dumqlooxnczgiebhdhmwylfdzlpq/Build/Intermediates.noindex/KM.build/Debug-iphoneos/KM-05e6cc8c0e79676be58e6679ba008eb7-VFS-iphoneos/all-product-headers.yaml -Xcc -iquote -Xcc /Users/constantine/Library/Developer/Xcode/DerivedData/KM-dumqlooxnczgiebhdhmwylfdzlpq/Build/Intermediates.noindex/KM.build/Debug-iphoneos/KM.build/KM-project-headers.hmap -Xcc -I/Users/constantine/Library/Developer/Xcode/DerivedData/KM-dumqlooxnczgiebhdhmwylfdzlpq/Build/Products/Debug-iphoneos/include -Xcc -I/Users/constantine/Library/Developer/Xcode/DerivedData/KM-dumqlooxnczgiebhdhmwylfdzlpq/Build/Intermediates.noindex/KM.build/Debug-iphoneos/KM.build/DerivedSources-normal/arm64 -Xcc -I/Users/constantine/Library/Developer/Xcode/DerivedData/KM-dumqlooxnczgiebhdhmwylfdzlpq/Build/Intermediates.noindex/KM.build/Debug-iphoneos/KM.build/DerivedSources/arm64 -Xcc -I/Users/constantine/Library/Developer/Xcode/DerivedData/KM-dumqlooxnczgiebhdhmwylfdzlpq/Build/Intermediates.noindex/KM.build/Debug-iphoneos/KM.build/DerivedSources -Xcc -DDEBUG\=1 -emit-objc-header -emit-objc-header-path /Users/constantine/Library/Developer/Xcode/DerivedData/KM-dumqlooxnczgiebhdhmwylfdzlpq/Build/Intermediates.noindex/KM.build/Debug-iphoneos/KM.build/Objects-normal/arm64/KM-Swift.h -working-directory /Users/constantine/Documents/work/code/projects/km -experimental-emit-module-separately -disable-cmo

Ld /Users/constantine/Library/Developer/Xcode/DerivedData/KM-dumqlooxnczgiebhdhmwylfdzlpq/Build/Products/Debug-iphoneos/KM.app/KM.debug.dylib normal (in target 'KM' from project 'KM')
    cd /Users/constantine/Documents/work/code/projects/km
    /Applications/Xcode.app/Contents/Developer/Toolchains/XcodeDefault.xctoolchain/usr/bin/clang -Xlinker -reproducible -target arm64-apple-ios17.0 -dynamiclib -isysroot /Applications/Xcode.app/Contents/Developer/Platforms/iPhoneOS.platform/Developer/SDKs/iPhoneOS26.4.sdk -O0 -L/Users/constantine/Library/Developer/Xcode/DerivedData/KM-dumqlooxnczgiebhdhmwylfdzlpq/Build/Intermediates.noindex/EagerLinkingTBDs/Debug-iphoneos -L/Users/constantine/Library/Developer/Xcode/DerivedData/KM-dumqlooxnczgiebhdhmwylfdzlpq/Build/Products/Debug-iphoneos -F/Users/constantine/Library/Developer/Xcode/DerivedData/KM-dumqlooxnczgiebhdhmwylfdzlpq/Build/Intermediates.noindex/EagerLinkingTBDs/Debug-iphoneos -F/Users/constantine/Library/Developer/Xcode/DerivedData/KM-dumqlooxnczgiebhdhmwylfdzlpq/Build/Products/Debug-iphoneos/PackageFrameworks -F/Users/constantine/Library/Developer/Xcode/DerivedData/KM-dumqlooxnczgiebhdhmwylfdzlpq/Build/Products/Debug-iphoneos -filelist /Users/constantine/Library/Developer/Xcode/DerivedData/KM-dumqlooxnczgiebhdhmwylfdzlpq/Build/Intermediates.noindex/KM.build/Debug-iphoneos/KM.build/Objects-normal/arm64/KM.LinkFileList -install_name @rpath/KM.debug.dylib -Xlinker -rpath -Xlinker /usr/lib/swift -Xlinker -rpath -Xlinker /Users/constantine/Library/Developer/Xcode/DerivedData/KM-dumqlooxnczgiebhdhmwylfdzlpq/Build/Products/Debug-iphoneos/PackageFrameworks -Xlinker -rpath -Xlinker @executable_path/Frameworks -Xlinker -dead_strip -Xlinker -object_path_lto -Xlinker /Users/constantine/Library/Developer/Xcode/DerivedData/KM-dumqlooxnczgiebhdhmwylfdzlpq/Build/Intermediates.noindex/KM.build/Debug-iphoneos/KM.build/Objects-normal/arm64/KM_lto.o -rdynamic -Xlinker -no_deduplicate -Xlinker -dependency_info -Xlinker /Users/constantine/Library/Developer/Xcode/DerivedData/KM-dumqlooxnczgiebhdhmwylfdzlpq/Build/Intermediates.noindex/KM.build/Debug-iphoneos/KM.build/Objects-normal/arm64/KM_dependency_info.dat -fobjc-link-runtime -L/Applications/Xcode.app/Contents/Developer/Toolchains/XcodeDefault.xctoolchain/usr/lib/swift/iphoneos -L/usr/lib/swift -Xlinker -add_ast_path -Xlinker /Users/constantine/Library/Developer/Xcode/DerivedData/KM-dumqlooxnczgiebhdhmwylfdzlpq/Build/Intermediates.noindex/KM.build/Debug-iphoneos/KM.build/Objects-normal/arm64/KM.swiftmodule @/Users/constantine/Library/Developer/Xcode/DerivedData/KM-dumqlooxnczgiebhdhmwylfdzlpq/Build/Intermediates.noindex/KM.build/Debug-iphoneos/KM.build/Objects-normal/arm64/KM-linker-args.resp -Wl,-no_warn_duplicate_libraries -Xlinker -alias -Xlinker _main -Xlinker ___debug_main_executable_dylib_entry_point -o /Users/constantine/Library/Developer/Xcode/DerivedData/KM-dumqlooxnczgiebhdhmwylfdzlpq/Build/Products/Debug-iphoneos/KM.app/KM.debug.dylib -Xlinker -add_ast_path -Xlinker /Users/constantine/Library/Developer/Xcode/DerivedData/KM-dumqlooxnczgiebhdhmwylfdzlpq/Build/Intermediates.noindex/GRDB.build/Debug-iphoneos/GRDB.build/Objects-normal/arm64/GRDB.swiftmodule @/Users/constantine/Library/Developer/Xcode/DerivedData/KM-dumqlooxnczgiebhdhmwylfdzlpq/Build/Intermediates.noindex/GRDB.build/Debug-iphoneos/GRDB.build/Objects-normal/arm64/GRDB-linker-args.resp

ConstructStubExecutorLinkFileList /Users/constantine/Library/Developer/Xcode/DerivedData/KM-dumqlooxnczgiebhdhmwylfdzlpq/Build/Intermediates.noindex/KM.build/Debug-iphoneos/KM.build/KM-ExecutorLinkFileList-normal-arm64.txt (in target 'KM' from project 'KM')
    cd /Users/constantine/Documents/work/code/projects/km
    construct-stub-executor-link-file-list /Users/constantine/Library/Developer/Xcode/DerivedData/KM-dumqlooxnczgiebhdhmwylfdzlpq/Build/Products/Debug-iphoneos/KM.app/KM.debug.dylib /Applications/Xcode.app/Contents/Developer/Platforms/iPhoneOS.platform/Developer/usr/lib/libPreviewsJITStubExecutor_no_swift_entry_point.a /Applications/Xcode.app/Contents/Developer/Platforms/iPhoneOS.platform/Developer/usr/lib/libPreviewsJITStubExecutor.a --output /Users/constantine/Library/Developer/Xcode/DerivedData/KM-dumqlooxnczgiebhdhmwylfdzlpq/Build/Intermediates.noindex/KM.build/Debug-iphoneos/KM.build/KM-ExecutorLinkFileList-normal-arm64.txt
note: Using stub executor library with Swift entry point. (in target 'KM' from project 'KM')

Ld /Users/constantine/Library/Developer/Xcode/DerivedData/KM-dumqlooxnczgiebhdhmwylfdzlpq/Build/Products/Debug-iphoneos/KM.app/KM normal (in target 'KM' from project 'KM')
    cd /Users/constantine/Documents/work/code/projects/km
    /Applications/Xcode.app/Contents/Developer/Toolchains/XcodeDefault.xctoolchain/usr/bin/clang -Xlinker -reproducible -target arm64-apple-ios17.0 -isysroot /Applications/Xcode.app/Contents/Developer/Platforms/iPhoneOS.platform/Developer/SDKs/iPhoneOS26.4.sdk -O0 -L/Users/constantine/Library/Developer/Xcode/DerivedData/KM-dumqlooxnczgiebhdhmwylfdzlpq/Build/Products/Debug-iphoneos -F/Users/constantine/Library/Developer/Xcode/DerivedData/KM-dumqlooxnczgiebhdhmwylfdzlpq/Build/Products/Debug-iphoneos/PackageFrameworks -F/Users/constantine/Library/Developer/Xcode/DerivedData/KM-dumqlooxnczgiebhdhmwylfdzlpq/Build/Products/Debug-iphoneos -Xlinker -rpath -Xlinker @executable_path -Xlinker -rpath -Xlinker /Users/constantine/Library/Developer/Xcode/DerivedData/KM-dumqlooxnczgiebhdhmwylfdzlpq/Build/Products/Debug-iphoneos/PackageFrameworks -Xlinker -rpath -Xlinker @executable_path/Frameworks -rdynamic -Xlinker -no_deduplicate -e ___debug_blank_executor_main -Xlinker -sectcreate -Xlinker __TEXT -Xlinker __debug_dylib -Xlinker /Users/constantine/Library/Developer/Xcode/DerivedData/KM-dumqlooxnczgiebhdhmwylfdzlpq/Build/Intermediates.noindex/KM.build/Debug-iphoneos/KM.build/KM-DebugDylibPath-normal-arm64.txt -Xlinker -sectcreate -Xlinker __TEXT -Xlinker __debug_instlnm -Xlinker /Users/constantine/Library/Developer/Xcode/DerivedData/KM-dumqlooxnczgiebhdhmwylfdzlpq/Build/Intermediates.noindex/KM.build/Debug-iphoneos/KM.build/KM-DebugDylibInstallName-normal-arm64.txt -Xlinker -filelist -Xlinker /Users/constantine/Library/Developer/Xcode/DerivedData/KM-dumqlooxnczgiebhdhmwylfdzlpq/Build/Intermediates.noindex/KM.build/Debug-iphoneos/KM.build/KM-ExecutorLinkFileList-normal-arm64.txt /Users/constantine/Library/Developer/Xcode/DerivedData/KM-dumqlooxnczgiebhdhmwylfdzlpq/Build/Products/Debug-iphoneos/KM.app/KM.debug.dylib -o /Users/constantine/Library/Developer/Xcode/DerivedData/KM-dumqlooxnczgiebhdhmwylfdzlpq/Build/Products/Debug-iphoneos/KM.app/KM

CopySwiftLibs /Users/constantine/Library/Developer/Xcode/DerivedData/KM-dumqlooxnczgiebhdhmwylfdzlpq/Build/Products/Debug-iphoneos/KM.app (in target 'KM' from project 'KM')
    cd /Users/constantine/Documents/work/code/projects/km
    builtin-swiftStdLibTool --copy --verbose --scan-executable /Users/constantine/Library/Developer/Xcode/DerivedData/KM-dumqlooxnczgiebhdhmwylfdzlpq/Build/Products/Debug-iphoneos/KM.app/KM.debug.dylib --scan-folder /Users/constantine/Library/Developer/Xcode/DerivedData/KM-dumqlooxnczgiebhdhmwylfdzlpq/Build/Products/Debug-iphoneos/KM.app/Frameworks --scan-folder /Users/constantine/Library/Developer/Xcode/DerivedData/KM-dumqlooxnczgiebhdhmwylfdzlpq/Build/Products/Debug-iphoneos/KM.app/PlugIns --scan-folder /Users/constantine/Library/Developer/Xcode/DerivedData/KM-dumqlooxnczgiebhdhmwylfdzlpq/Build/Products/Debug-iphoneos/KM.app/SystemExtensions --scan-folder /Users/constantine/Library/Developer/Xcode/DerivedData/KM-dumqlooxnczgiebhdhmwylfdzlpq/Build/Products/Debug-iphoneos/KM.app/Extensions --platform iphoneos --toolchain /Applications/Xcode.app/Contents/Developer/Toolchains/XcodeDefault.xctoolchain --destination /Users/constantine/Library/Developer/Xcode/DerivedData/KM-dumqlooxnczgiebhdhmwylfdzlpq/Build/Products/Debug-iphoneos/KM.app/Frameworks --strip-bitcode --strip-bitcode-tool /Applications/Xcode.app/Contents/Developer/Toolchains/XcodeDefault.xctoolchain/usr/bin/bitcode_strip --emit-dependency-info /Users/constantine/Library/Developer/Xcode/DerivedData/KM-dumqlooxnczgiebhdhmwylfdzlpq/Build/Intermediates.noindex/KM.build/Debug-iphoneos/KM.build/SwiftStdLibToolInputDependencies.dep --filter-for-swift-os --back-deploy-swift-span
Ignoring --strip-bitcode because --sign was not passed

ExtractAppIntentsMetadata (in target 'KM' from project 'KM')
    cd /Users/constantine/Documents/work/code/projects/km
    /Applications/Xcode.app/Contents/Developer/Toolchains/XcodeDefault.xctoolchain/usr/bin/appintentsmetadataprocessor --toolchain-dir /Applications/Xcode.app/Contents/Developer/Toolchains/XcodeDefault.xctoolchain --module-name KM --sdk-root /Applications/Xcode.app/Contents/Developer/Platforms/iPhoneOS.platform/Developer/SDKs/iPhoneOS26.4.sdk --xcode-version 17E202 --platform-family iOS --deployment-target 17.0 --bundle-identifier com.km.app --output /Users/constantine/Library/Developer/Xcode/DerivedData/KM-dumqlooxnczgiebhdhmwylfdzlpq/Build/Products/Debug-iphoneos/KM.app --target-triple arm64-apple-ios17.0 --binary-file /Users/constantine/Library/Developer/Xcode/DerivedData/KM-dumqlooxnczgiebhdhmwylfdzlpq/Build/Products/Debug-iphoneos/KM.app/KM --dependency-file /Users/constantine/Library/Developer/Xcode/DerivedData/KM-dumqlooxnczgiebhdhmwylfdzlpq/Build/Intermediates.noindex/KM.build/Debug-iphoneos/KM.build/Objects-normal/arm64/KM_dependency_info.dat --stringsdata-file /Users/constantine/Library/Developer/Xcode/DerivedData/KM-dumqlooxnczgiebhdhmwylfdzlpq/Build/Intermediates.noindex/KM.build/Debug-iphoneos/KM.build/Objects-normal/arm64/ExtractedAppShortcutsMetadata.stringsdata --source-file-list /Users/constantine/Library/Developer/Xcode/DerivedData/KM-dumqlooxnczgiebhdhmwylfdzlpq/Build/Intermediates.noindex/KM.build/Debug-iphoneos/KM.build/Objects-normal/arm64/KM.SwiftFileList --metadata-file-list /Users/constantine/Library/Developer/Xcode/DerivedData/KM-dumqlooxnczgiebhdhmwylfdzlpq/Build/Intermediates.noindex/KM.build/Debug-iphoneos/KM.build/KM.DependencyMetadataFileList --static-metadata-file-list /Users/constantine/Library/Developer/Xcode/DerivedData/KM-dumqlooxnczgiebhdhmwylfdzlpq/Build/Intermediates.noindex/KM.build/Debug-iphoneos/KM.build/KM.DependencyStaticMetadataFileList --swift-const-vals-list /Users/constantine/Library/Developer/Xcode/DerivedData/KM-dumqlooxnczgiebhdhmwylfdzlpq/Build/Intermediates.noindex/KM.build/Debug-iphoneos/KM.build/Objects-normal/arm64/KM.SwiftConstValuesFileList --compile-time-extraction --deployment-aware-processing --validate-assistant-intents --no-app-shortcuts-localization
2026-05-05 11:54:14.967 appintentsmetadataprocessor[45182:365818] Starting appintentsmetadataprocessor export
2026-05-05 11:54:14.976 appintentsmetadataprocessor[45182:365818] Writing Metadata.appintents
2026-05-05 11:54:14.976 appintentsmetadataprocessor[45182:365818] Metadata root: /Users/constantine/Library/Developer/Xcode/DerivedData/KM-dumqlooxnczgiebhdhmwylfdzlpq/Build/Products/Debug-iphoneos/KM.app/Metadata.appintents

AppIntentsSSUTraining (in target 'KM' from project 'KM')
    cd /Users/constantine/Documents/work/code/projects/km
    /Applications/Xcode.app/Contents/Developer/Toolchains/XcodeDefault.xctoolchain/usr/bin/appintentsnltrainingprocessor --infoplist-path /Users/constantine/Library/Developer/Xcode/DerivedData/KM-dumqlooxnczgiebhdhmwylfdzlpq/Build/Products/Debug-iphoneos/KM.app/Info.plist --temp-dir-path /Users/constantine/Library/Developer/Xcode/DerivedData/KM-dumqlooxnczgiebhdhmwylfdzlpq/Build/Intermediates.noindex/KM.build/Debug-iphoneos/KM.build/ssu --bundle-id com.km.app --product-path /Users/constantine/Library/Developer/Xcode/DerivedData/KM-dumqlooxnczgiebhdhmwylfdzlpq/Build/Products/Debug-iphoneos/KM.app --extracted-metadata-path /Users/constantine/Library/Developer/Xcode/DerivedData/KM-dumqlooxnczgiebhdhmwylfdzlpq/Build/Products/Debug-iphoneos/KM.app/Metadata.appintents --metadata-file-list /Users/constantine/Library/Developer/Xcode/DerivedData/KM-dumqlooxnczgiebhdhmwylfdzlpq/Build/Intermediates.noindex/KM.build/Debug-iphoneos/KM.build/KM.DependencyMetadataFileList --source-file /Users/constantine/Library/Developer/Xcode/DerivedData/KM-dumqlooxnczgiebhdhmwylfdzlpq/Build/Products/Debug-iphoneos/KM.app/Info.plist --archive-ssu-assets
2026-05-05 11:54:14.988 appintentsnltrainingprocessor[45183:365821] Parsing options for appintentsnltrainingprocessor
2026-05-05 11:54:14.988 appintentsnltrainingprocessor[45183:365821] Starting AppIntents SSU YAML Generation
2026-05-05 11:54:14.993 appintentsnltrainingprocessor[45183:365821] Training '用 ${+applicationName} 记录|在 ${+applicationName} 中记下' for en
2026-05-05 11:54:14.993 appintentsnltrainingprocessor[45183:365821] Training '用 ${+applicationName} 记录|在 ${+applicationName} 中记下' for zh-Hans
2026-05-05 11:54:14.993 appintentsnltrainingprocessor[45183:365821] Training '用 ${+applicationName} 记录|在 ${+applicationName} 中记下' for Base
2026-05-05 11:54:14.993 appintentsnltrainingprocessor[45183:365821] Training '在 ${+applicationName} 中搜索|${+applicationName} 搜索' for en
2026-05-05 11:54:14.993 appintentsnltrainingprocessor[45183:365821] Training '在 ${+applicationName} 中搜索|${+applicationName} 搜索' for zh-Hans
2026-05-05 11:54:14.993 appintentsnltrainingprocessor[45183:365821] Training '在 ${+applicationName} 中搜索|${+applicationName} 搜索' for Base
2026-05-05 11:54:14.993 appintentsnltrainingprocessor[45183:365821] Training '${+applicationName} 统计|${+applicationName} 概览' for en
2026-05-05 11:54:14.993 appintentsnltrainingprocessor[45183:365821] Training '${+applicationName} 统计|${+applicationName} 概览' for zh-Hans
2026-05-05 11:54:14.993 appintentsnltrainingprocessor[45183:365821] Training '${+applicationName} 统计|${+applicationName} 概览' for Base
2026-05-05 11:54:14.993 appintentsnltrainingprocessor[45183:365821] Training Negative Phrases '' for en
2026-05-05 11:54:14.993 appintentsnltrainingprocessor[45183:365821] Training Negative Phrases '' for zh-Hans
2026-05-05 11:54:14.993 appintentsnltrainingprocessor[45183:365821] Training Negative Phrases '' for Base
2026-05-05 11:54:14.994 appintentsnltrainingprocessor[45183:365821] Application name 'ZhiYuan' for en
2026-05-05 11:54:14.994 appintentsnltrainingprocessor[45183:365821] Application name '智元' for zh-Hans
2026-05-05 11:54:14.994 appintentsnltrainingprocessor[45183:365821] Application name 'ZhiYuan' for Base
2026-05-05 11:54:14.998 appintentsnltrainingprocessor[45183:365821] Generated AppIntents SSU YAML files in file:///Users/constantine/Library/Developer/Xcode/DerivedData/KM-dumqlooxnczgiebhdhmwylfdzlpq/Build/Intermediates.noindex/KM.build/Debug-iphoneos/KM.build/ssu/
2026-05-05 11:54:14.998 appintentsnltrainingprocessor[45183:365821] Copied AppIntents SSU YAML files to file:///Users/constantine/Library/Developer/Xcode/DerivedData/KM-dumqlooxnczgiebhdhmwylfdzlpq/Build/Products/Debug-iphoneos/KM.app/Metadata.appintents/
Archiving all locales.
[------------------------------------------------------------] 0% archiving Base[🁢🁢🁢🁢🁢🁢🁢🁢🁢🁢🁢🁢🁢🁢🁢🁢🁢🁢🁢🁢----------------------------------------] 33% archived Base[🁢🁢🁢🁢🁢🁢🁢🁢🁢🁢🁢🁢🁢🁢🁢🁢🁢🁢🁢🁢----------------------------------------] 33% archiving en[🁢🁢🁢🁢🁢🁢🁢🁢🁢🁢🁢🁢🁢🁢🁢🁢🁢🁢🁢🁢🁢🁢🁢🁢🁢🁢🁢🁢🁢🁢🁢🁢🁢🁢🁢🁢🁢🁢🁢🁢--------------------] 66% archived en[🁢🁢🁢🁢🁢🁢🁢🁢🁢🁢🁢🁢🁢🁢🁢🁢🁢🁢🁢🁢🁢🁢🁢🁢🁢🁢🁢🁢🁢🁢🁢🁢🁢🁢🁢🁢🁢🁢🁢🁢--------------------] 66% archiving zh-Hans[🁢🁢🁢🁢🁢🁢🁢🁢🁢🁢🁢🁢🁢🁢🁢🁢🁢🁢🁢🁢🁢🁢🁢🁢🁢🁢🁢🁢🁢🁢🁢🁢🁢🁢🁢🁢🁢🁢🁢🁢🁢🁢🁢🁢🁢🁢🁢🁢🁢🁢🁢🁢🁢🁢🁢🁢🁢🁢🁢🁢] 100% archived zh-Hans[🁢🁢🁢🁢🁢🁢🁢🁢🁢🁢🁢🁢🁢🁢🁢🁢🁢🁢🁢🁢🁢🁢🁢🁢🁢🁢🁢🁢🁢🁢🁢🁢🁢🁢🁢🁢🁢🁢🁢🁢🁢🁢🁢🁢🁢🁢🁢🁢🁢🁢🁢🁢🁢🁢🁢🁢🁢🁢🁢🁢] 100% archived 3 locales/Users/constantine/Library/Developer/Xcode/DerivedData/KM-dumqlooxnczgiebhdhmwylfdzlpq/Build/Products/Debug-iphoneos/KM.app/Base.lproj/nlu.appintents
/Users/constantine/Library/Developer/Xcode/DerivedData/KM-dumqlooxnczgiebhdhmwylfdzlpq/Build/Products/Debug-iphoneos/KM.app/Base.lproj/nlu.appintents/7baa6c29c68a5381b5d3e2467c113615.version
/Users/constantine/Library/Developer/Xcode/DerivedData/KM-dumqlooxnczgiebhdhmwylfdzlpq/Build/Products/Debug-iphoneos/KM.app/en.lproj/nlu.appintents
/Users/constantine/Library/Developer/Xcode/DerivedData/KM-dumqlooxnczgiebhdhmwylfdzlpq/Build/Products/Debug-iphoneos/KM.app/en.lproj/nlu.appintents/7c3d5d6e58a6826ebbbee6f347aae35e.version
/Users/constantine/Library/Developer/Xcode/DerivedData/KM-dumqlooxnczgiebhdhmwylfdzlpq/Build/Products/Debug-iphoneos/KM.app/zh-Hans.lproj/nlu.appintents
/Users/constantine/Library/Developer/Xcode/DerivedData/KM-dumqlooxnczgiebhdhmwylfdzlpq/Build/Products/Debug-iphoneos/KM.app/zh-Hans.lproj/nlu.appintents/37b46554fa7529f20d6d90366dccd782.version


RegisterExecutionPolicyException /Users/constantine/Library/Developer/Xcode/DerivedData/KM-dumqlooxnczgiebhdhmwylfdzlpq/Build/Products/Debug-iphoneos/KM.app (in target 'KM' from project 'KM')
    cd /Users/constantine/Documents/work/code/projects/km
    builtin-RegisterExecutionPolicyException /Users/constantine/Library/Developer/Xcode/DerivedData/KM-dumqlooxnczgiebhdhmwylfdzlpq/Build/Products/Debug-iphoneos/KM.app

Validate /Users/constantine/Library/Developer/Xcode/DerivedData/KM-dumqlooxnczgiebhdhmwylfdzlpq/Build/Products/Debug-iphoneos/KM.app (in target 'KM' from project 'KM')
    cd /Users/constantine/Documents/work/code/projects/km
    builtin-validationUtility /Users/constantine/Library/Developer/Xcode/DerivedData/KM-dumqlooxnczgiebhdhmwylfdzlpq/Build/Products/Debug-iphoneos/KM.app -shallow-bundle -infoplist-subpath Info.plist

Touch /Users/constantine/Library/Developer/Xcode/DerivedData/KM-dumqlooxnczgiebhdhmwylfdzlpq/Build/Products/Debug-iphoneos/KM.app (in target 'KM' from project 'KM')
    cd /Users/constantine/Documents/work/code/projects/km
    /usr/bin/touch -c /Users/constantine/Library/Developer/Xcode/DerivedData/KM-dumqlooxnczgiebhdhmwylfdzlpq/Build/Products/Debug-iphoneos/KM.app

** BUILD SUCCEEDED **

